Archive member included to satisfy reference by file (symbol)

c:/st/stm32cubeide_1.8.0/stm32cubeide/plugins/com.st.stm32cube.ide.mcu.externaltools.gnu-tools-for-stm32.9-2020-q2-update.win32_2.0.0.202105311346/tools/bin/../lib/gcc/arm-none-eabi/9.3.1/../../../../arm-none-eabi/lib/thumb/v7e-m+fp/hard\libc_nano.a(lib_a-errno.o)
                              ./Core/Src/syscalls.o (__errno)
c:/st/stm32cubeide_1.8.0/stm32cubeide/plugins/com.st.stm32cube.ide.mcu.externaltools.gnu-tools-for-stm32.9-2020-q2-update.win32_2.0.0.202105311346/tools/bin/../lib/gcc/arm-none-eabi/9.3.1/../../../../arm-none-eabi/lib/thumb/v7e-m+fp/hard\libc_nano.a(lib_a-exit.o)
                              c:/st/stm32cubeide_1.8.0/stm32cubeide/plugins/com.st.stm32cube.ide.mcu.externaltools.gnu-tools-for-stm32.9-2020-q2-update.win32_2.0.0.202105311346/tools/bin/../lib/gcc/arm-none-eabi/9.3.1/../../../../arm-none-eabi/lib/thumb/v7e-m+fp/hard/crt0.o (exit)
c:/st/stm32cubeide_1.8.0/stm32cubeide/plugins/com.st.stm32cube.ide.mcu.externaltools.gnu-tools-for-stm32.9-2020-q2-update.win32_2.0.0.202105311346/tools/bin/../lib/gcc/arm-none-eabi/9.3.1/../../../../arm-none-eabi/lib/thumb/v7e-m+fp/hard\libc_nano.a(lib_a-impure.o)
                              c:/st/stm32cubeide_1.8.0/stm32cubeide/plugins/com.st.stm32cube.ide.mcu.externaltools.gnu-tools-for-stm32.9-2020-q2-update.win32_2.0.0.202105311346/tools/bin/../lib/gcc/arm-none-eabi/9.3.1/../../../../arm-none-eabi/lib/thumb/v7e-m+fp/hard\libc_nano.a(lib_a-exit.o) (_global_impure_ptr)
c:/st/stm32cubeide_1.8.0/stm32cubeide/plugins/com.st.stm32cube.ide.mcu.externaltools.gnu-tools-for-stm32.9-2020-q2-update.win32_2.0.0.202105311346/tools/bin/../lib/gcc/arm-none-eabi/9.3.1/../../../../arm-none-eabi/lib/thumb/v7e-m+fp/hard\libc_nano.a(lib_a-init.o)
                              c:/st/stm32cubeide_1.8.0/stm32cubeide/plugins/com.st.stm32cube.ide.mcu.externaltools.gnu-tools-for-stm32.9-2020-q2-update.win32_2.0.0.202105311346/tools/bin/../lib/gcc/arm-none-eabi/9.3.1/../../../../arm-none-eabi/lib/thumb/v7e-m+fp/hard/crt0.o (__libc_init_array)
c:/st/stm32cubeide_1.8.0/stm32cubeide/plugins/com.st.stm32cube.ide.mcu.externaltools.gnu-tools-for-stm32.9-2020-q2-update.win32_2.0.0.202105311346/tools/bin/../lib/gcc/arm-none-eabi/9.3.1/../../../../arm-none-eabi/lib/thumb/v7e-m+fp/hard\libc_nano.a(lib_a-memcpy-stub.o)
                              ./FreeRTOS/queue.o (memcpy)
c:/st/stm32cubeide_1.8.0/stm32cubeide/plugins/com.st.stm32cube.ide.mcu.externaltools.gnu-tools-for-stm32.9-2020-q2-update.win32_2.0.0.202105311346/tools/bin/../lib/gcc/arm-none-eabi/9.3.1/../../../../arm-none-eabi/lib/thumb/v7e-m+fp/hard\libc_nano.a(lib_a-memset.o)
                              c:/st/stm32cubeide_1.8.0/stm32cubeide/plugins/com.st.stm32cube.ide.mcu.externaltools.gnu-tools-for-stm32.9-2020-q2-update.win32_2.0.0.202105311346/tools/bin/../lib/gcc/arm-none-eabi/9.3.1/../../../../arm-none-eabi/lib/thumb/v7e-m+fp/hard/crt0.o (memset)
c:/st/stm32cubeide_1.8.0/stm32cubeide/plugins/com.st.stm32cube.ide.mcu.externaltools.gnu-tools-for-stm32.9-2020-q2-update.win32_2.0.0.202105311346/tools/bin/../lib/gcc/arm-none-eabi/9.3.1/thumb/v7e-m+fp/hard\libgcc.a(_aeabi_uldivmod.o)
                              ./Drivers/STM32F4xx_HAL_Driver/Src/stm32f4xx_hal_rcc.o (__aeabi_uldivmod)
c:/st/stm32cubeide_1.8.0/stm32cubeide/plugins/com.st.stm32cube.ide.mcu.externaltools.gnu-tools-for-stm32.9-2020-q2-update.win32_2.0.0.202105311346/tools/bin/../lib/gcc/arm-none-eabi/9.3.1/thumb/v7e-m+fp/hard\libgcc.a(_udivmoddi4.o)
                              c:/st/stm32cubeide_1.8.0/stm32cubeide/plugins/com.st.stm32cube.ide.mcu.externaltools.gnu-tools-for-stm32.9-2020-q2-update.win32_2.0.0.202105311346/tools/bin/../lib/gcc/arm-none-eabi/9.3.1/thumb/v7e-m+fp/hard\libgcc.a(_aeabi_uldivmod.o) (__udivmoddi4)
c:/st/stm32cubeide_1.8.0/stm32cubeide/plugins/com.st.stm32cube.ide.mcu.externaltools.gnu-tools-for-stm32.9-2020-q2-update.win32_2.0.0.202105311346/tools/bin/../lib/gcc/arm-none-eabi/9.3.1/thumb/v7e-m+fp/hard\libgcc.a(_dvmd_tls.o)
                              c:/st/stm32cubeide_1.8.0/stm32cubeide/plugins/com.st.stm32cube.ide.mcu.externaltools.gnu-tools-for-stm32.9-2020-q2-update.win32_2.0.0.202105311346/tools/bin/../lib/gcc/arm-none-eabi/9.3.1/thumb/v7e-m+fp/hard\libgcc.a(_aeabi_uldivmod.o) (__aeabi_ldiv0)

Allocating common symbols
Common symbol       size              file

xSemaphore          0x4               ./Core/Src/main.o
uwTick              0x4               ./Drivers/STM32F4xx_HAL_Driver/Src/stm32f4xx_hal.o
xQueueRegistry      0x40              ./FreeRTOS/queue.o
pFlash              0x20              ./Drivers/STM32F4xx_HAL_Driver/Src/stm32f4xx_hal_flash.o
data                0x1               ./Core/Src/main.o
hspi1               0x58              ./Core/Src/main.o
htim7               0x48              ./Core/Src/stm32f4xx_hal_timebase_tim.o

Discarded input sections

[...]
Memory Configuration

Name             Origin             Length             Attributes
CCMRAM           0x0000000010000000 0x0000000000010000 xrw
RAM              0x0000000020000000 0x0000000000020000 xrw
FLASH            0x0000000008000000 0x0000000000100000 xr
*default*        0x0000000000000000 0xffffffffffffffff

Linker script and memory map

LOAD c:/st/stm32cubeide_1.8.0/stm32cubeide/plugins/com.st.stm32cube.ide.mcu.externaltools.gnu-tools-for-stm32.9-2020-q2-update.win32_2.0.0.202105311346/tools/bin/../lib/gcc/arm-none-eabi/9.3.1/thumb/v7e-m+fp/hard/crti.o
LOAD c:/st/stm32cubeide_1.8.0/stm32cubeide/plugins/com.st.stm32cube.ide.mcu.externaltools.gnu-tools-for-stm32.9-2020-q2-update.win32_2.0.0.202105311346/tools/bin/../lib/gcc/arm-none-eabi/9.3.1/thumb/v7e-m+fp/hard/crtbegin.o
LOAD c:/st/stm32cubeide_1.8.0/stm32cubeide/plugins/com.st.stm32cube.ide.mcu.externaltools.gnu-tools-for-stm32.9-2020-q2-update.win32_2.0.0.202105311346/tools/bin/../lib/gcc/arm-none-eabi/9.3.1/../../../../arm-none-eabi/lib/thumb/v7e-m+fp/hard/crt0.o
LOAD ./Core/Src/main.o
LOAD ./Core/Src/stm32f4xx_hal_msp.o
LOAD ./Core/Src/stm32f4xx_hal_timebase_tim.o
LOAD ./Core/Src/stm32f4xx_it.o
LOAD ./Core/Src/syscalls.o
LOAD ./Core/Src/sysmem.o
LOAD ./Core/Src/system_stm32f4xx.o
LOAD ./Core/Startup/startup_stm32f407vgtx.o
LOAD ./Drivers/STM32F4xx_HAL_Driver/Src/stm32f4xx_hal.o
LOAD ./Drivers/STM32F4xx_HAL_Driver/Src/stm32f4xx_hal_cortex.o
LOAD ./Drivers/STM32F4xx_HAL_Driver/Src/stm32f4xx_hal_dma.o
LOAD ./Drivers/STM32F4xx_HAL_Driver/Src/stm32f4xx_hal_dma_ex.o
LOAD ./Drivers/STM32F4xx_HAL_Driver/Src/stm32f4xx_hal_exti.o
LOAD ./Drivers/STM32F4xx_HAL_Driver/Src/stm32f4xx_hal_flash.o
LOAD ./Drivers/STM32F4xx_HAL_Driver/Src/stm32f4xx_hal_flash_ex.o
LOAD ./Drivers/STM32F4xx_HAL_Driver/Src/stm32f4xx_hal_flash_ramfunc.o
LOAD ./Drivers/STM32F4xx_HAL_Driver/Src/stm32f4xx_hal_gpio.o
LOAD ./Drivers/STM32F4xx_HAL_Driver/Src/stm32f4xx_hal_pwr.o
LOAD ./Drivers/STM32F4xx_HAL_Driver/Src/stm32f4xx_hal_pwr_ex.o
LOAD ./Drivers/STM32F4xx_HAL_Driver/Src/stm32f4xx_hal_rcc.o
LOAD ./Drivers/STM32F4xx_HAL_Driver/Src/stm32f4xx_hal_rcc_ex.o
LOAD ./Drivers/STM32F4xx_HAL_Driver/Src/stm32f4xx_hal_spi.o
LOAD ./Drivers/STM32F4xx_HAL_Driver/Src/stm32f4xx_hal_tim.o
LOAD ./Drivers/STM32F4xx_HAL_Driver/Src/stm32f4xx_hal_tim_ex.o
LOAD ./FreeRTOS/croutine.o
LOAD ./FreeRTOS/event_groups.o
LOAD ./FreeRTOS/list.o
LOAD ./FreeRTOS/queue.o
LOAD ./FreeRTOS/stream_buffer.o
LOAD ./FreeRTOS/tasks.o
LOAD ./FreeRTOS/timers.o
LOAD ./FreeRTOS/portable/ARM_CM4F/port.o
LOAD ./FreeRTOS/portable/MemMang/heap_4.o
START GROUP
LOAD c:/st/stm32cubeide_1.8.0/stm32cubeide/plugins/com.st.stm32cube.ide.mcu.externaltools.gnu-tools-for-stm32.9-2020-q2-update.win32_2.0.0.202105311346/tools/bin/../lib/gcc/arm-none-eabi/9.3.1/../../../../arm-none-eabi/lib/thumb/v7e-m+fp/hard\libc_nano.a
LOAD c:/st/stm32cubeide_1.8.0/stm32cubeide/plugins/com.st.stm32cube.ide.mcu.externaltools.gnu-tools-for-stm32.9-2020-q2-update.win32_2.0.0.202105311346/tools/bin/../lib/gcc/arm-none-eabi/9.3.1/../../../../arm-none-eabi/lib/thumb/v7e-m+fp/hard\libm.a
END GROUP
START GROUP
LOAD c:/st/stm32cubeide_1.8.0/stm32cubeide/plugins/com.st.stm32cube.ide.mcu.externaltools.gnu-tools-for-stm32.9-2020-q2-update.win32_2.0.0.202105311346/tools/bin/../lib/gcc/arm-none-eabi/9.3.1/thumb/v7e-m+fp/hard\libgcc.a
LOAD c:/st/stm32cubeide_1.8.0/stm32cubeide/plugins/com.st.stm32cube.ide.mcu.externaltools.gnu-tools-for-stm32.9-2020-q2-update.win32_2.0.0.202105311346/tools/bin/../lib/gcc/arm-none-eabi/9.3.1/../../../../arm-none-eabi/lib/thumb/v7e-m+fp/hard\libc_nano.a
END GROUP
START GROUP
LOAD c:/st/stm32cubeide_1.8.0/stm32cubeide/plugins/com.st.stm32cube.ide.mcu.externaltools.gnu-tools-for-stm32.9-2020-q2-update.win32_2.0.0.202105311346/tools/bin/../lib/gcc/arm-none-eabi/9.3.1/thumb/v7e-m+fp/hard\libgcc.a
LOAD c:/st/stm32cubeide_1.8.0/stm32cubeide/plugins/com.st.stm32cube.ide.mcu.externaltools.gnu-tools-for-stm32.9-2020-q2-update.win32_2.0.0.202105311346/tools/bin/../lib/gcc/arm-none-eabi/9.3.1/../../../../arm-none-eabi/lib/thumb/v7e-m+fp/hard\libc_nano.a
LOAD c:/st/stm32cubeide_1.8.0/stm32cubeide/plugins/com.st.stm32cube.ide.mcu.externaltools.gnu-tools-for-stm32.9-2020-q2-update.win32_2.0.0.202105311346/tools/bin/../lib/gcc/arm-none-eabi/9.3.1/../../../../arm-none-eabi/lib/thumb/v7e-m+fp/hard\libnosys.a
END GROUP
START GROUP
LOAD c:/st/stm32cubeide_1.8.0/stm32cubeide/plugins/com.st.stm32cube.ide.mcu.externaltools.gnu-tools-for-stm32.9-2020-q2-update.win32_2.0.0.202105311346/tools/bin/../lib/gcc/arm-none-eabi/9.3.1/thumb/v7e-m+fp/hard\libgcc.a
LOAD c:/st/stm32cubeide_1.8.0/stm32cubeide/plugins/com.st.stm32cube.ide.mcu.externaltools.gnu-tools-for-stm32.9-2020-q2-update.win32_2.0.0.202105311346/tools/bin/../lib/gcc/arm-none-eabi/9.3.1/../../../../arm-none-eabi/lib/thumb/v7e-m+fp/hard\libc_nano.a
LOAD c:/st/stm32cubeide_1.8.0/stm32cubeide/plugins/com.st.stm32cube.ide.mcu.externaltools.gnu-tools-for-stm32.9-2020-q2-update.win32_2.0.0.202105311346/tools/bin/../lib/gcc/arm-none-eabi/9.3.1/../../../../arm-none-eabi/lib/thumb/v7e-m+fp/hard\libnosys.a
END GROUP
LOAD c:/st/stm32cubeide_1.8.0/stm32cubeide/plugins/com.st.stm32cube.ide.mcu.externaltools.gnu-tools-for-stm32.9-2020-q2-update.win32_2.0.0.202105311346/tools/bin/../lib/gcc/arm-none-eabi/9.3.1/thumb/v7e-m+fp/hard/crtend.o
LOAD c:/st/stm32cubeide_1.8.0/stm32cubeide/plugins/com.st.stm32cube.ide.mcu.externaltools.gnu-tools-for-stm32.9-2020-q2-update.win32_2.0.0.202105311346/tools/bin/../lib/gcc/arm-none-eabi/9.3.1/thumb/v7e-m+fp/hard/crtn.o
                0x0000000020020000                _estack = (ORIGIN (RAM) + LENGTH (RAM))
                0x0000000000000200                _Min_Heap_Size = 0x200
                0x0000000000000400                _Min_Stack_Size = 0x400

.isr_vector     0x0000000008000000      0x188
                0x0000000008000000                . = ALIGN (0x4)
 *(.isr_vector)
 .isr_vector    0x0000000008000000      0x188 ./Core/Startup/startup_stm32f407vgtx.o
                0x0000000008000000                g_pfnVectors
                0x0000000008000188                . = ALIGN (0x4)

.text           0x0000000008000190     0x5698
                0x0000000008000190                . = ALIGN (0x4)
 *(.text)
 .text          0x0000000008000190       0x40 c:/st/stm32cubeide_1.8.0/stm32cubeide/plugins/com.st.stm32cube.ide.mcu.externaltools.gnu-tools-for-stm32.9-2020-q2-update.win32_2.0.0.202105311346/tools/bin/../lib/gcc/arm-none-eabi/9.3.1/thumb/v7e-m+fp/hard/crtbegin.o
 .text          0x00000000080001d0       0x30 c:/st/stm32cubeide_1.8.0/stm32cubeide/plugins/com.st.stm32cube.ide.mcu.externaltools.gnu-tools-for-stm32.9-2020-q2-update.win32_2.0.0.202105311346/tools/bin/../lib/gcc/arm-none-eabi/9.3.1/thumb/v7e-m+fp/hard\libgcc.a(_aeabi_uldivmod.o)
                0x00000000080001d0                __aeabi_uldivmod
 .text          0x0000000008000200      0x2c4 c:/st/stm32cubeide_1.8.0/stm32cubeide/plugins/com.st.stm32cube.ide.mcu.externaltools.gnu-tools-for-stm32.9-2020-q2-update.win32_2.0.0.202105311346/tools/bin/../lib/gcc/arm-none-eabi/9.3.1/thumb/v7e-m+fp/hard\libgcc.a(_udivmoddi4.o)
                0x0000000008000200                __udivmoddi4
 .text          0x00000000080004c4        0x4 c:/st/stm32cubeide_1.8.0/stm32cubeide/plugins/com.st.stm32cube.ide.mcu.externaltools.gnu-tools-for-stm32.9-2020-q2-update.win32_2.0.0.202105311346/tools/bin/../lib/gcc/arm-none-eabi/9.3.1/thumb/v7e-m+fp/hard\libgcc.a(_dvmd_tls.o)
                0x00000000080004c4                __aeabi_idiv0
                0x00000000080004c4                __aeabi_ldiv0
 *(.text*)
 .text.MEMS_Write
                0x00000000080004c8       0x4c ./Core/Src/main.o
                0x00000000080004c8                MEMS_Write
 .text.MEMS_Read
                0x0000000008000514       0x54 ./Core/Src/main.o
                0x0000000008000514                MEMS_Read
 .text.Green_LED_Task
                0x0000000008000568       0x34 ./Core/Src/main.o
                0x0000000008000568                Green_LED_Task
 .text.vHandlerTask
                0x000000000800059c       0x60 ./Core/Src/main.o
                0x000000000800059c                vHandlerTask
 .text.HAL_GPIO_EXTI_Callback
                0x00000000080005fc       0x54 ./Core/Src/main.o
                0x00000000080005fc                HAL_GPIO_EXTI_Callback
 .text.main     0x0000000008000650       0xb8 ./Core/Src/main.o
                0x0000000008000650                main
 .text.SystemClock_Config
                0x0000000008000708       0xbc ./Core/Src/main.o
                0x0000000008000708                SystemClock_Config
 .text.MX_SPI1_Init
                0x00000000080007c4       0x6c ./Core/Src/main.o
 .text.MX_GPIO_Init
                0x0000000008000830       0xf8 ./Core/Src/main.o
 .text.HAL_TIM_PeriodElapsedCallback
                0x0000000008000928       0x24 ./Core/Src/main.o
                0x0000000008000928                HAL_TIM_PeriodElapsedCallback
 .text.Error_Handler
                0x000000000800094c        0xa ./Core/Src/main.o
                0x000000000800094c                Error_Handler
 *fill*         0x0000000008000956        0x2 
 .text.HAL_MspInit
                0x0000000008000958       0x50 ./Core/Src/stm32f4xx_hal_msp.o
                0x0000000008000958                HAL_MspInit
 .text.HAL_SPI_MspInit
                0x00000000080009a8       0x90 ./Core/Src/stm32f4xx_hal_msp.o
                0x00000000080009a8                HAL_SPI_MspInit
 .text.HAL_InitTick
                0x0000000008000a38       0xb4 ./Core/Src/stm32f4xx_hal_timebase_tim.o
                0x0000000008000a38                HAL_InitTick
 .text.NMI_Handler
                0x0000000008000aec        0x6 ./Core/Src/stm32f4xx_it.o
                0x0000000008000aec                NMI_Handler
 .text.HardFault_Handler
                0x0000000008000af2        0x6 ./Core/Src/stm32f4xx_it.o
                0x0000000008000af2                HardFault_Handler
 .text.MemManage_Handler
                0x0000000008000af8        0x6 ./Core/Src/stm32f4xx_it.o
                0x0000000008000af8                MemManage_Handler
 .text.BusFault_Handler
                0x0000000008000afe        0x6 ./Core/Src/stm32f4xx_it.o
                0x0000000008000afe                BusFault_Handler
 .text.UsageFault_Handler
                0x0000000008000b04        0x6 ./Core/Src/stm32f4xx_it.o
                0x0000000008000b04                UsageFault_Handler
 .text.DebugMon_Handler
                0x0000000008000b0a        0xe ./Core/Src/stm32f4xx_it.o
                0x0000000008000b0a                DebugMon_Handler
 .text.EXTI0_IRQHandler
                0x0000000008000b18        0xe ./Core/Src/stm32f4xx_it.o
                0x0000000008000b18                EXTI0_IRQHandler
 *fill*         0x0000000008000b26        0x2 
 .text.TIM7_IRQHandler
                0x0000000008000b28       0x14 ./Core/Src/stm32f4xx_it.o
                0x0000000008000b28                TIM7_IRQHandler
 .text.SystemInit
                0x0000000008000b3c       0x24 ./Core/Src/system_stm32f4xx.o
                0x0000000008000b3c                SystemInit
 .text.Reset_Handler
                0x0000000008000b60       0x50 ./Core/Startup/startup_stm32f407vgtx.o
                0x0000000008000b60                Reset_Handler
 .text.Default_Handler
                0x0000000008000bb0        0x2 ./Core/Startup/startup_stm32f407vgtx.o
                0x0000000008000bb0                RTC_Alarm_IRQHandler
                0x0000000008000bb0                HASH_RNG_IRQHandler
                0x0000000008000bb0                EXTI2_IRQHandler
                0x0000000008000bb0                TIM8_CC_IRQHandler
                0x0000000008000bb0                TIM1_CC_IRQHandler
                0x0000000008000bb0                DMA2_Stream5_IRQHandler
                0x0000000008000bb0                DMA1_Stream5_IRQHandler
                0x0000000008000bb0                PVD_IRQHandler
                0x0000000008000bb0                SDIO_IRQHandler
                0x0000000008000bb0                TAMP_STAMP_IRQHandler
                0x0000000008000bb0                CAN2_RX1_IRQHandler
                0x0000000008000bb0                EXTI3_IRQHandler
                0x0000000008000bb0                TIM8_TRG_COM_TIM14_IRQHandler
                0x0000000008000bb0                TIM1_UP_TIM10_IRQHandler
                0x0000000008000bb0                TIM8_UP_TIM13_IRQHandler
                0x0000000008000bb0                I2C3_ER_IRQHandler
                0x0000000008000bb0                I2C2_EV_IRQHandler
                0x0000000008000bb0                DMA1_Stream2_IRQHandler
                0x0000000008000bb0                CAN1_RX0_IRQHandler
                0x0000000008000bb0                FPU_IRQHandler
                0x0000000008000bb0                OTG_HS_WKUP_IRQHandler
                0x0000000008000bb0                CAN2_SCE_IRQHandler
                0x0000000008000bb0                DMA2_Stream2_IRQHandler
                0x0000000008000bb0                SPI1_IRQHandler
                0x0000000008000bb0                TIM6_DAC_IRQHandler
                0x0000000008000bb0                TIM1_BRK_TIM9_IRQHandler
                0x0000000008000bb0                DCMI_IRQHandler
                0x0000000008000bb0                CAN2_RX0_IRQHandler
                0x0000000008000bb0                DMA2_Stream3_IRQHandler
                0x0000000008000bb0                USART6_IRQHandler
                0x0000000008000bb0                USART3_IRQHandler
                0x0000000008000bb0                CAN1_RX1_IRQHandler
                0x0000000008000bb0                UART5_IRQHandler
                0x0000000008000bb0                DMA2_Stream0_IRQHandler
                0x0000000008000bb0                TIM4_IRQHandler
                0x0000000008000bb0                I2C1_EV_IRQHandler
                0x0000000008000bb0                DMA1_Stream6_IRQHandler
                0x0000000008000bb0                DMA1_Stream1_IRQHandler
                0x0000000008000bb0                UART4_IRQHandler
                0x0000000008000bb0                TIM3_IRQHandler
                0x0000000008000bb0                RCC_IRQHandler
                0x0000000008000bb0                TIM8_BRK_TIM12_IRQHandler
                0x0000000008000bb0                Default_Handler
                0x0000000008000bb0                EXTI15_10_IRQHandler
                0x0000000008000bb0                ADC_IRQHandler
                0x0000000008000bb0                DMA1_Stream7_IRQHandler
                0x0000000008000bb0                CAN2_TX_IRQHandler
                0x0000000008000bb0                TIM5_IRQHandler
                0x0000000008000bb0                DMA2_Stream7_IRQHandler
                0x0000000008000bb0                I2C3_EV_IRQHandler
                0x0000000008000bb0                EXTI9_5_IRQHandler
                0x0000000008000bb0                RTC_WKUP_IRQHandler
                0x0000000008000bb0                ETH_WKUP_IRQHandler
                0x0000000008000bb0                SPI2_IRQHandler
                0x0000000008000bb0                OTG_HS_EP1_IN_IRQHandler
                0x0000000008000bb0                DMA1_Stream0_IRQHandler
                0x0000000008000bb0                CAN1_TX_IRQHandler
                0x0000000008000bb0                EXTI4_IRQHandler
                0x0000000008000bb0                FSMC_IRQHandler
                0x0000000008000bb0                ETH_IRQHandler
                0x0000000008000bb0                OTG_HS_EP1_OUT_IRQHandler
                0x0000000008000bb0                WWDG_IRQHandler
                0x0000000008000bb0                TIM2_IRQHandler
                0x0000000008000bb0                OTG_FS_WKUP_IRQHandler
                0x0000000008000bb0                TIM1_TRG_COM_TIM11_IRQHandler
                0x0000000008000bb0                OTG_HS_IRQHandler
                0x0000000008000bb0                EXTI1_IRQHandler
                0x0000000008000bb0                USART2_IRQHandler
                0x0000000008000bb0                I2C2_ER_IRQHandler
                0x0000000008000bb0                DMA2_Stream1_IRQHandler
                0x0000000008000bb0                CAN1_SCE_IRQHandler
                0x0000000008000bb0                FLASH_IRQHandler
                0x0000000008000bb0                DMA2_Stream4_IRQHandler
                0x0000000008000bb0                USART1_IRQHandler
                0x0000000008000bb0                OTG_FS_IRQHandler
                0x0000000008000bb0                SPI3_IRQHandler
                0x0000000008000bb0                DMA1_Stream4_IRQHandler
                0x0000000008000bb0                I2C1_ER_IRQHandler
                0x0000000008000bb0                DMA2_Stream6_IRQHandler
                0x0000000008000bb0                DMA1_Stream3_IRQHandler
 *fill*         0x0000000008000bb2        0x2 
 .text.HAL_Init
                0x0000000008000bb4       0x44 ./Drivers/STM32F4xx_HAL_Driver/Src/stm32f4xx_hal.o
                0x0000000008000bb4                HAL_Init
 .text.HAL_IncTick
                0x0000000008000bf8       0x28 ./Drivers/STM32F4xx_HAL_Driver/Src/stm32f4xx_hal.o
                0x0000000008000bf8                HAL_IncTick
 .text.HAL_GetTick
                0x0000000008000c20       0x18 ./Drivers/STM32F4xx_HAL_Driver/Src/stm32f4xx_hal.o
                0x0000000008000c20                HAL_GetTick
 .text.__NVIC_SetPriorityGrouping
                0x0000000008000c38       0x48 ./Drivers/STM32F4xx_HAL_Driver/Src/stm32f4xx_hal_cortex.o
 .text.__NVIC_GetPriorityGrouping
                0x0000000008000c80       0x1c ./Drivers/STM32F4xx_HAL_Driver/Src/stm32f4xx_hal_cortex.o
 .text.__NVIC_EnableIRQ
                0x0000000008000c9c       0x3c ./Drivers/STM32F4xx_HAL_Driver/Src/stm32f4xx_hal_cortex.o
 .text.__NVIC_SetPriority
                0x0000000008000cd8       0x54 ./Drivers/STM32F4xx_HAL_Driver/Src/stm32f4xx_hal_cortex.o
 .text.NVIC_EncodePriority
                0x0000000008000d2c       0x66 ./Drivers/STM32F4xx_HAL_Driver/Src/stm32f4xx_hal_cortex.o
 .text.HAL_NVIC_SetPriorityGrouping
                0x0000000008000d92       0x16 ./Drivers/STM32F4xx_HAL_Driver/Src/stm32f4xx_hal_cortex.o
                0x0000000008000d92                HAL_NVIC_SetPriorityGrouping
 .text.HAL_NVIC_SetPriority
                0x0000000008000da8       0x38 ./Drivers/STM32F4xx_HAL_Driver/Src/stm32f4xx_hal_cortex.o
                0x0000000008000da8                HAL_NVIC_SetPriority
 .text.HAL_NVIC_EnableIRQ
                0x0000000008000de0       0x1c ./Drivers/STM32F4xx_HAL_Driver/Src/stm32f4xx_hal_cortex.o
                0x0000000008000de0                HAL_NVIC_EnableIRQ
 .text.HAL_GPIO_Init
                0x0000000008000dfc      0x338 ./Drivers/STM32F4xx_HAL_Driver/Src/stm32f4xx_hal_gpio.o
                0x0000000008000dfc                HAL_GPIO_Init
 .text.HAL_GPIO_WritePin
                0x0000000008001134       0x32 ./Drivers/STM32F4xx_HAL_Driver/Src/stm32f4xx_hal_gpio.o
                0x0000000008001134                HAL_GPIO_WritePin
 .text.HAL_GPIO_TogglePin
                0x0000000008001166       0x34 ./Drivers/STM32F4xx_HAL_Driver/Src/stm32f4xx_hal_gpio.o
                0x0000000008001166                HAL_GPIO_TogglePin
 *fill*         0x000000000800119a        0x2 
 .text.HAL_GPIO_EXTI_IRQHandler
                0x000000000800119c       0x30 ./Drivers/STM32F4xx_HAL_Driver/Src/stm32f4xx_hal_gpio.o
                0x000000000800119c                HAL_GPIO_EXTI_IRQHandler
 .text.HAL_RCC_OscConfig
                0x00000000080011cc      0x4f0 ./Drivers/STM32F4xx_HAL_Driver/Src/stm32f4xx_hal_rcc.o
                0x00000000080011cc                HAL_RCC_OscConfig
 .text.HAL_RCC_ClockConfig
                0x00000000080016bc      0x1cc ./Drivers/STM32F4xx_HAL_Driver/Src/stm32f4xx_hal_rcc.o
                0x00000000080016bc                HAL_RCC_ClockConfig
 .text.HAL_RCC_GetSysClockFreq
                0x0000000008001888      0x1c4 ./Drivers/STM32F4xx_HAL_Driver/Src/stm32f4xx_hal_rcc.o
                0x0000000008001888                HAL_RCC_GetSysClockFreq
 .text.HAL_RCC_GetHCLKFreq
                0x0000000008001a4c       0x18 ./Drivers/STM32F4xx_HAL_Driver/Src/stm32f4xx_hal_rcc.o
                0x0000000008001a4c                HAL_RCC_GetHCLKFreq
 .text.HAL_RCC_GetPCLK1Freq
                0x0000000008001a64       0x28 ./Drivers/STM32F4xx_HAL_Driver/Src/stm32f4xx_hal_rcc.o
                0x0000000008001a64                HAL_RCC_GetPCLK1Freq
 .text.HAL_RCC_GetClockConfig
                0x0000000008001a8c       0x64 ./Drivers/STM32F4xx_HAL_Driver/Src/stm32f4xx_hal_rcc.o
                0x0000000008001a8c                HAL_RCC_GetClockConfig
 .text.HAL_SPI_Init
                0x0000000008001af0      0x112 ./Drivers/STM32F4xx_HAL_Driver/Src/stm32f4xx_hal_spi.o
                0x0000000008001af0                HAL_SPI_Init
 .text.HAL_SPI_Transmit
                0x0000000008001c02      0x278 ./Drivers/STM32F4xx_HAL_Driver/Src/stm32f4xx_hal_spi.o
                0x0000000008001c02                HAL_SPI_Transmit
 .text.HAL_SPI_Receive
                0x0000000008001e7a      0x222 ./Drivers/STM32F4xx_HAL_Driver/Src/stm32f4xx_hal_spi.o
                0x0000000008001e7a                HAL_SPI_Receive
 .text.HAL_SPI_TransmitReceive
                0x000000000800209c      0x344 ./Drivers/STM32F4xx_HAL_Driver/Src/stm32f4xx_hal_spi.o
                0x000000000800209c                HAL_SPI_TransmitReceive
 .text.SPI_WaitFlagStateUntilTimeout
                0x00000000080023e0      0x110 ./Drivers/STM32F4xx_HAL_Driver/Src/stm32f4xx_hal_spi.o
 .text.SPI_EndRxTransaction
                0x00000000080024f0       0xca ./Drivers/STM32F4xx_HAL_Driver/Src/stm32f4xx_hal_spi.o
 *fill*         0x00000000080025ba        0x2 
 .text.SPI_EndRxTxTransaction
                0x00000000080025bc       0x84 ./Drivers/STM32F4xx_HAL_Driver/Src/stm32f4xx_hal_spi.o
 .text.HAL_TIM_Base_Init
                0x0000000008002640       0x9e ./Drivers/STM32F4xx_HAL_Driver/Src/stm32f4xx_hal_tim.o
                0x0000000008002640                HAL_TIM_Base_Init
 .text.HAL_TIM_Base_MspInit
                0x00000000080026de       0x14 ./Drivers/STM32F4xx_HAL_Driver/Src/stm32f4xx_hal_tim.o
                0x00000000080026de                HAL_TIM_Base_MspInit
 *fill*         0x00000000080026f2        0x2 
 .text.HAL_TIM_Base_Start_IT
                0x00000000080026f4       0xe0 ./Drivers/STM32F4xx_HAL_Driver/Src/stm32f4xx_hal_tim.o
                0x00000000080026f4                HAL_TIM_Base_Start_IT
 .text.HAL_TIM_IRQHandler
                0x00000000080027d4      0x210 ./Drivers/STM32F4xx_HAL_Driver/Src/stm32f4xx_hal_tim.o
                0x00000000080027d4                HAL_TIM_IRQHandler
 .text.HAL_TIM_OC_DelayElapsedCallback
                0x00000000080029e4       0x14 ./Drivers/STM32F4xx_HAL_Driver/Src/stm32f4xx_hal_tim.o
                0x00000000080029e4                HAL_TIM_OC_DelayElapsedCallback
 .text.HAL_TIM_IC_CaptureCallback
                0x00000000080029f8       0x14 ./Drivers/STM32F4xx_HAL_Driver/Src/stm32f4xx_hal_tim.o
                0x00000000080029f8                HAL_TIM_IC_CaptureCallback
 .text.HAL_TIM_PWM_PulseFinishedCallback
                0x0000000008002a0c       0x14 ./Drivers/STM32F4xx_HAL_Driver/Src/stm32f4xx_hal_tim.o
                0x0000000008002a0c                HAL_TIM_PWM_PulseFinishedCallback
 .text.HAL_TIM_TriggerCallback
                0x0000000008002a20       0x14 ./Drivers/STM32F4xx_HAL_Driver/Src/stm32f4xx_hal_tim.o
                0x0000000008002a20                HAL_TIM_TriggerCallback
 .text.TIM_Base_SetConfig
                0x0000000008002a34      0x140 ./Drivers/STM32F4xx_HAL_Driver/Src/stm32f4xx_hal_tim.o
                0x0000000008002a34                TIM_Base_SetConfig
 .text.HAL_TIMEx_CommutCallback
                0x0000000008002b74       0x14 ./Drivers/STM32F4xx_HAL_Driver/Src/stm32f4xx_hal_tim_ex.o
                0x0000000008002b74                HAL_TIMEx_CommutCallback
 .text.HAL_TIMEx_BreakCallback
                0x0000000008002b88       0x14 ./Drivers/STM32F4xx_HAL_Driver/Src/stm32f4xx_hal_tim_ex.o
                0x0000000008002b88                HAL_TIMEx_BreakCallback
 .text.vListInitialise
                0x0000000008002b9c       0x40 ./FreeRTOS/list.o
                0x0000000008002b9c                vListInitialise
 .text.vListInitialiseItem
                0x0000000008002bdc       0x1a ./FreeRTOS/list.o
                0x0000000008002bdc                vListInitialiseItem
 .text.vListInsertEnd
                0x0000000008002bf6       0x48 ./FreeRTOS/list.o
                0x0000000008002bf6                vListInsertEnd
 .text.vListInsert
                0x0000000008002c3e       0x72 ./FreeRTOS/list.o
                0x0000000008002c3e                vListInsert
 .text.uxListRemove
                0x0000000008002cb0       0x54 ./FreeRTOS/list.o
                0x0000000008002cb0                uxListRemove
 .text.xQueueGenericReset
                0x0000000008002d04       0xd0 ./FreeRTOS/queue.o
                0x0000000008002d04                xQueueGenericReset
 .text.xQueueGenericCreate
                0x0000000008002dd4       0x78 ./FreeRTOS/queue.o
                0x0000000008002dd4                xQueueGenericCreate
 .text.prvInitialiseNewQueue
                0x0000000008002e4c       0x46 ./FreeRTOS/queue.o
 *fill*         0x0000000008002e92        0x2 
 .text.xQueueGenericSend
                0x0000000008002e94      0x1fc ./FreeRTOS/queue.o
                0x0000000008002e94                xQueueGenericSend
 .text.xQueueGenericSendFromISR
                0x0000000008003090      0x130 ./FreeRTOS/queue.o
                0x0000000008003090                xQueueGenericSendFromISR
 .text.xQueueGiveFromISR
                0x00000000080031c0      0x11a ./FreeRTOS/queue.o
                0x00000000080031c0                xQueueGiveFromISR
 *fill*         0x00000000080032da        0x2 
 .text.xQueueReceive
                0x00000000080032dc      0x1c0 ./FreeRTOS/queue.o
                0x00000000080032dc                xQueueReceive
 .text.xQueueSemaphoreTake
                0x000000000800349c      0x218 ./FreeRTOS/queue.o
                0x000000000800349c                xQueueSemaphoreTake
 .text.prvGetDisinheritPriorityAfterTimeout
                0x00000000080036b4       0x30 ./FreeRTOS/queue.o
 .text.prvCopyDataToQueue
                0x00000000080036e4       0xd4 ./FreeRTOS/queue.o
 .text.prvCopyDataFromQueue
                0x00000000080037b8       0x4c ./FreeRTOS/queue.o
 .text.prvUnlockQueue
                0x0000000008003804       0xa4 ./FreeRTOS/queue.o
 .text.prvIsQueueEmpty
                0x00000000080038a8       0x2c ./FreeRTOS/queue.o
 .text.prvIsQueueFull
                0x00000000080038d4       0x30 ./FreeRTOS/queue.o
 .text.vQueueAddToRegistry
                0x0000000008003904       0x54 ./FreeRTOS/queue.o
                0x0000000008003904                vQueueAddToRegistry
 .text.vQueueWaitForMessageRestricted
                0x0000000008003958       0x68 ./FreeRTOS/queue.o
                0x0000000008003958                vQueueWaitForMessageRestricted
 .text.xTaskCreate
                0x00000000080039c0       0x82 ./FreeRTOS/tasks.o
                0x00000000080039c0                xTaskCreate
 .text.prvInitialiseNewTask
                0x0000000008003a42      0x11e ./FreeRTOS/tasks.o
 .text.prvAddNewTaskToReadyList
                0x0000000008003b60       0xdc ./FreeRTOS/tasks.o
 .text.vTaskDelay
                0x0000000008003c3c       0x68 ./FreeRTOS/tasks.o
                0x0000000008003c3c                vTaskDelay
 .text.vTaskStartScheduler
                0x0000000008003ca4       0x9c ./FreeRTOS/tasks.o
                0x0000000008003ca4                vTaskStartScheduler
 .text.vTaskSuspendAll
                0x0000000008003d40       0x1c ./FreeRTOS/tasks.o
                0x0000000008003d40                vTaskSuspendAll
 .text.xTaskResumeAll
                0x0000000008003d5c      0x138 ./FreeRTOS/tasks.o
                0x0000000008003d5c                xTaskResumeAll
 .text.xTaskGetTickCount
                0x0000000008003e94       0x20 ./FreeRTOS/tasks.o
                0x0000000008003e94                xTaskGetTickCount
 .text.xTaskIncrementTick
                0x0000000008003eb4      0x170 ./FreeRTOS/tasks.o
                0x0000000008003eb4                xTaskIncrementTick
 .text.vTaskSwitchContext
                0x0000000008004024       0xb8 ./FreeRTOS/tasks.o
                0x0000000008004024                vTaskSwitchContext
 .text.vTaskPlaceOnEventList
                0x00000000080040dc       0x48 ./FreeRTOS/tasks.o
                0x00000000080040dc                vTaskPlaceOnEventList
 .text.vTaskPlaceOnEventListRestricted
                0x0000000008004124       0x58 ./FreeRTOS/tasks.o
                0x0000000008004124                vTaskPlaceOnEventListRestricted
 .text.xTaskRemoveFromEventList
                0x000000000800417c       0xc4 ./FreeRTOS/tasks.o
                0x000000000800417c                xTaskRemoveFromEventList
 .text.vTaskInternalSetTimeOutState
                0x0000000008004240       0x2c ./FreeRTOS/tasks.o
                0x0000000008004240                vTaskInternalSetTimeOutState
 .text.xTaskCheckForTimeOut
                0x000000000800426c       0xc4 ./FreeRTOS/tasks.o
                0x000000000800426c                xTaskCheckForTimeOut
 .text.vTaskMissedYield
                0x0000000008004330       0x18 ./FreeRTOS/tasks.o
                0x0000000008004330                vTaskMissedYield
 .text.prvIdleTask
                0x0000000008004348       0x30 ./FreeRTOS/tasks.o
 .text.prvInitialiseTaskLists
                0x0000000008004378       0x80 ./FreeRTOS/tasks.o
 .text.prvCheckTasksWaitingTermination
                0x00000000080043f8       0x5c ./FreeRTOS/tasks.o
 .text.prvDeleteTCB
                0x0000000008004454       0x20 ./FreeRTOS/tasks.o
 .text.prvResetNextTaskUnblockTime
                0x0000000008004474       0x40 ./FreeRTOS/tasks.o
 .text.xTaskGetSchedulerState
                0x00000000080044b4       0x3c ./FreeRTOS/tasks.o
                0x00000000080044b4                xTaskGetSchedulerState
 .text.xTaskPriorityInherit
                0x00000000080044f0      0x100 ./FreeRTOS/tasks.o
                0x00000000080044f0                xTaskPriorityInherit
 .text.xTaskPriorityDisinherit
                0x00000000080045f0      0x10c ./FreeRTOS/tasks.o
                0x00000000080045f0                xTaskPriorityDisinherit
 .text.vTaskPriorityDisinheritAfterTimeout
                0x00000000080046fc      0x134 ./FreeRTOS/tasks.o
                0x00000000080046fc                vTaskPriorityDisinheritAfterTimeout
 .text.pvTaskIncrementMutexHeldCount
                0x0000000008004830       0x28 ./FreeRTOS/tasks.o
                0x0000000008004830                pvTaskIncrementMutexHeldCount
 .text.prvAddCurrentTaskToDelayedList
                0x0000000008004858       0xcc ./FreeRTOS/tasks.o
 .text.xTimerCreateTimerTask
                0x0000000008004924       0x64 ./FreeRTOS/timers.o
                0x0000000008004924                xTimerCreateTimerTask
 .text.xTimerGenericCommand
                0x0000000008004988       0x9c ./FreeRTOS/timers.o
                0x0000000008004988                xTimerGenericCommand
 .text.prvProcessExpiredTimer
                0x0000000008004a24       0x98 ./FreeRTOS/timers.o
 .text.prvTimerTask
                0x0000000008004abc       0x24 ./FreeRTOS/timers.o
 .text.prvProcessTimerOrBlockTask
                0x0000000008004ae0       0x9c ./FreeRTOS/timers.o
 .text.prvGetNextExpireTime
                0x0000000008004b7c       0x48 ./FreeRTOS/timers.o
 .text.prvSampleTimeNow
                0x0000000008004bc4       0x40 ./FreeRTOS/timers.o
 .text.prvInsertTimerInActiveList
                0x0000000008004c04       0x84 ./FreeRTOS/timers.o
 .text.prvProcessReceivedCommands
                0x0000000008004c88      0x18c ./FreeRTOS/timers.o
 .text.prvSwitchTimerLists
                0x0000000008004e14       0xc8 ./FreeRTOS/timers.o
 .text.prvCheckForValidListAndQueue
                0x0000000008004edc       0x6c ./FreeRTOS/timers.o
 .text.pxPortInitialiseStack
                0x0000000008004f48       0x68 ./FreeRTOS/portable/ARM_CM4F/port.o
                0x0000000008004f48                pxPortInitialiseStack
 .text.prvTaskExitError
                0x0000000008004fb0       0x58 ./FreeRTOS/portable/ARM_CM4F/port.o
 *fill*         0x0000000008005008        0x8 
 .text.SVC_Handler
                0x0000000008005010       0x28 ./FreeRTOS/portable/ARM_CM4F/port.o
                0x0000000008005010                SVC_Handler
 .text.prvPortStartFirstTask
                0x0000000008005038       0x28 ./FreeRTOS/portable/ARM_CM4F/port.o
 .text.xPortStartScheduler
                0x0000000008005060      0x144 ./FreeRTOS/portable/ARM_CM4F/port.o
                0x0000000008005060                xPortStartScheduler
 .text.vPortEnterCritical
                0x00000000080051a4       0x60 ./FreeRTOS/portable/ARM_CM4F/port.o
                0x00000000080051a4                vPortEnterCritical
 .text.vPortExitCritical
                0x0000000008005204       0x54 ./FreeRTOS/portable/ARM_CM4F/port.o
                0x0000000008005204                vPortExitCritical
 *fill*         0x0000000008005258        0x8 
 .text.PendSV_Handler
                0x0000000008005260       0x68 ./FreeRTOS/portable/ARM_CM4F/port.o
                0x0000000008005260                PendSV_Handler
 .text.SysTick_Handler
                0x00000000080052c8       0x44 ./FreeRTOS/portable/ARM_CM4F/port.o
                0x00000000080052c8                SysTick_Handler
 .text.vPortSetupTimerInterrupt
                0x000000000800530c       0x48 ./FreeRTOS/portable/ARM_CM4F/port.o
                0x000000000800530c                vPortSetupTimerInterrupt
 .text.vPortEnableVFP
                0x0000000008005354       0x14 ./FreeRTOS/portable/ARM_CM4F/port.o
 .text.vPortValidateInterruptPriority
                0x0000000008005368       0x80 ./FreeRTOS/portable/ARM_CM4F/port.o
                0x0000000008005368                vPortValidateInterruptPriority
 .text.pvPortMalloc
                0x00000000080053e8      0x188 ./FreeRTOS/portable/MemMang/heap_4.o
                0x00000000080053e8                pvPortMalloc
 .text.vPortFree
                0x0000000008005570       0xb4 ./FreeRTOS/portable/MemMang/heap_4.o
                0x0000000008005570                vPortFree
 .text.prvHeapInit
                0x0000000008005624       0xc4 ./FreeRTOS/portable/MemMang/heap_4.o
 .text.prvInsertBlockIntoFreeList
                0x00000000080056e8       0xb4 ./FreeRTOS/portable/MemMang/heap_4.o
 .text.__libc_init_array
                0x000000000800579c       0x48 c:/st/stm32cubeide_1.8.0/stm32cubeide/plugins/com.st.stm32cube.ide.mcu.externaltools.gnu-tools-for-stm32.9-2020-q2-update.win32_2.0.0.202105311346/tools/bin/../lib/gcc/arm-none-eabi/9.3.1/../../../../arm-none-eabi/lib/thumb/v7e-m+fp/hard\libc_nano.a(lib_a-init.o)
                0x000000000800579c                __libc_init_array
 .text.memcpy   0x00000000080057e4       0x1c c:/st/stm32cubeide_1.8.0/stm32cubeide/plugins/com.st.stm32cube.ide.mcu.externaltools.gnu-tools-for-stm32.9-2020-q2-update.win32_2.0.0.202105311346/tools/bin/../lib/gcc/arm-none-eabi/9.3.1/../../../../arm-none-eabi/lib/thumb/v7e-m+fp/hard\libc_nano.a(lib_a-memcpy-stub.o)
                0x00000000080057e4                memcpy
 .text.memset   0x0000000008005800       0x10 c:/st/stm32cubeide_1.8.0/stm32cubeide/plugins/com.st.stm32cube.ide.mcu.externaltools.gnu-tools-for-stm32.9-2020-q2-update.win32_2.0.0.202105311346/tools/bin/../lib/gcc/arm-none-eabi/9.3.1/../../../../arm-none-eabi/lib/thumb/v7e-m+fp/hard\libc_nano.a(lib_a-memset.o)
                0x0000000008005800                memset
 *(.glue_7)
 .glue_7        0x0000000008005810        0x0 linker stubs
 *(.glue_7t)
 .glue_7t       0x0000000008005810        0x0 linker stubs
 *(.eh_frame)
 .eh_frame      0x0000000008005810        0x0 c:/st/stm32cubeide_1.8.0/stm32cubeide/plugins/com.st.stm32cube.ide.mcu.externaltools.gnu-tools-for-stm32.9-2020-q2-update.win32_2.0.0.202105311346/tools/bin/../lib/gcc/arm-none-eabi/9.3.1/thumb/v7e-m+fp/hard/crtbegin.o
 *(.init)
 .init          0x0000000008005810        0x4 c:/st/stm32cubeide_1.8.0/stm32cubeide/plugins/com.st.stm32cube.ide.mcu.externaltools.gnu-tools-for-stm32.9-2020-q2-update.win32_2.0.0.202105311346/tools/bin/../lib/gcc/arm-none-eabi/9.3.1/thumb/v7e-m+fp/hard/crti.o
                0x0000000008005810                _init
 .init          0x0000000008005814        0x8 c:/st/stm32cubeide_1.8.0/stm32cubeide/plugins/com.st.stm32cube.ide.mcu.externaltools.gnu-tools-for-stm32.9-2020-q2-update.win32_2.0.0.202105311346/tools/bin/../lib/gcc/arm-none-eabi/9.3.1/thumb/v7e-m+fp/hard/crtn.o
 *(.fini)
 .fini          0x000000000800581c        0x4 c:/st/stm32cubeide_1.8.0/stm32cubeide/plugins/com.st.stm32cube.ide.mcu.externaltools.gnu-tools-for-stm32.9-2020-q2-update.win32_2.0.0.202105311346/tools/bin/../lib/gcc/arm-none-eabi/9.3.1/thumb/v7e-m+fp/hard/crti.o
                0x000000000800581c                _fini
 .fini          0x0000000008005820        0x8 c:/st/stm32cubeide_1.8.0/stm32cubeide/plugins/com.st.stm32cube.ide.mcu.externaltools.gnu-tools-for-stm32.9-2020-q2-update.win32_2.0.0.202105311346/tools/bin/../lib/gcc/arm-none-eabi/9.3.1/thumb/v7e-m+fp/hard/crtn.o
                0x0000000008005828                . = ALIGN (0x4)
                0x0000000008005828                _etext = .

.vfp11_veneer   0x0000000008005828        0x0
 .vfp11_veneer  0x0000000008005828        0x0 linker stubs

.v4_bx          0x0000000008005828        0x0
 .v4_bx         0x0000000008005828        0x0 linker stubs

.iplt           0x0000000008005828        0x0
 .iplt          0x0000000008005828        0x0 c:/st/stm32cubeide_1.8.0/stm32cubeide/plugins/com.st.stm32cube.ide.mcu.externaltools.gnu-tools-for-stm32.9-2020-q2-update.win32_2.0.0.202105311346/tools/bin/../lib/gcc/arm-none-eabi/9.3.1/thumb/v7e-m+fp/hard/crtbegin.o

.rodata         0x0000000008005828       0x50
                0x0000000008005828                . = ALIGN (0x4)
 *(.rodata)
 .rodata        0x0000000008005828       0x1d ./Core/Src/main.o
 *fill*         0x0000000008005845        0x3 
 .rodata        0x0000000008005848        0x5 ./FreeRTOS/tasks.o
 *fill*         0x000000000800584d        0x3 
 .rodata        0x0000000008005850        0xd ./FreeRTOS/timers.o
 *(.rodata*)
 *fill*         0x000000000800585d        0x3 
 .rodata.AHBPrescTable
                0x0000000008005860       0x10 ./Core/Src/system_stm32f4xx.o
                0x0000000008005860                AHBPrescTable
 .rodata.APBPrescTable
                0x0000000008005870        0x8 ./Core/Src/system_stm32f4xx.o
                0x0000000008005870                APBPrescTable
                0x0000000008005878                . = ALIGN (0x4)

.ARM.extab      0x0000000008005878        0x0
                0x0000000008005878                . = ALIGN (0x4)
 *(.ARM.extab* .gnu.linkonce.armextab.*)
                0x0000000008005878                . = ALIGN (0x4)

.ARM            0x0000000008005878        0x8
                0x0000000008005878                . = ALIGN (0x4)
                0x0000000008005878                __exidx_start = .
 *(.ARM.exidx*)
 .ARM.exidx     0x0000000008005878        0x8 c:/st/stm32cubeide_1.8.0/stm32cubeide/plugins/com.st.stm32cube.ide.mcu.externaltools.gnu-tools-for-stm32.9-2020-q2-update.win32_2.0.0.202105311346/tools/bin/../lib/gcc/arm-none-eabi/9.3.1/thumb/v7e-m+fp/hard\libgcc.a(_udivmoddi4.o)
                0x0000000008005880                __exidx_end = .
                0x0000000008005880                . = ALIGN (0x4)

.rel.dyn        0x0000000008005880        0x0
 .rel.iplt      0x0000000008005880        0x0 c:/st/stm32cubeide_1.8.0/stm32cubeide/plugins/com.st.stm32cube.ide.mcu.externaltools.gnu-tools-for-stm32.9-2020-q2-update.win32_2.0.0.202105311346/tools/bin/../lib/gcc/arm-none-eabi/9.3.1/thumb/v7e-m+fp/hard/crtbegin.o

.preinit_array  0x0000000008005880        0x0
                0x0000000008005880                . = ALIGN (0x4)
                0x0000000008005880                PROVIDE (__preinit_array_start = .)
 *(.preinit_array*)
                0x0000000008005880                PROVIDE (__preinit_array_end = .)
                0x0000000008005880                . = ALIGN (0x4)

.init_array     0x0000000008005880        0x4
                0x0000000008005880                . = ALIGN (0x4)
                0x0000000008005880                PROVIDE (__init_array_start = .)
 *(SORT_BY_NAME(.init_array.*))
 *(.init_array*)
 .init_array    0x0000000008005880        0x4 c:/st/stm32cubeide_1.8.0/stm32cubeide/plugins/com.st.stm32cube.ide.mcu.externaltools.gnu-tools-for-stm32.9-2020-q2-update.win32_2.0.0.202105311346/tools/bin/../lib/gcc/arm-none-eabi/9.3.1/thumb/v7e-m+fp/hard/crtbegin.o
                0x0000000008005884                PROVIDE (__init_array_end = .)
                0x0000000008005884                . = ALIGN (0x4)

.fini_array     0x0000000008005884        0x4
                0x0000000008005884                . = ALIGN (0x4)
                [!provide]                        PROVIDE (__fini_array_start = .)
 *(SORT_BY_NAME(.fini_array.*))
 *(.fini_array*)
 .fini_array    0x0000000008005884        0x4 c:/st/stm32cubeide_1.8.0/stm32cubeide/plugins/com.st.stm32cube.ide.mcu.externaltools.gnu-tools-for-stm32.9-2020-q2-update.win32_2.0.0.202105311346/tools/bin/../lib/gcc/arm-none-eabi/9.3.1/thumb/v7e-m+fp/hard/crtbegin.o
                [!provide]                        PROVIDE (__fini_array_end = .)
                0x0000000008005888                . = ALIGN (0x4)
                0x0000000008005888                _sidata = LOADADDR (.data)

.data           0x0000000020000000       0x10 load address 0x0000000008005888
                0x0000000020000000                . = ALIGN (0x4)
                0x0000000020000000                _sdata = .
 *(.data)
 *(.data*)
 .data.SystemCoreClock
                0x0000000020000000        0x4 ./Core/Src/system_stm32f4xx.o
                0x0000000020000000                SystemCoreClock
 .data.uwTickPrio
                0x0000000020000004        0x4 ./Drivers/STM32F4xx_HAL_Driver/Src/stm32f4xx_hal.o
                0x0000000020000004                uwTickPrio
 .data.uwTickFreq
                0x0000000020000008        0x1 ./Drivers/STM32F4xx_HAL_Driver/Src/stm32f4xx_hal.o
                0x0000000020000008                uwTickFreq
 *fill*         0x0000000020000009        0x3 
 .data.uxCriticalNesting
                0x000000002000000c        0x4 ./FreeRTOS/portable/ARM_CM4F/port.o
 *(.RamFunc)
 *(.RamFunc*)
                0x0000000020000010                . = ALIGN (0x4)
                0x0000000020000010                _edata = .
                0x0000000008005898                _siccmram = LOADADDR (.ccmram)

.igot.plt       0x0000000020000010        0x0 load address 0x0000000008005898
 .igot.plt      0x0000000020000010        0x0 c:/st/stm32cubeide_1.8.0/stm32cubeide/plugins/com.st.stm32cube.ide.mcu.externaltools.gnu-tools-for-stm32.9-2020-q2-update.win32_2.0.0.202105311346/tools/bin/../lib/gcc/arm-none-eabi/9.3.1/thumb/v7e-m+fp/hard/crtbegin.o

.ccmram         0x0000000010000000        0x0 load address 0x0000000008005898
                0x0000000010000000                . = ALIGN (0x4)
                0x0000000010000000                _sccmram = .
 *(.ccmram)
 *(.ccmram*)
                0x0000000010000000                . = ALIGN (0x4)
                0x0000000010000000                _eccmram = .
                0x0000000010000000                . = ALIGN (0x4)

.bss            0x0000000020000010    0x12e68
                0x0000000020000010                _sbss = .
                0x0000000020000010                __bss_start__ = _sbss
 *(.bss)
 .bss           0x0000000020000010       0x1c c:/st/stm32cubeide_1.8.0/stm32cubeide/plugins/com.st.stm32cube.ide.mcu.externaltools.gnu-tools-for-stm32.9-2020-q2-update.win32_2.0.0.202105311346/tools/bin/../lib/gcc/arm-none-eabi/9.3.1/thumb/v7e-m+fp/hard/crtbegin.o
 *(.bss*)
 .bss.pxCurrentTCB
                0x000000002000002c        0x4 ./FreeRTOS/tasks.o
                0x000000002000002c                pxCurrentTCB
 .bss.pxReadyTasksLists
                0x0000000020000030       0x64 ./FreeRTOS/tasks.o
 .bss.xDelayedTaskList1
                0x0000000020000094       0x14 ./FreeRTOS/tasks.o
 .bss.xDelayedTaskList2
                0x00000000200000a8       0x14 ./FreeRTOS/tasks.o
 .bss.pxDelayedTaskList
                0x00000000200000bc        0x4 ./FreeRTOS/tasks.o
 .bss.pxOverflowDelayedTaskList
                0x00000000200000c0        0x4 ./FreeRTOS/tasks.o
 .bss.xPendingReadyList
                0x00000000200000c4       0x14 ./FreeRTOS/tasks.o
 .bss.xTasksWaitingTermination
                0x00000000200000d8       0x14 ./FreeRTOS/tasks.o
 .bss.uxDeletedTasksWaitingCleanUp
                0x00000000200000ec        0x4 ./FreeRTOS/tasks.o
 .bss.xSuspendedTaskList
                0x00000000200000f0       0x14 ./FreeRTOS/tasks.o
 .bss.uxCurrentNumberOfTasks
                0x0000000020000104        0x4 ./FreeRTOS/tasks.o
 .bss.xTickCount
                0x0000000020000108        0x4 ./FreeRTOS/tasks.o
 .bss.uxTopReadyPriority
                0x000000002000010c        0x4 ./FreeRTOS/tasks.o
 .bss.xSchedulerRunning
                0x0000000020000110        0x4 ./FreeRTOS/tasks.o
 .bss.uxPendedTicks
                0x0000000020000114        0x4 ./FreeRTOS/tasks.o
 .bss.xYieldPending
                0x0000000020000118        0x4 ./FreeRTOS/tasks.o
 .bss.xNumOfOverflows
                0x000000002000011c        0x4 ./FreeRTOS/tasks.o
 .bss.uxTaskNumber
                0x0000000020000120        0x4 ./FreeRTOS/tasks.o
 .bss.xNextTaskUnblockTime
                0x0000000020000124        0x4 ./FreeRTOS/tasks.o
 .bss.xIdleTaskHandle
                0x0000000020000128        0x4 ./FreeRTOS/tasks.o
 .bss.uxSchedulerSuspended
                0x000000002000012c        0x4 ./FreeRTOS/tasks.o
 .bss.xActiveTimerList1
                0x0000000020000130       0x14 ./FreeRTOS/timers.o
 .bss.xActiveTimerList2
                0x0000000020000144       0x14 ./FreeRTOS/timers.o
 .bss.pxCurrentTimerList
                0x0000000020000158        0x4 ./FreeRTOS/timers.o
 .bss.pxOverflowTimerList
                0x000000002000015c        0x4 ./FreeRTOS/timers.o
 .bss.xTimerQueue
                0x0000000020000160        0x4 ./FreeRTOS/timers.o
 .bss.xTimerTaskHandle
                0x0000000020000164        0x4 ./FreeRTOS/timers.o
 .bss.xLastTime.6861
                0x0000000020000168        0x4 ./FreeRTOS/timers.o
 .bss.ucMaxSysCallPriority
                0x000000002000016c        0x1 ./FreeRTOS/portable/ARM_CM4F/port.o
 *fill*         0x000000002000016d        0x3 
 .bss.ulMaxPRIGROUPValue
                0x0000000020000170        0x4 ./FreeRTOS/portable/ARM_CM4F/port.o
 .bss.ucHeap    0x0000000020000174    0x12c00 ./FreeRTOS/portable/MemMang/heap_4.o
 .bss.xStart    0x0000000020012d74        0x8 ./FreeRTOS/portable/MemMang/heap_4.o
 .bss.pxEnd     0x0000000020012d7c        0x4 ./FreeRTOS/portable/MemMang/heap_4.o
 .bss.xFreeBytesRemaining
                0x0000000020012d80        0x4 ./FreeRTOS/portable/MemMang/heap_4.o
 .bss.xMinimumEverFreeBytesRemaining
                0x0000000020012d84        0x4 ./FreeRTOS/portable/MemMang/heap_4.o
 .bss.xBlockAllocatedBit
                0x0000000020012d88        0x4 ./FreeRTOS/portable/MemMang/heap_4.o
 *(COMMON)
 COMMON         0x0000000020012d8c       0x60 ./Core/Src/main.o
                0x0000000020012d8c                xSemaphore
                0x0000000020012d90                data
                0x0000000020012d94                hspi1
 COMMON         0x0000000020012dec       0x48 ./Core/Src/stm32f4xx_hal_timebase_tim.o
                0x0000000020012dec                htim7
 COMMON         0x0000000020012e34        0x4 ./Drivers/STM32F4xx_HAL_Driver/Src/stm32f4xx_hal.o
                0x0000000020012e34                uwTick
 COMMON         0x0000000020012e38       0x40 ./FreeRTOS/queue.o
                0x0000000020012e38                xQueueRegistry
                0x0000000020012e78                . = ALIGN (0x4)
                0x0000000020012e78                _ebss = .
                0x0000000020012e78                __bss_end__ = _ebss

._user_heap_stack
                0x0000000020012e78      0x600
                0x0000000020012e78                . = ALIGN (0x8)
                [!provide]                        PROVIDE (end = .)
                0x0000000020012e78                PROVIDE (_end = .)
                0x0000000020013078                . = (. + _Min_Heap_Size)
 *fill*         0x0000000020012e78      0x200 
                0x0000000020013478                . = (. + _Min_Stack_Size)
 *fill*         0x0000000020013078      0x400 
                0x0000000020013478                . = ALIGN (0x8)

/DISCARD/
 libc.a(*)
 libm.a(*)
 libgcc.a(*)

.ARM.attributes
                0x0000000000000000       0x30
 *(.ARM.attributes)
 .ARM.attributes
                0x0000000000000000       0x1e c:/st/stm32cubeide_1.8.0/stm32cubeide/plugins/com.st.stm32cube.ide.mcu.externaltools.gnu-tools-for-stm32.9-2020-q2-update.win32_2.0.0.202105311346/tools/bin/../lib/gcc/arm-none-eabi/9.3.1/thumb/v7e-m+fp/hard/crti.o
 .ARM.attributes
                0x000000000000001e       0x34 c:/st/stm32cubeide_1.8.0/stm32cubeide/plugins/com.st.stm32cube.ide.mcu.externaltools.gnu-tools-for-stm32.9-2020-q2-update.win32_2.0.0.202105311346/tools/bin/../lib/gcc/arm-none-eabi/9.3.1/thumb/v7e-m+fp/hard/crtbegin.o
 .ARM.attributes
                0x0000000000000052       0x34 ./Core/Src/main.o
 .ARM.attributes
                0x0000000000000086       0x34 ./Core/Src/stm32f4xx_hal_msp.o
 .ARM.attributes
                0x00000000000000ba       0x34 ./Core/Src/stm32f4xx_hal_timebase_tim.o
 .ARM.attributes
                0x00000000000000ee       0x34 ./Core/Src/stm32f4xx_it.o
 .ARM.attributes
                0x0000000000000122       0x34 ./Core/Src/system_stm32f4xx.o
 .ARM.attributes
                0x0000000000000156       0x21 ./Core/Startup/startup_stm32f407vgtx.o
 .ARM.attributes
                0x0000000000000177       0x34 ./Drivers/STM32F4xx_HAL_Driver/Src/stm32f4xx_hal.o
 .ARM.attributes
                0x00000000000001ab       0x34 ./Drivers/STM32F4xx_HAL_Driver/Src/stm32f4xx_hal_cortex.o
 .ARM.attributes
                0x00000000000001df       0x34 ./Drivers/STM32F4xx_HAL_Driver/Src/stm32f4xx_hal_gpio.o
 .ARM.attributes
                0x0000000000000213       0x34 ./Drivers/STM32F4xx_HAL_Driver/Src/stm32f4xx_hal_rcc.o
 .ARM.attributes
                0x0000000000000247       0x34 ./Drivers/STM32F4xx_HAL_Driver/Src/stm32f4xx_hal_spi.o
 .ARM.attributes
                0x000000000000027b       0x34 ./Drivers/STM32F4xx_HAL_Driver/Src/stm32f4xx_hal_tim.o
 .ARM.attributes
                0x00000000000002af       0x34 ./Drivers/STM32F4xx_HAL_Driver/Src/stm32f4xx_hal_tim_ex.o
 .ARM.attributes
                0x00000000000002e3       0x34 ./FreeRTOS/list.o
 .ARM.attributes
                0x0000000000000317       0x34 ./FreeRTOS/queue.o
 .ARM.attributes
                0x000000000000034b       0x34 ./FreeRTOS/tasks.o
 .ARM.attributes
                0x000000000000037f       0x34 ./FreeRTOS/timers.o
 .ARM.attributes
                0x00000000000003b3       0x34 ./FreeRTOS/portable/ARM_CM4F/port.o
 .ARM.attributes
                0x00000000000003e7       0x34 ./FreeRTOS/portable/MemMang/heap_4.o
 .ARM.attributes
                0x000000000000041b       0x34 c:/st/stm32cubeide_1.8.0/stm32cubeide/plugins/com.st.stm32cube.ide.mcu.externaltools.gnu-tools-for-stm32.9-2020-q2-update.win32_2.0.0.202105311346/tools/bin/../lib/gcc/arm-none-eabi/9.3.1/../../../../arm-none-eabi/lib/thumb/v7e-m+fp/hard\libc_nano.a(lib_a-init.o)
 .ARM.attributes
                0x000000000000044f       0x34 c:/st/stm32cubeide_1.8.0/stm32cubeide/plugins/com.st.stm32cube.ide.mcu.externaltools.gnu-tools-for-stm32.9-2020-q2-update.win32_2.0.0.202105311346/tools/bin/../lib/gcc/arm-none-eabi/9.3.1/../../../../arm-none-eabi/lib/thumb/v7e-m+fp/hard\libc_nano.a(lib_a-memcpy-stub.o)
 .ARM.attributes
                0x0000000000000483       0x34 c:/st/stm32cubeide_1.8.0/stm32cubeide/plugins/com.st.stm32cube.ide.mcu.externaltools.gnu-tools-for-stm32.9-2020-q2-update.win32_2.0.0.202105311346/tools/bin/../lib/gcc/arm-none-eabi/9.3.1/../../../../arm-none-eabi/lib/thumb/v7e-m+fp/hard\libc_nano.a(lib_a-memset.o)
 .ARM.attributes
                0x00000000000004b7       0x1e c:/st/stm32cubeide_1.8.0/stm32cubeide/plugins/com.st.stm32cube.ide.mcu.externaltools.gnu-tools-for-stm32.9-2020-q2-update.win32_2.0.0.202105311346/tools/bin/../lib/gcc/arm-none-eabi/9.3.1/thumb/v7e-m+fp/hard\libgcc.a(_aeabi_uldivmod.o)
 .ARM.attributes
                0x00000000000004d5       0x34 c:/st/stm32cubeide_1.8.0/stm32cubeide/plugins/com.st.stm32cube.ide.mcu.externaltools.gnu-tools-for-stm32.9-2020-q2-update.win32_2.0.0.202105311346/tools/bin/../lib/gcc/arm-none-eabi/9.3.1/thumb/v7e-m+fp/hard\libgcc.a(_udivmoddi4.o)
 .ARM.attributes
                0x0000000000000509       0x1e c:/st/stm32cubeide_1.8.0/stm32cubeide/plugins/com.st.stm32cube.ide.mcu.externaltools.gnu-tools-for-stm32.9-2020-q2-update.win32_2.0.0.202105311346/tools/bin/../lib/gcc/arm-none-eabi/9.3.1/thumb/v7e-m+fp/hard\libgcc.a(_dvmd_tls.o)
 .ARM.attributes
                0x0000000000000527       0x1e c:/st/stm32cubeide_1.8.0/stm32cubeide/plugins/com.st.stm32cube.ide.mcu.externaltools.gnu-tools-for-stm32.9-2020-q2-update.win32_2.0.0.202105311346/tools/bin/../lib/gcc/arm-none-eabi/9.3.1/thumb/v7e-m+fp/hard/crtn.o
OUTPUT(lab3_new.elf elf32-littlearm)
LOAD linker stubs
LOAD c:/st/stm32cubeide_1.8.0/stm32cubeide/plugins/com.st.stm32cube.ide.mcu.externaltools.gnu-tools-for-stm32.9-2020-q2-update.win32_2.0.0.202105311346/tools/bin/../lib/gcc/arm-none-eabi/9.3.1/../../../../arm-none-eabi/lib/thumb/v7e-m+fp/hard\libc.a
LOAD c:/st/stm32cubeide_1.8.0/stm32cubeide/plugins/com.st.stm32cube.ide.mcu.externaltools.gnu-tools-for-stm32.9-2020-q2-update.win32_2.0.0.202105311346/tools/bin/../lib/gcc/arm-none-eabi/9.3.1/../../../../arm-none-eabi/lib/thumb/v7e-m+fp/hard\libm.a
LOAD c:/st/stm32cubeide_1.8.0/stm32cubeide/plugins/com.st.stm32cube.ide.mcu.externaltools.gnu-tools-for-stm32.9-2020-q2-update.win32_2.0.0.202105311346/tools/bin/../lib/gcc/arm-none-eabi/9.3.1/thumb/v7e-m+fp/hard\libgcc.a

.debug_info     0x0000000000000000    0x13485
 .debug_info    0x0000000000000000     0x13b6 ./Core/Src/main.o
 .debug_info    0x00000000000013b6      0xa50 ./Core/Src/stm32f4xx_hal_msp.o
 .debug_info    0x0000000000001e06      0xc6c ./Core/Src/stm32f4xx_hal_timebase_tim.o
 .debug_info    0x0000000000002a72      0x7f5 ./Core/Src/stm32f4xx_it.o
 .debug_info    0x0000000000003267      0x5a4 ./Core/Src/system_stm32f4xx.o
 .debug_info    0x000000000000380b       0x22 ./Core/Startup/startup_stm32f407vgtx.o
 .debug_info    0x000000000000382d      0x9b2 ./Drivers/STM32F4xx_HAL_Driver/Src/stm32f4xx_hal.o
 .debug_info    0x00000000000041df      0xed7 ./Drivers/STM32F4xx_HAL_Driver/Src/stm32f4xx_hal_cortex.o
 .debug_info    0x00000000000050b6      0x83e ./Drivers/STM32F4xx_HAL_Driver/Src/stm32f4xx_hal_gpio.o
 .debug_info    0x00000000000058f4      0x996 ./Drivers/STM32F4xx_HAL_Driver/Src/stm32f4xx_hal_rcc.o
 .debug_info    0x000000000000628a     0x17c0 ./Drivers/STM32F4xx_HAL_Driver/Src/stm32f4xx_hal_spi.o
 .debug_info    0x0000000000007a4a     0x2c22 ./Drivers/STM32F4xx_HAL_Driver/Src/stm32f4xx_hal_tim.o
 .debug_info    0x000000000000a66c     0x15a2 ./Drivers/STM32F4xx_HAL_Driver/Src/stm32f4xx_hal_tim_ex.o
 .debug_info    0x000000000000bc0e      0xb82 ./FreeRTOS/list.o
 .debug_info    0x000000000000c790     0x1f3f ./FreeRTOS/queue.o
 .debug_info    0x000000000000e6cf     0x274b ./FreeRTOS/tasks.o
 .debug_info    0x0000000000010e1a     0x1501 ./FreeRTOS/timers.o
 .debug_info    0x000000000001231b      0x4f1 ./FreeRTOS/portable/ARM_CM4F/port.o
 .debug_info    0x000000000001280c      0xc79 ./FreeRTOS/portable/MemMang/heap_4.o

.debug_abbrev   0x0000000000000000     0x2a94
 .debug_abbrev  0x0000000000000000      0x2a5 ./Core/Src/main.o
 .debug_abbrev  0x00000000000002a5      0x1ac ./Core/Src/stm32f4xx_hal_msp.o
 .debug_abbrev  0x0000000000000451      0x1bf ./Core/Src/stm32f4xx_hal_timebase_tim.o
 .debug_abbrev  0x0000000000000610      0x176 ./Core/Src/stm32f4xx_it.o
 .debug_abbrev  0x0000000000000786      0x145 ./Core/Src/system_stm32f4xx.o
 .debug_abbrev  0x00000000000008cb       0x12 ./Core/Startup/startup_stm32f407vgtx.o
 .debug_abbrev  0x00000000000008dd      0x1ed ./Drivers/STM32F4xx_HAL_Driver/Src/stm32f4xx_hal.o
 .debug_abbrev  0x0000000000000aca      0x33c ./Drivers/STM32F4xx_HAL_Driver/Src/stm32f4xx_hal_cortex.o
 .debug_abbrev  0x0000000000000e06      0x1f1 ./Drivers/STM32F4xx_HAL_Driver/Src/stm32f4xx_hal_gpio.o
 .debug_abbrev  0x0000000000000ff7      0x275 ./Drivers/STM32F4xx_HAL_Driver/Src/stm32f4xx_hal_rcc.o
 .debug_abbrev  0x000000000000126c      0x26e ./Drivers/STM32F4xx_HAL_Driver/Src/stm32f4xx_hal_spi.o
 .debug_abbrev  0x00000000000014da      0x25e ./Drivers/STM32F4xx_HAL_Driver/Src/stm32f4xx_hal_tim.o
 .debug_abbrev  0x0000000000001738      0x266 ./Drivers/STM32F4xx_HAL_Driver/Src/stm32f4xx_hal_tim_ex.o
 .debug_abbrev  0x000000000000199e      0x1f7 ./FreeRTOS/list.o
 .debug_abbrev  0x0000000000001b95      0x362 ./FreeRTOS/queue.o
 .debug_abbrev  0x0000000000001ef7      0x39c ./FreeRTOS/tasks.o
 .debug_abbrev  0x0000000000002293      0x2fd ./FreeRTOS/timers.o
 .debug_abbrev  0x0000000000002590      0x231 ./FreeRTOS/portable/ARM_CM4F/port.o
 .debug_abbrev  0x00000000000027c1      0x2d3 ./FreeRTOS/portable/MemMang/heap_4.o

.debug_aranges  0x0000000000000000     0x1060
 .debug_aranges
                0x0000000000000000       0x70 ./Core/Src/main.o
 .debug_aranges
                0x0000000000000070       0x30 ./Core/Src/stm32f4xx_hal_msp.o
 .debug_aranges
                0x00000000000000a0       0x30 ./Core/Src/stm32f4xx_hal_timebase_tim.o
 .debug_aranges
                0x00000000000000d0       0x58 ./Core/Src/stm32f4xx_it.o
 .debug_aranges
                0x0000000000000128       0x28 ./Core/Src/system_stm32f4xx.o
 .debug_aranges
                0x0000000000000150       0x28 ./Core/Startup/startup_stm32f407vgtx.o
 .debug_aranges
                0x0000000000000178       0xf0 ./Drivers/STM32F4xx_HAL_Driver/Src/stm32f4xx_hal.o
 .debug_aranges
                0x0000000000000268      0x118 ./Drivers/STM32F4xx_HAL_Driver/Src/stm32f4xx_hal_cortex.o
 .debug_aranges
                0x0000000000000380       0x58 ./Drivers/STM32F4xx_HAL_Driver/Src/stm32f4xx_hal_gpio.o
 .debug_aranges
                0x00000000000003d8       0x88 ./Drivers/STM32F4xx_HAL_Driver/Src/stm32f4xx_hal_rcc.o
 .debug_aranges
                0x0000000000000460      0x1d0 ./Drivers/STM32F4xx_HAL_Driver/Src/stm32f4xx_hal_spi.o
 .debug_aranges
                0x0000000000000630      0x3d0 ./Drivers/STM32F4xx_HAL_Driver/Src/stm32f4xx_hal_tim.o
 .debug_aranges
                0x0000000000000a00      0x168 ./Drivers/STM32F4xx_HAL_Driver/Src/stm32f4xx_hal_tim_ex.o
 .debug_aranges
                0x0000000000000b68       0x40 ./FreeRTOS/list.o
 .debug_aranges
                0x0000000000000ba8      0x130 ./FreeRTOS/queue.o
 .debug_aranges
                0x0000000000000cd8      0x1e8 ./FreeRTOS/tasks.o
 .debug_aranges
                0x0000000000000ec0       0xd0 ./FreeRTOS/timers.o
 .debug_aranges
                0x0000000000000f90       0x80 ./FreeRTOS/portable/ARM_CM4F/port.o
 .debug_aranges
                0x0000000000001010       0x50 ./FreeRTOS/portable/MemMang/heap_4.o

.debug_ranges   0x0000000000000000      0xf38
 .debug_ranges  0x0000000000000000       0x60 ./Core/Src/main.o
 .debug_ranges  0x0000000000000060       0x20 ./Core/Src/stm32f4xx_hal_msp.o
 .debug_ranges  0x0000000000000080       0x20 ./Core/Src/stm32f4xx_hal_timebase_tim.o
 .debug_ranges  0x00000000000000a0       0x48 ./Core/Src/stm32f4xx_it.o
 .debug_ranges  0x00000000000000e8       0x18 ./Core/Src/system_stm32f4xx.o
 .debug_ranges  0x0000000000000100       0x20 ./Core/Startup/startup_stm32f407vgtx.o
 .debug_ranges  0x0000000000000120       0xe0 ./Drivers/STM32F4xx_HAL_Driver/Src/stm32f4xx_hal.o
 .debug_ranges  0x0000000000000200      0x108 ./Drivers/STM32F4xx_HAL_Driver/Src/stm32f4xx_hal_cortex.o
 .debug_ranges  0x0000000000000308       0x48 ./Drivers/STM32F4xx_HAL_Driver/Src/stm32f4xx_hal_gpio.o
 .debug_ranges  0x0000000000000350       0x78 ./Drivers/STM32F4xx_HAL_Driver/Src/stm32f4xx_hal_rcc.o
 .debug_ranges  0x00000000000003c8      0x1c0 ./Drivers/STM32F4xx_HAL_Driver/Src/stm32f4xx_hal_spi.o
 .debug_ranges  0x0000000000000588      0x3c0 ./Drivers/STM32F4xx_HAL_Driver/Src/stm32f4xx_hal_tim.o
 .debug_ranges  0x0000000000000948      0x158 ./Drivers/STM32F4xx_HAL_Driver/Src/stm32f4xx_hal_tim_ex.o
 .debug_ranges  0x0000000000000aa0       0x30 ./FreeRTOS/list.o
 .debug_ranges  0x0000000000000ad0      0x120 ./FreeRTOS/queue.o
 .debug_ranges  0x0000000000000bf0      0x1d8 ./FreeRTOS/tasks.o
 .debug_ranges  0x0000000000000dc8       0xc0 ./FreeRTOS/timers.o
 .debug_ranges  0x0000000000000e88       0x70 ./FreeRTOS/portable/ARM_CM4F/port.o
 .debug_ranges  0x0000000000000ef8       0x40 ./FreeRTOS/portable/MemMang/heap_4.o

.debug_macro    0x0000000000000000    0x21a1a
 .debug_macro   0x0000000000000000      0x2eb ./Core/Src/main.o
 .debug_macro   0x00000000000002eb      0xaa8 ./Core/Src/main.o
 .debug_macro   0x0000000000000d93      0x29b ./Core/Src/main.o
 .debug_macro   0x000000000000102e       0x2e ./Core/Src/main.o
 .debug_macro   0x000000000000105c       0x2f ./Core/Src/main.o
 .debug_macro   0x000000000000108b       0x22 ./Core/Src/main.o
 .debug_macro   0x00000000000010ad       0x8e ./Core/Src/main.o
 .debug_macro   0x000000000000113b       0x51 ./Core/Src/main.o
 .debug_macro   0x000000000000118c      0x103 ./Core/Src/main.o
 .debug_macro   0x000000000000128f       0x6a ./Core/Src/main.o
 .debug_macro   0x00000000000012f9      0x1df ./Core/Src/main.o
 .debug_macro   0x00000000000014d8       0x1c ./Core/Src/main.o
 .debug_macro   0x00000000000014f4       0x22 ./Core/Src/main.o
 .debug_macro   0x0000000000001516       0xdf ./Core/Src/main.o
 .debug_macro   0x00000000000015f5     0x102d ./Core/Src/main.o
 .debug_macro   0x0000000000002622      0x11f ./Core/Src/main.o
 .debug_macro   0x0000000000002741    0x15e58 ./Core/Src/main.o
 .debug_macro   0x0000000000018599       0x6d ./Core/Src/main.o
 .debug_macro   0x0000000000018606     0x3666 ./Core/Src/main.o
 .debug_macro   0x000000000001bc6c      0x174 ./Core/Src/main.o
 .debug_macro   0x000000000001bde0       0x5c ./Core/Src/main.o
 .debug_macro   0x000000000001be3c      0x96b ./Core/Src/main.o
 .debug_macro   0x000000000001c7a7      0x9fe ./Core/Src/main.o
 .debug_macro   0x000000000001d1a5      0x116 ./Core/Src/main.o
 .debug_macro   0x000000000001d2bb      0x13e ./Core/Src/main.o
 .debug_macro   0x000000000001d3f9       0xa5 ./Core/Src/main.o
 .debug_macro   0x000000000001d49e      0x174 ./Core/Src/main.o
 .debug_macro   0x000000000001d612      0x287 ./Core/Src/main.o
 .debug_macro   0x000000000001d899       0x5f ./Core/Src/main.o
 .debug_macro   0x000000000001d8f8      0x236 ./Core/Src/main.o
 .debug_macro   0x000000000001db2e      0x12c ./Core/Src/main.o
 .debug_macro   0x000000000001dc5a      0x21e ./Core/Src/main.o
 .debug_macro   0x000000000001de78       0x2e ./Core/Src/main.o
 .debug_macro   0x000000000001dea6      0x11a ./Core/Src/main.o
 .debug_macro   0x000000000001dfc0       0x7e ./Core/Src/main.o
 .debug_macro   0x000000000001e03e       0x89 ./Core/Src/main.o
 .debug_macro   0x000000000001e0c7      0x225 ./Core/Src/main.o
 .debug_macro   0x000000000001e2ec      0x8d1 ./Core/Src/main.o
 .debug_macro   0x000000000001ebbd       0x47 ./Core/Src/main.o
 .debug_macro   0x000000000001ec04      0x12d ./Core/Src/main.o
 .debug_macro   0x000000000001ed31      0x184 ./Core/Src/main.o
 .debug_macro   0x000000000001eeb5      0x106 ./Core/Src/main.o
 .debug_macro   0x000000000001efbb      0x15a ./Core/Src/main.o
 .debug_macro   0x000000000001f115       0xe4 ./Core/Src/main.o
 .debug_macro   0x000000000001f1f9       0x1c ./Core/Src/main.o
 .debug_macro   0x000000000001f215       0x26 ./Core/Src/main.o
 .debug_macro   0x000000000001f23b      0x4d3 ./Core/Src/main.o
 .debug_macro   0x000000000001f70e       0xb5 ./Core/Src/main.o
 .debug_macro   0x000000000001f7c3       0xaa ./Core/Src/main.o
 .debug_macro   0x000000000001f86d       0x80 ./Core/Src/main.o
 .debug_macro   0x000000000001f8ed       0x7e ./Core/Src/main.o
 .debug_macro   0x000000000001f96b      0x1dd ./Core/Src/stm32f4xx_hal_msp.o
 .debug_macro   0x000000000001fb48      0x1ce ./Core/Src/stm32f4xx_hal_timebase_tim.o
 .debug_macro   0x000000000001fd16      0x1e7 ./Core/Src/stm32f4xx_it.o
 .debug_macro   0x000000000001fefd      0x1ce ./Core/Src/system_stm32f4xx.o
 .debug_macro   0x00000000000200cb      0x22e ./Drivers/STM32F4xx_HAL_Driver/Src/stm32f4xx_hal.o
 .debug_macro   0x00000000000202f9      0x1ce ./Drivers/STM32F4xx_HAL_Driver/Src/stm32f4xx_hal_cortex.o
 .debug_macro   0x00000000000204c7      0x1d4 ./Drivers/STM32F4xx_HAL_Driver/Src/stm32f4xx_hal_gpio.o
 .debug_macro   0x000000000002069b      0x1f2 ./Drivers/STM32F4xx_HAL_Driver/Src/stm32f4xx_hal_rcc.o
 .debug_macro   0x000000000002088d      0x1dd ./Drivers/STM32F4xx_HAL_Driver/Src/stm32f4xx_hal_spi.o
 .debug_macro   0x0000000000020a6a      0x1cf ./Drivers/STM32F4xx_HAL_Driver/Src/stm32f4xx_hal_tim.o
 .debug_macro   0x0000000000020c39      0x1ce ./Drivers/STM32F4xx_HAL_Driver/Src/stm32f4xx_hal_tim_ex.o
 .debug_macro   0x0000000000020e07      0x187 ./FreeRTOS/list.o
 .debug_macro   0x0000000000020f8e      0x216 ./FreeRTOS/queue.o
 .debug_macro   0x00000000000211a4       0x16 ./FreeRTOS/queue.o
 .debug_macro   0x00000000000211ba       0x20 ./FreeRTOS/queue.o
 .debug_macro   0x00000000000211da      0x279 ./FreeRTOS/tasks.o
 .debug_macro   0x0000000000021453       0x10 ./FreeRTOS/tasks.o
 .debug_macro   0x0000000000021463      0x1dc ./FreeRTOS/timers.o
 .debug_macro   0x000000000002163f       0x97 ./FreeRTOS/timers.o
 .debug_macro   0x00000000000216d6      0x196 ./FreeRTOS/portable/ARM_CM4F/port.o
 .debug_macro   0x000000000002186c      0x1ae ./FreeRTOS/portable/MemMang/heap_4.o

.debug_line     0x0000000000000000    0x1164f
 .debug_line    0x0000000000000000      0x9fa ./Core/Src/main.o
 .debug_line    0x00000000000009fa      0x712 ./Core/Src/stm32f4xx_hal_msp.o
 .debug_line    0x000000000000110c      0x725 ./Core/Src/stm32f4xx_hal_timebase_tim.o
 .debug_line    0x0000000000001831      0x77a ./Core/Src/stm32f4xx_it.o
 .debug_line    0x0000000000001fab      0x747 ./Core/Src/system_stm32f4xx.o
 .debug_line    0x00000000000026f2       0x88 ./Core/Startup/startup_stm32f407vgtx.o
 .debug_line    0x000000000000277a      0x9ad ./Drivers/STM32F4xx_HAL_Driver/Src/stm32f4xx_hal.o
 .debug_line    0x0000000000003127      0xc5c ./Drivers/STM32F4xx_HAL_Driver/Src/stm32f4xx_hal_cortex.o
 .debug_line    0x0000000000003d83      0xb23 ./Drivers/STM32F4xx_HAL_Driver/Src/stm32f4xx_hal_gpio.o
 .debug_line    0x00000000000048a6      0xd29 ./Drivers/STM32F4xx_HAL_Driver/Src/stm32f4xx_hal_rcc.o
 .debug_line    0x00000000000055cf     0x1c35 ./Drivers/STM32F4xx_HAL_Driver/Src/stm32f4xx_hal_spi.o
 .debug_line    0x0000000000007204     0x36a1 ./Drivers/STM32F4xx_HAL_Driver/Src/stm32f4xx_hal_tim.o
 .debug_line    0x000000000000a8a5     0x19aa ./Drivers/STM32F4xx_HAL_Driver/Src/stm32f4xx_hal_tim_ex.o
 .debug_line    0x000000000000c24f      0x702 ./FreeRTOS/list.o
 .debug_line    0x000000000000c951     0x1512 ./FreeRTOS/queue.o
 .debug_line    0x000000000000de63     0x1b28 ./FreeRTOS/tasks.o
 .debug_line    0x000000000000f98b      0xc1d ./FreeRTOS/timers.o
 .debug_line    0x00000000000105a8      0x7e3 ./FreeRTOS/portable/ARM_CM4F/port.o
 .debug_line    0x0000000000010d8b      0x8c4 ./FreeRTOS/portable/MemMang/heap_4.o

.debug_str      0x0000000000000000    0xd1cdb
 .debug_str     0x0000000000000000    0xc8e5f ./Core/Src/main.o
                                      0xc923b (size before relaxing)
 .debug_str     0x00000000000c8e5f       0x53 ./Core/Src/stm32f4xx_hal_msp.o
                                      0xc399f (size before relaxing)
 .debug_str     0x00000000000c8eb2       0xaa ./Core/Src/stm32f4xx_hal_timebase_tim.o
                                      0xc3993 (size before relaxing)
 .debug_str     0x00000000000c8f5c       0xb3 ./Core/Src/stm32f4xx_it.o
                                      0xc3993 (size before relaxing)
 .debug_str     0x00000000000c900f       0xaf ./Core/Src/system_stm32f4xx.o
                                      0xc2f06 (size before relaxing)
 .debug_str     0x00000000000c90be       0x36 ./Core/Startup/startup_stm32f407vgtx.o
                                         0x71 (size before relaxing)
 .debug_str     0x00000000000c90f4      0x538 ./Drivers/STM32F4xx_HAL_Driver/Src/stm32f4xx_hal.o
                                      0xc39e8 (size before relaxing)
 .debug_str     0x00000000000c962c      0x392 ./Drivers/STM32F4xx_HAL_Driver/Src/stm32f4xx_hal_cortex.o
                                      0xc37d7 (size before relaxing)
 .debug_str     0x00000000000c99be      0x13f ./Drivers/STM32F4xx_HAL_Driver/Src/stm32f4xx_hal_gpio.o
                                      0xc30ad (size before relaxing)
 .debug_str     0x00000000000c9afd      0x24f ./Drivers/STM32F4xx_HAL_Driver/Src/stm32f4xx_hal_rcc.o
                                      0xc3308 (size before relaxing)
 .debug_str     0x00000000000c9d4c      0x57a ./Drivers/STM32F4xx_HAL_Driver/Src/stm32f4xx_hal_spi.o
                                      0xc37aa (size before relaxing)
 .debug_str     0x00000000000ca2c6      0xe47 ./Drivers/STM32F4xx_HAL_Driver/Src/stm32f4xx_hal_tim.o
                                      0xc4235 (size before relaxing)
 .debug_str     0x00000000000cb10d      0x538 ./Drivers/STM32F4xx_HAL_Driver/Src/stm32f4xx_hal_tim_ex.o
                                      0xc39e6 (size before relaxing)
 .debug_str     0x00000000000cb645     0x333d ./FreeRTOS/list.o
                                       0xab4f (size before relaxing)
 .debug_str     0x00000000000ce982      0x94a ./FreeRTOS/queue.o
                                       0xc255 (size before relaxing)
 .debug_str     0x00000000000cf2cc     0x1b00 ./FreeRTOS/tasks.o
                                       0xcef0 (size before relaxing)
 .debug_str     0x00000000000d0dcc      0x4fd ./FreeRTOS/timers.o
                                       0xc652 (size before relaxing)
 .debug_str     0x00000000000d12c9      0x7e0 ./FreeRTOS/portable/ARM_CM4F/port.o
                                       0x868a (size before relaxing)
 .debug_str     0x00000000000d1aa9      0x232 ./FreeRTOS/portable/MemMang/heap_4.o
                                       0xb342 (size before relaxing)

.comment        0x0000000000000000       0x53
 .comment       0x0000000000000000       0x53 ./Core/Src/main.o
                                         0x54 (size before relaxing)
 .comment       0x0000000000000053       0x54 ./Core/Src/stm32f4xx_hal_msp.o
 .comment       0x0000000000000053       0x54 ./Core/Src/stm32f4xx_hal_timebase_tim.o
 .comment       0x0000000000000053       0x54 ./Core/Src/stm32f4xx_it.o
 .comment       0x0000000000000053       0x54 ./Core/Src/system_stm32f4xx.o
 .comment       0x0000000000000053       0x54 ./Drivers/STM32F4xx_HAL_Driver/Src/stm32f4xx_hal.o
 .comment       0x0000000000000053       0x54 ./Drivers/STM32F4xx_HAL_Driver/Src/stm32f4xx_hal_cortex.o
 .comment       0x0000000000000053       0x54 ./Drivers/STM32F4xx_HAL_Driver/Src/stm32f4xx_hal_gpio.o
 .comment       0x0000000000000053       0x54 ./Drivers/STM32F4xx_HAL_Driver/Src/stm32f4xx_hal_rcc.o
 .comment       0x0000000000000053       0x54 ./Drivers/STM32F4xx_HAL_Driver/Src/stm32f4xx_hal_spi.o
 .comment       0x0000000000000053       0x54 ./Drivers/STM32F4xx_HAL_Driver/Src/stm32f4xx_hal_tim.o
 .comment       0x0000000000000053       0x54 ./Drivers/STM32F4xx_HAL_Driver/Src/stm32f4xx_hal_tim_ex.o
 .comment       0x0000000000000053       0x54 ./FreeRTOS/list.o
 .comment       0x0000000000000053       0x54 ./FreeRTOS/queue.o
 .comment       0x0000000000000053       0x54 ./FreeRTOS/tasks.o
 .comment       0x0000000000000053       0x54 ./FreeRTOS/timers.o
 .comment       0x0000000000000053       0x54 ./FreeRTOS/portable/ARM_CM4F/port.o
 .comment       0x0000000000000053       0x54 ./FreeRTOS/portable/MemMang/heap_4.o

.debug_frame    0x0000000000000000     0x4458
 .debug_frame   0x0000000000000000      0x17c ./Core/Src/main.o
 .debug_frame   0x000000000000017c       0x80 ./Core/Src/stm32f4xx_hal_msp.o
 .debug_frame   0x00000000000001fc       0x74 ./Core/Src/stm32f4xx_hal_timebase_tim.o
 .debug_frame   0x0000000000000270       0xe0 ./Core/Src/stm32f4xx_it.o
 .debug_frame   0x0000000000000350       0x58 ./Core/Src/system_stm32f4xx.o
 .debug_frame   0x00000000000003a8      0x374 ./Drivers/STM32F4xx_HAL_Driver/Src/stm32f4xx_hal.o
 .debug_frame   0x000000000000071c      0x498 ./Drivers/STM32F4xx_HAL_Driver/Src/stm32f4xx_hal_cortex.o
 .debug_frame   0x0000000000000bb4      0x14c ./Drivers/STM32F4xx_HAL_Driver/Src/stm32f4xx_hal_gpio.o
 .debug_frame   0x0000000000000d00      0x1f0 ./Drivers/STM32F4xx_HAL_Driver/Src/stm32f4xx_hal_rcc.o
 .debug_frame   0x0000000000000ef0      0x824 ./Drivers/STM32F4xx_HAL_Driver/Src/stm32f4xx_hal_spi.o
 .debug_frame   0x0000000000001714     0x11c4 ./Drivers/STM32F4xx_HAL_Driver/Src/stm32f4xx_hal_tim.o
 .debug_frame   0x00000000000028d8      0x638 ./Drivers/STM32F4xx_HAL_Driver/Src/stm32f4xx_hal_tim_ex.o
 .debug_frame   0x0000000000002f10       0xd8 ./FreeRTOS/list.o
 .debug_frame   0x0000000000002fe8      0x530 ./FreeRTOS/queue.o
 .debug_frame   0x0000000000003518      0x854 ./FreeRTOS/tasks.o
 .debug_frame   0x0000000000003d6c      0x368 ./FreeRTOS/timers.o
 .debug_frame   0x00000000000040d4      0x1a8 ./FreeRTOS/portable/ARM_CM4F/port.o
 .debug_frame   0x000000000000427c      0x108 ./FreeRTOS/portable/MemMang/heap_4.o
 .debug_frame   0x0000000000004384       0x2c c:/st/stm32cubeide_1.8.0/stm32cubeide/plugins/com.st.stm32cube.ide.mcu.externaltools.gnu-tools-for-stm32.9-2020-q2-update.win32_2.0.0.202105311346/tools/bin/../lib/gcc/arm-none-eabi/9.3.1/../../../../arm-none-eabi/lib/thumb/v7e-m+fp/hard\libc_nano.a(lib_a-init.o)
 .debug_frame   0x00000000000043b0       0x28 c:/st/stm32cubeide_1.8.0/stm32cubeide/plugins/com.st.stm32cube.ide.mcu.externaltools.gnu-tools-for-stm32.9-2020-q2-update.win32_2.0.0.202105311346/tools/bin/../lib/gcc/arm-none-eabi/9.3.1/../../../../arm-none-eabi/lib/thumb/v7e-m+fp/hard\libc_nano.a(lib_a-memcpy-stub.o)
 .debug_frame   0x00000000000043d8       0x20 c:/st/stm32cubeide_1.8.0/stm32cubeide/plugins/com.st.stm32cube.ide.mcu.externaltools.gnu-tools-for-stm32.9-2020-q2-update.win32_2.0.0.202105311346/tools/bin/../lib/gcc/arm-none-eabi/9.3.1/../../../../arm-none-eabi/lib/thumb/v7e-m+fp/hard\libc_nano.a(lib_a-memset.o)
 .debug_frame   0x00000000000043f8       0x2c c:/st/stm32cubeide_1.8.0/stm32cubeide/plugins/com.st.stm32cube.ide.mcu.externaltools.gnu-tools-for-stm32.9-2020-q2-update.win32_2.0.0.202105311346/tools/bin/../lib/gcc/arm-none-eabi/9.3.1/thumb/v7e-m+fp/hard\libgcc.a(_aeabi_uldivmod.o)
 .debug_frame   0x0000000000004424       0x34 c:/st/stm32cubeide_1.8.0/stm32cubeide/plugins/com.st.stm32cube.ide.mcu.externaltools.gnu-tools-for-stm32.9-2020-q2-update.win32_2.0.0.202105311346/tools/bin/../lib/gcc/arm-none-eabi/9.3.1/thumb/v7e-m+fp/hard\libgcc.a(_udivmoddi4.o)
