Archive member included to satisfy reference by file (symbol)

c:/st/stm32cubeide_1.8.0/stm32cubeide/plugins/com.st.stm32cube.ide.mcu.externaltools.gnu-tools-for-stm32.9-2020-q2-update.win32_2.0.0.202105311346/tools/bin/../lib/gcc/arm-none-eabi/9.3.1/../../../../arm-none-eabi/lib/thumb/v7e-m+fp/hard\libc_nano.a(lib_a-errno.o)
                              ./Core/Src/syscalls.o (__errno)
c:/st/stm32cubeide_1.8.0/stm32cubeide/plugins/com.st.stm32cube.ide.mcu.externaltools.gnu-tools-for-stm32.9-2020-q2-update.win32_2.0.0.202105311346/tools/bin/../lib/gcc/arm-none-eabi/9.3.1/../../../../arm-none-eabi/lib/thumb/v7e-m+fp/hard\libc_nano.a(lib_a-exit.o)
                              c:/st/stm32cubeide_1.8.0/stm32cubeide/plugins/com.st.stm32cube.ide.mcu.externaltools.gnu-tools-for-stm32.9-2020-q2-update.win32_2.0.0.202105311346/tools/bin/../lib/gcc/arm-none-eabi/9.3.1/../../../../arm-none-eabi/lib/thumb/v7e-m+fp/hard/crt0.o (exit)
c:/st/stm32cubeide_1.8.0/stm32cubeide/plugins/com.st.stm32cube.ide.mcu.externaltools.gnu-tools-for-stm32.9-2020-q2-update.win32_2.0.0.202105311346/tools/bin/../lib/gcc/arm-none-eabi/9.3.1/../../../../arm-none-eabi/lib/thumb/v7e-m+fp/hard\libc_nano.a(lib_a-impure.o)
                              c:/st/stm32cubeide_1.8.0/stm32cubeide/plugins/com.st.stm32cube.ide.mcu.externaltools.gnu-tools-for-stm32.9-2020-q2-update.win32_2.0.0.202105311346/tools/bin/../lib/gcc/arm-none-eabi/9.3.1/../../../../arm-none-eabi/lib/thumb/v7e-m+fp/hard\libc_nano.a(lib_a-exit.o) (_global_impure_ptr)
c:/st/stm32cubeide_1.8.0/stm32cubeide/plugins/com.st.stm32cube.ide.mcu.externaltools.gnu-tools-for-stm32.9-2020-q2-update.win32_2.0.0.202105311346/tools/bin/../lib/gcc/arm-none-eabi/9.3.1/../../../../arm-none-eabi/lib/thumb/v7e-m+fp/hard\libc_nano.a(lib_a-init.o)
                              c:/st/stm32cubeide_1.8.0/stm32cubeide/plugins/com.st.stm32cube.ide.mcu.externaltools.gnu-tools-for-stm32.9-2020-q2-update.win32_2.0.0.202105311346/tools/bin/../lib/gcc/arm-none-eabi/9.3.1/../../../../arm-none-eabi/lib/thumb/v7e-m+fp/hard/crt0.o (__libc_init_array)
c:/st/stm32cubeide_1.8.0/stm32cubeide/plugins/com.st.stm32cube.ide.mcu.externaltools.gnu-tools-for-stm32.9-2020-q2-update.win32_2.0.0.202105311346/tools/bin/../lib/gcc/arm-none-eabi/9.3.1/../../../../arm-none-eabi/lib/thumb/v7e-m+fp/hard\libc_nano.a(lib_a-memcpy-stub.o)
                              ./FreeRTOS/queue.o (memcpy)
c:/st/stm32cubeide_1.8.0/stm32cubeide/plugins/com.st.stm32cube.ide.mcu.externaltools.gnu-tools-for-stm32.9-2020-q2-update.win32_2.0.0.202105311346/tools/bin/../lib/gcc/arm-none-eabi/9.3.1/../../../../arm-none-eabi/lib/thumb/v7e-m+fp/hard\libc_nano.a(lib_a-memset.o)
                              c:/st/stm32cubeide_1.8.0/stm32cubeide/plugins/com.st.stm32cube.ide.mcu.externaltools.gnu-tools-for-stm32.9-2020-q2-update.win32_2.0.0.202105311346/tools/bin/../lib/gcc/arm-none-eabi/9.3.1/../../../../arm-none-eabi/lib/thumb/v7e-m+fp/hard/crt0.o (memset)
c:/st/stm32cubeide_1.8.0/stm32cubeide/plugins/com.st.stm32cube.ide.mcu.externaltools.gnu-tools-for-stm32.9-2020-q2-update.win32_2.0.0.202105311346/tools/bin/../lib/gcc/arm-none-eabi/9.3.1/../../../../arm-none-eabi/lib/thumb/v7e-m+fp/hard\libc_nano.a(lib_a-sprintf.o)
                              ./FreeRTOS/portable/MemMang/heap_2.o (sprintf)
c:/st/stm32cubeide_1.8.0/stm32cubeide/plugins/com.st.stm32cube.ide.mcu.externaltools.gnu-tools-for-stm32.9-2020-q2-update.win32_2.0.0.202105311346/tools/bin/../lib/gcc/arm-none-eabi/9.3.1/../../../../arm-none-eabi/lib/thumb/v7e-m+fp/hard\libc_nano.a(lib_a-strcpy.o)
                              ./FreeRTOS/tasks.o (strcpy)
c:/st/stm32cubeide_1.8.0/stm32cubeide/plugins/com.st.stm32cube.ide.mcu.externaltools.gnu-tools-for-stm32.9-2020-q2-update.win32_2.0.0.202105311346/tools/bin/../lib/gcc/arm-none-eabi/9.3.1/../../../../arm-none-eabi/lib/thumb/v7e-m+fp/hard\libc_nano.a(lib_a-strlen.o)
                              ./FreeRTOS/tasks.o (strlen)
c:/st/stm32cubeide_1.8.0/stm32cubeide/plugins/com.st.stm32cube.ide.mcu.externaltools.gnu-tools-for-stm32.9-2020-q2-update.win32_2.0.0.202105311346/tools/bin/../lib/gcc/arm-none-eabi/9.3.1/../../../../arm-none-eabi/lib/thumb/v7e-m+fp/hard\libc_nano.a(lib_a-nano-svfprintf.o)
                              c:/st/stm32cubeide_1.8.0/stm32cubeide/plugins/com.st.stm32cube.ide.mcu.externaltools.gnu-tools-for-stm32.9-2020-q2-update.win32_2.0.0.202105311346/tools/bin/../lib/gcc/arm-none-eabi/9.3.1/../../../../arm-none-eabi/lib/thumb/v7e-m+fp/hard\libc_nano.a(lib_a-sprintf.o) (_svfprintf_r)
c:/st/stm32cubeide_1.8.0/stm32cubeide/plugins/com.st.stm32cube.ide.mcu.externaltools.gnu-tools-for-stm32.9-2020-q2-update.win32_2.0.0.202105311346/tools/bin/../lib/gcc/arm-none-eabi/9.3.1/../../../../arm-none-eabi/lib/thumb/v7e-m+fp/hard\libc_nano.a(lib_a-nano-vfprintf_i.o)
[...]
Memory Configuration

Name             Origin             Length             Attributes
CCMRAM           0x0000000010000000 0x0000000000010000 xrw
RAM              0x0000000020000000 0x0000000000020000 xrw
FLASH            0x0000000008000000 0x0000000000100000 xr
*default*        0x0000000000000000 0xffffffffffffffff

Linker script and memory map

LOAD c:/st/stm32cubeide_1.8.0/stm32cubeide/plugins/com.st.stm32cube.ide.mcu.externaltools.gnu-tools-for-stm32.9-2020-q2-update.win32_2.0.0.202105311346/tools/bin/../lib/gcc/arm-none-eabi/9.3.1/thumb/v7e-m+fp/hard/crti.o
LOAD c:/st/stm32cubeide_1.8.0/stm32cubeide/plugins/com.st.stm32cube.ide.mcu.externaltools.gnu-tools-for-stm32.9-2020-q2-update.win32_2.0.0.202105311346/tools/bin/../lib/gcc/arm-none-eabi/9.3.1/thumb/v7e-m+fp/hard/crtbegin.o
LOAD c:/st/stm32cubeide_1.8.0/stm32cubeide/plugins/com.st.stm32cube.ide.mcu.externaltools.gnu-tools-for-stm32.9-2020-q2-update.win32_2.0.0.202105311346/tools/bin/../lib/gcc/arm-none-eabi/9.3.1/../../../../arm-none-eabi/lib/thumb/v7e-m+fp/hard/crt0.o
LOAD ./Core/Src/main.o
LOAD ./Core/Src/stm32f4xx_hal_msp.o
LOAD ./Core/Src/stm32f4xx_hal_timebase_tim.o
LOAD ./Core/Src/stm32f4xx_it.o
LOAD ./Core/Src/syscalls.o
LOAD ./Core/Src/sysmem.o
LOAD ./Core/Src/system_stm32f4xx.o
LOAD ./Core/Startup/startup_stm32f407vgtx.o
LOAD ./Drivers/STM32F4xx_HAL_Driver/Src/stm32f4xx_hal.o
LOAD ./Drivers/STM32F4xx_HAL_Driver/Src/stm32f4xx_hal_cortex.o
LOAD ./Drivers/STM32F4xx_HAL_Driver/Src/stm32f4xx_hal_dma.o
LOAD ./Drivers/STM32F4xx_HAL_Driver/Src/stm32f4xx_hal_dma_ex.o
LOAD ./Drivers/STM32F4xx_HAL_Driver/Src/stm32f4xx_hal_exti.o
LOAD ./Drivers/STM32F4xx_HAL_Driver/Src/stm32f4xx_hal_flash.o
LOAD ./Drivers/STM32F4xx_HAL_Driver/Src/stm32f4xx_hal_flash_ex.o
LOAD ./Drivers/STM32F4xx_HAL_Driver/Src/stm32f4xx_hal_flash_ramfunc.o
LOAD ./Drivers/STM32F4xx_HAL_Driver/Src/stm32f4xx_hal_gpio.o
LOAD ./Drivers/STM32F4xx_HAL_Driver/Src/stm32f4xx_hal_pwr.o
LOAD ./Drivers/STM32F4xx_HAL_Driver/Src/stm32f4xx_hal_pwr_ex.o
LOAD ./Drivers/STM32F4xx_HAL_Driver/Src/stm32f4xx_hal_rcc.o
LOAD ./Drivers/STM32F4xx_HAL_Driver/Src/stm32f4xx_hal_rcc_ex.o
LOAD ./Drivers/STM32F4xx_HAL_Driver/Src/stm32f4xx_hal_tim.o
LOAD ./Drivers/STM32F4xx_HAL_Driver/Src/stm32f4xx_hal_tim_ex.o
LOAD ./Drivers/STM32F4xx_HAL_Driver/Src/stm32f4xx_hal_uart.o
LOAD ./FreeRTOS/croutine.o
LOAD ./FreeRTOS/event_groups.o
LOAD ./FreeRTOS/list.o
LOAD ./FreeRTOS/queue.o
LOAD ./FreeRTOS/stream_buffer.o
LOAD ./FreeRTOS/tasks.o
LOAD ./FreeRTOS/timers.o
LOAD ./FreeRTOS/portable/ARM_CM4F/port.o
LOAD ./FreeRTOS/portable/MemMang/heap_2.o
START GROUP
LOAD c:/st/stm32cubeide_1.8.0/stm32cubeide/plugins/com.st.stm32cube.ide.mcu.externaltools.gnu-tools-for-stm32.9-2020-q2-update.win32_2.0.0.202105311346/tools/bin/../lib/gcc/arm-none-eabi/9.3.1/../../../../arm-none-eabi/lib/thumb/v7e-m+fp/hard\libc_nano.a
LOAD c:/st/stm32cubeide_1.8.0/stm32cubeide/plugins/com.st.stm32cube.ide.mcu.externaltools.gnu-tools-for-stm32.9-2020-q2-update.win32_2.0.0.202105311346/tools/bin/../lib/gcc/arm-none-eabi/9.3.1/../../../../arm-none-eabi/lib/thumb/v7e-m+fp/hard\libm.a
END GROUP
START GROUP
LOAD c:/st/stm32cubeide_1.8.0/stm32cubeide/plugins/com.st.stm32cube.ide.mcu.externaltools.gnu-tools-for-stm32.9-2020-q2-update.win32_2.0.0.202105311346/tools/bin/../lib/gcc/arm-none-eabi/9.3.1/thumb/v7e-m+fp/hard\libgcc.a
LOAD c:/st/stm32cubeide_1.8.0/stm32cubeide/plugins/com.st.stm32cube.ide.mcu.externaltools.gnu-tools-for-stm32.9-2020-q2-update.win32_2.0.0.202105311346/tools/bin/../lib/gcc/arm-none-eabi/9.3.1/../../../../arm-none-eabi/lib/thumb/v7e-m+fp/hard\libc_nano.a
END GROUP
START GROUP
LOAD c:/st/stm32cubeide_1.8.0/stm32cubeide/plugins/com.st.stm32cube.ide.mcu.externaltools.gnu-tools-for-stm32.9-2020-q2-update.win32_2.0.0.202105311346/tools/bin/../lib/gcc/arm-none-eabi/9.3.1/thumb/v7e-m+fp/hard\libgcc.a
LOAD c:/st/stm32cubeide_1.8.0/stm32cubeide/plugins/com.st.stm32cube.ide.mcu.externaltools.gnu-tools-for-stm32.9-2020-q2-update.win32_2.0.0.202105311346/tools/bin/../lib/gcc/arm-none-eabi/9.3.1/../../../../arm-none-eabi/lib/thumb/v7e-m+fp/hard\libc_nano.a
LOAD c:/st/stm32cubeide_1.8.0/stm32cubeide/plugins/com.st.stm32cube.ide.mcu.externaltools.gnu-tools-for-stm32.9-2020-q2-update.win32_2.0.0.202105311346/tools/bin/../lib/gcc/arm-none-eabi/9.3.1/../../../../arm-none-eabi/lib/thumb/v7e-m+fp/hard\libnosys.a
END GROUP
START GROUP
LOAD c:/st/stm32cubeide_1.8.0/stm32cubeide/plugins/com.st.stm32cube.ide.mcu.externaltools.gnu-tools-for-stm32.9-2020-q2-update.win32_2.0.0.202105311346/tools/bin/../lib/gcc/arm-none-eabi/9.3.1/thumb/v7e-m+fp/hard\libgcc.a
LOAD c:/st/stm32cubeide_1.8.0/stm32cubeide/plugins/com.st.stm32cube.ide.mcu.externaltools.gnu-tools-for-stm32.9-2020-q2-update.win32_2.0.0.202105311346/tools/bin/../lib/gcc/arm-none-eabi/9.3.1/../../../../arm-none-eabi/lib/thumb/v7e-m+fp/hard\libc_nano.a
LOAD c:/st/stm32cubeide_1.8.0/stm32cubeide/plugins/com.st.stm32cube.ide.mcu.externaltools.gnu-tools-for-stm32.9-2020-q2-update.win32_2.0.0.202105311346/tools/bin/../lib/gcc/arm-none-eabi/9.3.1/../../../../arm-none-eabi/lib/thumb/v7e-m+fp/hard\libnosys.a
END GROUP
LOAD c:/st/stm32cubeide_1.8.0/stm32cubeide/plugins/com.st.stm32cube.ide.mcu.externaltools.gnu-tools-for-stm32.9-2020-q2-update.win32_2.0.0.202105311346/tools/bin/../lib/gcc/arm-none-eabi/9.3.1/thumb/v7e-m+fp/hard/crtend.o
LOAD c:/st/stm32cubeide_1.8.0/stm32cubeide/plugins/com.st.stm32cube.ide.mcu.externaltools.gnu-tools-for-stm32.9-2020-q2-update.win32_2.0.0.202105311346/tools/bin/../lib/gcc/arm-none-eabi/9.3.1/thumb/v7e-m+fp/hard/crtn.o
                0x0000000020020000                _estack = (ORIGIN (RAM) + LENGTH (RAM))
                0x0000000000000200                _Min_Heap_Size = 0x200
                0x0000000000000400                _Min_Stack_Size = 0x400

.isr_vector     0x0000000008000000      0x188
                0x0000000008000000                . = ALIGN (0x4)
 *(.isr_vector)
 .isr_vector    0x0000000008000000      0x188 ./Core/Startup/startup_stm32f407vgtx.o
                0x0000000008000000                g_pfnVectors
                0x0000000008000188                . = ALIGN (0x4)

.text           0x0000000008000190     0x442c
                0x0000000008000190                . = ALIGN (0x4)
 *(.text)
 .text          0x0000000008000190       0x40 c:/st/stm32cubeide_1.8.0/stm32cubeide/plugins/com.st.stm32cube.ide.mcu.externaltools.gnu-tools-for-stm32.9-2020-q2-update.win32_2.0.0.202105311346/tools/bin/../lib/gcc/arm-none-eabi/9.3.1/thumb/v7e-m+fp/hard/crtbegin.o
 .text          0x00000000080001d0       0x10 c:/st/stm32cubeide_1.8.0/stm32cubeide/plugins/com.st.stm32cube.ide.mcu.externaltools.gnu-tools-for-stm32.9-2020-q2-update.win32_2.0.0.202105311346/tools/bin/../lib/gcc/arm-none-eabi/9.3.1/../../../../arm-none-eabi/lib/thumb/v7e-m+fp/hard\libc_nano.a(lib_a-strlen.o)
                0x00000000080001d0                strlen
 .text          0x00000000080001e0       0xa0 c:/st/stm32cubeide_1.8.0/stm32cubeide/plugins/com.st.stm32cube.ide.mcu.externaltools.gnu-tools-for-stm32.9-2020-q2-update.win32_2.0.0.202105311346/tools/bin/../lib/gcc/arm-none-eabi/9.3.1/../../../../arm-none-eabi/lib/thumb/v7e-m+fp/hard\libc_nano.a(lib_a-memchr.o)
                0x00000000080001e0                memchr
 .text          0x0000000008000280       0x30 c:/st/stm32cubeide_1.8.0/stm32cubeide/plugins/com.st.stm32cube.ide.mcu.externaltools.gnu-tools-for-stm32.9-2020-q2-update.win32_2.0.0.202105311346/tools/bin/../lib/gcc/arm-none-eabi/9.3.1/thumb/v7e-m+fp/hard\libgcc.a(_aeabi_uldivmod.o)
                0x0000000008000280                __aeabi_uldivmod
 .text          0x00000000080002b0      0x2c4 c:/st/stm32cubeide_1.8.0/stm32cubeide/plugins/com.st.stm32cube.ide.mcu.externaltools.gnu-tools-for-stm32.9-2020-q2-update.win32_2.0.0.202105311346/tools/bin/../lib/gcc/arm-none-eabi/9.3.1/thumb/v7e-m+fp/hard\libgcc.a(_udivmoddi4.o)
                0x00000000080002b0                __udivmoddi4
 .text          0x0000000008000574        0x4 c:/st/stm32cubeide_1.8.0/stm32cubeide/plugins/com.st.stm32cube.ide.mcu.externaltools.gnu-tools-for-stm32.9-2020-q2-update.win32_2.0.0.202105311346/tools/bin/../lib/gcc/arm-none-eabi/9.3.1/thumb/v7e-m+fp/hard\libgcc.a(_dvmd_tls.o)
                0x0000000008000574                __aeabi_idiv0
                0x0000000008000574                __aeabi_ldiv0
 *(.text*)
 .text.red_LED_task
                0x0000000008000578       0x20 ./Core/Src/main.o
                0x0000000008000578                red_LED_task
 .text.green_LED_task
                0x0000000008000598       0x20 ./Core/Src/main.o
                0x0000000008000598                green_LED_task
 .text.task1    0x00000000080005b8       0x10 ./Core/Src/main.o
                0x00000000080005b8                task1
 .text.task2    0x00000000080005c8       0x10 ./Core/Src/main.o
                0x00000000080005c8                task2
 .text.task3    0x00000000080005d8       0x10 ./Core/Src/main.o
                0x00000000080005d8                task3
 .text.print_task
                0x00000000080005e8       0x16 ./Core/Src/main.o
                0x00000000080005e8                print_task
 *fill*         0x00000000080005fe        0x2 
 .text.main     0x0000000008000600       0xc4 ./Core/Src/main.o
                0x0000000008000600                main
 .text.SystemClock_Config
                0x00000000080006c4       0xd4 ./Core/Src/main.o
                0x00000000080006c4                SystemClock_Config
 .text.MX_USART2_UART_Init
                0x0000000008000798       0x54 ./Core/Src/main.o
 .text.MX_GPIO_Init
                0x00000000080007ec      0x2bc ./Core/Src/main.o
 .text.HAL_TIM_PeriodElapsedCallback
                0x0000000008000aa8       0x24 ./Core/Src/main.o
                0x0000000008000aa8                HAL_TIM_PeriodElapsedCallback
 .text.Error_Handler
                0x0000000008000acc        0xa ./Core/Src/main.o
                0x0000000008000acc                Error_Handler
 *fill*         0x0000000008000ad6        0x2 
 .text.HAL_MspInit
                0x0000000008000ad8       0x50 ./Core/Src/stm32f4xx_hal_msp.o
                0x0000000008000ad8                HAL_MspInit
 .text.HAL_UART_MspInit
                0x0000000008000b28       0x90 ./Core/Src/stm32f4xx_hal_msp.o
                0x0000000008000b28                HAL_UART_MspInit
 .text.HAL_InitTick
                0x0000000008000bb8       0xb4 ./Core/Src/stm32f4xx_hal_timebase_tim.o
                0x0000000008000bb8                HAL_InitTick
 .text.NMI_Handler
                0x0000000008000c6c        0x6 ./Core/Src/stm32f4xx_it.o
                0x0000000008000c6c                NMI_Handler
 .text.HardFault_Handler
                0x0000000008000c72        0x6 ./Core/Src/stm32f4xx_it.o
                0x0000000008000c72                HardFault_Handler
 .text.MemManage_Handler
                0x0000000008000c78        0x6 ./Core/Src/stm32f4xx_it.o
                0x0000000008000c78                MemManage_Handler
 .text.BusFault_Handler
                0x0000000008000c7e        0x6 ./Core/Src/stm32f4xx_it.o
                0x0000000008000c7e                BusFault_Handler
 .text.UsageFault_Handler
                0x0000000008000c84        0x6 ./Core/Src/stm32f4xx_it.o
                0x0000000008000c84                UsageFault_Handler
 .text.DebugMon_Handler
                0x0000000008000c8a        0xe ./Core/Src/stm32f4xx_it.o
                0x0000000008000c8a                DebugMon_Handler
 .text.TIM7_IRQHandler
                0x0000000008000c98       0x14 ./Core/Src/stm32f4xx_it.o
                0x0000000008000c98                TIM7_IRQHandler
 .text._sbrk    0x0000000008000cac       0x6c ./Core/Src/sysmem.o
                0x0000000008000cac                _sbrk
 .text.SystemInit
                0x0000000008000d18       0x24 ./Core/Src/system_stm32f4xx.o
                0x0000000008000d18                SystemInit
 .text.Reset_Handler
                0x0000000008000d3c       0x50 ./Core/Startup/startup_stm32f407vgtx.o
                0x0000000008000d3c                Reset_Handler
 .text.Default_Handler
                0x0000000008000d8c        0x2 ./Core/Startup/startup_stm32f407vgtx.o
                0x0000000008000d8c                RTC_Alarm_IRQHandler
                0x0000000008000d8c                HASH_RNG_IRQHandler
                0x0000000008000d8c                EXTI2_IRQHandler
                0x0000000008000d8c                TIM8_CC_IRQHandler
                0x0000000008000d8c                TIM1_CC_IRQHandler
                0x0000000008000d8c                DMA2_Stream5_IRQHandler
                0x0000000008000d8c                DMA1_Stream5_IRQHandler
                0x0000000008000d8c                PVD_IRQHandler
                0x0000000008000d8c                SDIO_IRQHandler
                0x0000000008000d8c                TAMP_STAMP_IRQHandler
                0x0000000008000d8c                CAN2_RX1_IRQHandler
                0x0000000008000d8c                EXTI3_IRQHandler
                0x0000000008000d8c                TIM8_TRG_COM_TIM14_IRQHandler
                0x0000000008000d8c                TIM1_UP_TIM10_IRQHandler
                0x0000000008000d8c                TIM8_UP_TIM13_IRQHandler
                0x0000000008000d8c                I2C3_ER_IRQHandler
                0x0000000008000d8c                EXTI0_IRQHandler
                0x0000000008000d8c                I2C2_EV_IRQHandler
                0x0000000008000d8c                DMA1_Stream2_IRQHandler
                0x0000000008000d8c                CAN1_RX0_IRQHandler
                0x0000000008000d8c                FPU_IRQHandler
                0x0000000008000d8c                OTG_HS_WKUP_IRQHandler
                0x0000000008000d8c                CAN2_SCE_IRQHandler
                0x0000000008000d8c                DMA2_Stream2_IRQHandler
                0x0000000008000d8c                SPI1_IRQHandler
                0x0000000008000d8c                TIM6_DAC_IRQHandler
                0x0000000008000d8c                TIM1_BRK_TIM9_IRQHandler
                0x0000000008000d8c                DCMI_IRQHandler
                0x0000000008000d8c                CAN2_RX0_IRQHandler
                0x0000000008000d8c                DMA2_Stream3_IRQHandler
                0x0000000008000d8c                USART6_IRQHandler
                0x0000000008000d8c                USART3_IRQHandler
                0x0000000008000d8c                CAN1_RX1_IRQHandler
                0x0000000008000d8c                UART5_IRQHandler
                0x0000000008000d8c                DMA2_Stream0_IRQHandler
                0x0000000008000d8c                TIM4_IRQHandler
                0x0000000008000d8c                I2C1_EV_IRQHandler
                0x0000000008000d8c                DMA1_Stream6_IRQHandler
                0x0000000008000d8c                DMA1_Stream1_IRQHandler
                0x0000000008000d8c                UART4_IRQHandler
                0x0000000008000d8c                TIM3_IRQHandler
                0x0000000008000d8c                RCC_IRQHandler
                0x0000000008000d8c                TIM8_BRK_TIM12_IRQHandler
                0x0000000008000d8c                Default_Handler
                0x0000000008000d8c                EXTI15_10_IRQHandler
                0x0000000008000d8c                ADC_IRQHandler
                0x0000000008000d8c                DMA1_Stream7_IRQHandler
                0x0000000008000d8c                CAN2_TX_IRQHandler
                0x0000000008000d8c                TIM5_IRQHandler
                0x0000000008000d8c                DMA2_Stream7_IRQHandler
                0x0000000008000d8c                I2C3_EV_IRQHandler
                0x0000000008000d8c                EXTI9_5_IRQHandler
                0x0000000008000d8c                RTC_WKUP_IRQHandler
                0x0000000008000d8c                ETH_WKUP_IRQHandler
                0x0000000008000d8c                SPI2_IRQHandler
                0x0000000008000d8c                OTG_HS_EP1_IN_IRQHandler
                0x0000000008000d8c                DMA1_Stream0_IRQHandler
                0x0000000008000d8c                CAN1_TX_IRQHandler
                0x0000000008000d8c                EXTI4_IRQHandler
                0x0000000008000d8c                FSMC_IRQHandler
                0x0000000008000d8c                ETH_IRQHandler
                0x0000000008000d8c                OTG_HS_EP1_OUT_IRQHandler
                0x0000000008000d8c                WWDG_IRQHandler
                0x0000000008000d8c                TIM2_IRQHandler
                0x0000000008000d8c                OTG_FS_WKUP_IRQHandler
                0x0000000008000d8c                TIM1_TRG_COM_TIM11_IRQHandler
                0x0000000008000d8c                OTG_HS_IRQHandler
                0x0000000008000d8c                EXTI1_IRQHandler
                0x0000000008000d8c                USART2_IRQHandler
                0x0000000008000d8c                I2C2_ER_IRQHandler
                0x0000000008000d8c                DMA2_Stream1_IRQHandler
                0x0000000008000d8c                CAN1_SCE_IRQHandler
                0x0000000008000d8c                FLASH_IRQHandler
                0x0000000008000d8c                DMA2_Stream4_IRQHandler
                0x0000000008000d8c                USART1_IRQHandler
                0x0000000008000d8c                OTG_FS_IRQHandler
                0x0000000008000d8c                SPI3_IRQHandler
                0x0000000008000d8c                DMA1_Stream4_IRQHandler
                0x0000000008000d8c                I2C1_ER_IRQHandler
                0x0000000008000d8c                DMA2_Stream6_IRQHandler
                0x0000000008000d8c                DMA1_Stream3_IRQHandler
 *fill*         0x0000000008000d8e        0x2 
 .text.HAL_Init
                0x0000000008000d90       0x44 ./Drivers/STM32F4xx_HAL_Driver/Src/stm32f4xx_hal.o
                0x0000000008000d90                HAL_Init
 .text.HAL_IncTick
                0x0000000008000dd4       0x28 ./Drivers/STM32F4xx_HAL_Driver/Src/stm32f4xx_hal.o
                0x0000000008000dd4                HAL_IncTick
 .text.HAL_GetTick
                0x0000000008000dfc       0x18 ./Drivers/STM32F4xx_HAL_Driver/Src/stm32f4xx_hal.o
                0x0000000008000dfc                HAL_GetTick
 .text.__NVIC_SetPriorityGrouping
                0x0000000008000e14       0x48 ./Drivers/STM32F4xx_HAL_Driver/Src/stm32f4xx_hal_cortex.o
 .text.__NVIC_GetPriorityGrouping
                0x0000000008000e5c       0x1c ./Drivers/STM32F4xx_HAL_Driver/Src/stm32f4xx_hal_cortex.o
 .text.__NVIC_EnableIRQ
                0x0000000008000e78       0x3c ./Drivers/STM32F4xx_HAL_Driver/Src/stm32f4xx_hal_cortex.o
 .text.__NVIC_SetPriority
                0x0000000008000eb4       0x54 ./Drivers/STM32F4xx_HAL_Driver/Src/stm32f4xx_hal_cortex.o
 .text.NVIC_EncodePriority
                0x0000000008000f08       0x66 ./Drivers/STM32F4xx_HAL_Driver/Src/stm32f4xx_hal_cortex.o
 .text.HAL_NVIC_SetPriorityGrouping
                0x0000000008000f6e       0x16 ./Drivers/STM32F4xx_HAL_Driver/Src/stm32f4xx_hal_cortex.o
                0x0000000008000f6e                HAL_NVIC_SetPriorityGrouping
 .text.HAL_NVIC_SetPriority
                0x0000000008000f84       0x38 ./Drivers/STM32F4xx_HAL_Driver/Src/stm32f4xx_hal_cortex.o
                0x0000000008000f84                HAL_NVIC_SetPriority
 .text.HAL_NVIC_EnableIRQ
                0x0000000008000fbc       0x1c ./Drivers/STM32F4xx_HAL_Driver/Src/stm32f4xx_hal_cortex.o
                0x0000000008000fbc                HAL_NVIC_EnableIRQ
 .text.HAL_GPIO_Init
                0x0000000008000fd8      0x338 ./Drivers/STM32F4xx_HAL_Driver/Src/stm32f4xx_hal_gpio.o
                0x0000000008000fd8                HAL_GPIO_Init
 .text.HAL_GPIO_WritePin
                0x0000000008001310       0x32 ./Drivers/STM32F4xx_HAL_Driver/Src/stm32f4xx_hal_gpio.o
                0x0000000008001310                HAL_GPIO_WritePin
 .text.HAL_GPIO_TogglePin
                0x0000000008001342       0x34 ./Drivers/STM32F4xx_HAL_Driver/Src/stm32f4xx_hal_gpio.o
                0x0000000008001342                HAL_GPIO_TogglePin
 *fill*         0x0000000008001376        0x2 
 .text.HAL_RCC_OscConfig
                0x0000000008001378      0x4f0 ./Drivers/STM32F4xx_HAL_Driver/Src/stm32f4xx_hal_rcc.o
                0x0000000008001378                HAL_RCC_OscConfig
 .text.HAL_RCC_ClockConfig
                0x0000000008001868      0x1cc ./Drivers/STM32F4xx_HAL_Driver/Src/stm32f4xx_hal_rcc.o
                0x0000000008001868                HAL_RCC_ClockConfig
 .text.HAL_RCC_GetSysClockFreq
                0x0000000008001a34      0x1c4 ./Drivers/STM32F4xx_HAL_Driver/Src/stm32f4xx_hal_rcc.o
                0x0000000008001a34                HAL_RCC_GetSysClockFreq
 .text.HAL_RCC_GetHCLKFreq
                0x0000000008001bf8       0x18 ./Drivers/STM32F4xx_HAL_Driver/Src/stm32f4xx_hal_rcc.o
                0x0000000008001bf8                HAL_RCC_GetHCLKFreq
 .text.HAL_RCC_GetPCLK1Freq
                0x0000000008001c10       0x28 ./Drivers/STM32F4xx_HAL_Driver/Src/stm32f4xx_hal_rcc.o
                0x0000000008001c10                HAL_RCC_GetPCLK1Freq
 .text.HAL_RCC_GetPCLK2Freq
                0x0000000008001c38       0x28 ./Drivers/STM32F4xx_HAL_Driver/Src/stm32f4xx_hal_rcc.o
                0x0000000008001c38                HAL_RCC_GetPCLK2Freq
 .text.HAL_RCC_GetClockConfig
                0x0000000008001c60       0x64 ./Drivers/STM32F4xx_HAL_Driver/Src/stm32f4xx_hal_rcc.o
                0x0000000008001c60                HAL_RCC_GetClockConfig
 .text.HAL_TIM_Base_Init
                0x0000000008001cc4       0x9e ./Drivers/STM32F4xx_HAL_Driver/Src/stm32f4xx_hal_tim.o
                0x0000000008001cc4                HAL_TIM_Base_Init
 .text.HAL_TIM_Base_MspInit
                0x0000000008001d62       0x14 ./Drivers/STM32F4xx_HAL_Driver/Src/stm32f4xx_hal_tim.o
                0x0000000008001d62                HAL_TIM_Base_MspInit
 *fill*         0x0000000008001d76        0x2 
 .text.HAL_TIM_Base_Start_IT
                0x0000000008001d78       0xe0 ./Drivers/STM32F4xx_HAL_Driver/Src/stm32f4xx_hal_tim.o
                0x0000000008001d78                HAL_TIM_Base_Start_IT
 .text.HAL_TIM_IRQHandler
                0x0000000008001e58      0x210 ./Drivers/STM32F4xx_HAL_Driver/Src/stm32f4xx_hal_tim.o
                0x0000000008001e58                HAL_TIM_IRQHandler
 .text.HAL_TIM_OC_DelayElapsedCallback
                0x0000000008002068       0x14 ./Drivers/STM32F4xx_HAL_Driver/Src/stm32f4xx_hal_tim.o
                0x0000000008002068                HAL_TIM_OC_DelayElapsedCallback
 .text.HAL_TIM_IC_CaptureCallback
                0x000000000800207c       0x14 ./Drivers/STM32F4xx_HAL_Driver/Src/stm32f4xx_hal_tim.o
                0x000000000800207c                HAL_TIM_IC_CaptureCallback
 .text.HAL_TIM_PWM_PulseFinishedCallback
                0x0000000008002090       0x14 ./Drivers/STM32F4xx_HAL_Driver/Src/stm32f4xx_hal_tim.o
                0x0000000008002090                HAL_TIM_PWM_PulseFinishedCallback
 .text.HAL_TIM_TriggerCallback
                0x00000000080020a4       0x14 ./Drivers/STM32F4xx_HAL_Driver/Src/stm32f4xx_hal_tim.o
                0x00000000080020a4                HAL_TIM_TriggerCallback
 .text.TIM_Base_SetConfig
                0x00000000080020b8      0x140 ./Drivers/STM32F4xx_HAL_Driver/Src/stm32f4xx_hal_tim.o
                0x00000000080020b8                TIM_Base_SetConfig
 .text.HAL_TIMEx_CommutCallback
                0x00000000080021f8       0x14 ./Drivers/STM32F4xx_HAL_Driver/Src/stm32f4xx_hal_tim_ex.o
                0x00000000080021f8                HAL_TIMEx_CommutCallback
 .text.HAL_TIMEx_BreakCallback
                0x000000000800220c       0x14 ./Drivers/STM32F4xx_HAL_Driver/Src/stm32f4xx_hal_tim_ex.o
                0x000000000800220c                HAL_TIMEx_BreakCallback
 .text.HAL_UART_Init
                0x0000000008002220       0x9a ./Drivers/STM32F4xx_HAL_Driver/Src/stm32f4xx_hal_uart.o
                0x0000000008002220                HAL_UART_Init
 .text.HAL_UART_Transmit
                0x00000000080022ba      0x124 ./Drivers/STM32F4xx_HAL_Driver/Src/stm32f4xx_hal_uart.o
                0x00000000080022ba                HAL_UART_Transmit
 .text.UART_WaitOnFlagUntilTimeout
                0x00000000080023de       0xdc ./Drivers/STM32F4xx_HAL_Driver/Src/stm32f4xx_hal_uart.o
 *fill*         0x00000000080024ba        0x2 
 .text.UART_SetConfig
                0x00000000080024bc      0x390 ./Drivers/STM32F4xx_HAL_Driver/Src/stm32f4xx_hal_uart.o
 .text.vListInitialise
                0x000000000800284c       0x40 ./FreeRTOS/list.o
                0x000000000800284c                vListInitialise
 .text.vListInitialiseItem
                0x000000000800288c       0x1a ./FreeRTOS/list.o
                0x000000000800288c                vListInitialiseItem
 .text.vListInsertEnd
                0x00000000080028a6       0x48 ./FreeRTOS/list.o
                0x00000000080028a6                vListInsertEnd
 .text.vListInsert
                0x00000000080028ee       0x72 ./FreeRTOS/list.o
                0x00000000080028ee                vListInsert
 .text.uxListRemove
                0x0000000008002960       0x54 ./FreeRTOS/list.o
                0x0000000008002960                uxListRemove
 .text.xTaskCreate
                0x00000000080029b4       0xd0 ./FreeRTOS/tasks.o
                0x00000000080029b4                xTaskCreate
 .text.prvInitialiseNewTask
                0x0000000008002a84      0x11e ./FreeRTOS/tasks.o
 *fill*         0x0000000008002ba2        0x2 
 .text.prvAddNewTaskToReadyList
                0x0000000008002ba4       0xdc ./FreeRTOS/tasks.o
 .text.vTaskDelete
                0x0000000008002c80      0x120 ./FreeRTOS/tasks.o
                0x0000000008002c80                vTaskDelete
 .text.vTaskDelay
                0x0000000008002da0       0x68 ./FreeRTOS/tasks.o
                0x0000000008002da0                vTaskDelay
 .text.vTaskStartScheduler
                0x0000000008002e08       0x90 ./FreeRTOS/tasks.o
                0x0000000008002e08                vTaskStartScheduler
 .text.vTaskSuspendAll
                0x0000000008002e98       0x1c ./FreeRTOS/tasks.o
                0x0000000008002e98                vTaskSuspendAll
 .text.xTaskResumeAll
                0x0000000008002eb4      0x138 ./FreeRTOS/tasks.o
                0x0000000008002eb4                xTaskResumeAll
 .text.xTaskIncrementTick
                0x0000000008002fec      0x170 ./FreeRTOS/tasks.o
                0x0000000008002fec                xTaskIncrementTick
 .text.vTaskSwitchContext
                0x000000000800315c       0xb8 ./FreeRTOS/tasks.o
                0x000000000800315c                vTaskSwitchContext
 .text.prvIdleTask
                0x0000000008003214       0x30 ./FreeRTOS/tasks.o
 .text.prvInitialiseTaskLists
                0x0000000008003244       0x80 ./FreeRTOS/tasks.o
 .text.prvCheckTasksWaitingTermination
                0x00000000080032c4       0x5c ./FreeRTOS/tasks.o
 .text.prvDeleteTCB
                0x0000000008003320       0x20 ./FreeRTOS/tasks.o
 .text.prvResetNextTaskUnblockTime
                0x0000000008003340       0x40 ./FreeRTOS/tasks.o
 .text.prvAddCurrentTaskToDelayedList
                0x0000000008003380       0xcc ./FreeRTOS/tasks.o
 .text.pxPortInitialiseStack
                0x000000000800344c       0x68 ./FreeRTOS/portable/ARM_CM4F/port.o
                0x000000000800344c                pxPortInitialiseStack
 .text.prvTaskExitError
                0x00000000080034b4       0x58 ./FreeRTOS/portable/ARM_CM4F/port.o
 *fill*         0x000000000800350c        0x4 
 .text.SVC_Handler
                0x0000000008003510       0x28 ./FreeRTOS/portable/ARM_CM4F/port.o
                0x0000000008003510                SVC_Handler
 .text.prvPortStartFirstTask
                0x0000000008003538       0x28 ./FreeRTOS/portable/ARM_CM4F/port.o
 .text.xPortStartScheduler
                0x0000000008003560      0x164 ./FreeRTOS/portable/ARM_CM4F/port.o
                0x0000000008003560                xPortStartScheduler
 .text.vPortEnterCritical
                0x00000000080036c4       0x60 ./FreeRTOS/portable/ARM_CM4F/port.o
                0x00000000080036c4                vPortEnterCritical
 .text.vPortExitCritical
                0x0000000008003724       0x54 ./FreeRTOS/portable/ARM_CM4F/port.o
                0x0000000008003724                vPortExitCritical
 *fill*         0x0000000008003778        0x8 
 .text.PendSV_Handler
                0x0000000008003780       0x68 ./FreeRTOS/portable/ARM_CM4F/port.o
                0x0000000008003780                PendSV_Handler
 .text.SysTick_Handler
                0x00000000080037e8       0x44 ./FreeRTOS/portable/ARM_CM4F/port.o
                0x00000000080037e8                SysTick_Handler
 .text.vPortSetupTimerInterrupt
                0x000000000800382c       0x48 ./FreeRTOS/portable/ARM_CM4F/port.o
                0x000000000800382c                vPortSetupTimerInterrupt
 .text.vPortEnableVFP
                0x0000000008003874       0x14 ./FreeRTOS/portable/ARM_CM4F/port.o
 .text.pvPortMalloc
                0x0000000008003888      0x224 ./FreeRTOS/portable/MemMang/heap_2.o
                0x0000000008003888                pvPortMalloc
 .text.vPortFree
                0x0000000008003aac      0x110 ./FreeRTOS/portable/MemMang/heap_2.o
                0x0000000008003aac                vPortFree
 .text.prvHeapInit
                0x0000000008003bbc       0x54 ./FreeRTOS/portable/MemMang/heap_2.o
 .text.vPrintFreeList
                0x0000000008003c10       0xc4 ./FreeRTOS/portable/MemMang/heap_2.o
                0x0000000008003c10                vPrintFreeList
 .text.__errno  0x0000000008003cd4        0xc c:/st/stm32cubeide_1.8.0/stm32cubeide/plugins/com.st.stm32cube.ide.mcu.externaltools.gnu-tools-for-stm32.9-2020-q2-update.win32_2.0.0.202105311346/tools/bin/../lib/gcc/arm-none-eabi/9.3.1/../../../../arm-none-eabi/lib/thumb/v7e-m+fp/hard\libc_nano.a(lib_a-errno.o)
                0x0000000008003cd4                __errno
 .text.__libc_init_array
                0x0000000008003ce0       0x48 c:/st/stm32cubeide_1.8.0/stm32cubeide/plugins/com.st.stm32cube.ide.mcu.externaltools.gnu-tools-for-stm32.9-2020-q2-update.win32_2.0.0.202105311346/tools/bin/../lib/gcc/arm-none-eabi/9.3.1/../../../../arm-none-eabi/lib/thumb/v7e-m+fp/hard\libc_nano.a(lib_a-init.o)
                0x0000000008003ce0                __libc_init_array
 .text.memcpy   0x0000000008003d28       0x1c c:/st/stm32cubeide_1.8.0/stm32cubeide/plugins/com.st.stm32cube.ide.mcu.externaltools.gnu-tools-for-stm32.9-2020-q2-update.win32_2.0.0.202105311346/tools/bin/../lib/gcc/arm-none-eabi/9.3.1/../../../../arm-none-eabi/lib/thumb/v7e-m+fp/hard\libc_nano.a(lib_a-memcpy-stub.o)
                0x0000000008003d28                memcpy
 .text.memset   0x0000000008003d44       0x10 c:/st/stm32cubeide_1.8.0/stm32cubeide/plugins/com.st.stm32cube.ide.mcu.externaltools.gnu-tools-for-stm32.9-2020-q2-update.win32_2.0.0.202105311346/tools/bin/../lib/gcc/arm-none-eabi/9.3.1/../../../../arm-none-eabi/lib/thumb/v7e-m+fp/hard\libc_nano.a(lib_a-memset.o)
                0x0000000008003d44                memset
 .text.sprintf  0x0000000008003d54       0x40 c:/st/stm32cubeide_1.8.0/stm32cubeide/plugins/com.st.stm32cube.ide.mcu.externaltools.gnu-tools-for-stm32.9-2020-q2-update.win32_2.0.0.202105311346/tools/bin/../lib/gcc/arm-none-eabi/9.3.1/../../../../arm-none-eabi/lib/thumb/v7e-m+fp/hard\libc_nano.a(lib_a-sprintf.o)
                0x0000000008003d54                siprintf
                0x0000000008003d54                sprintf
 .text.strcpy   0x0000000008003d94       0x10 c:/st/stm32cubeide_1.8.0/stm32cubeide/plugins/com.st.stm32cube.ide.mcu.externaltools.gnu-tools-for-stm32.9-2020-q2-update.win32_2.0.0.202105311346/tools/bin/../lib/gcc/arm-none-eabi/9.3.1/../../../../arm-none-eabi/lib/thumb/v7e-m+fp/hard\libc_nano.a(lib_a-strcpy.o)
                0x0000000008003d94                strcpy
 .text.__ssputs_r
                0x0000000008003da4       0xb6 c:/st/stm32cubeide_1.8.0/stm32cubeide/plugins/com.st.stm32cube.ide.mcu.externaltools.gnu-tools-for-stm32.9-2020-q2-update.win32_2.0.0.202105311346/tools/bin/../lib/gcc/arm-none-eabi/9.3.1/../../../../arm-none-eabi/lib/thumb/v7e-m+fp/hard\libc_nano.a(lib_a-nano-svfprintf.o)
                0x0000000008003da4                __ssputs_r
 *fill*         0x0000000008003e5a        0x2 
 .text._svfprintf_r
                0x0000000008003e5c      0x200 c:/st/stm32cubeide_1.8.0/stm32cubeide/plugins/com.st.stm32cube.ide.mcu.externaltools.gnu-tools-for-stm32.9-2020-q2-update.win32_2.0.0.202105311346/tools/bin/../lib/gcc/arm-none-eabi/9.3.1/../../../../arm-none-eabi/lib/thumb/v7e-m+fp/hard\libc_nano.a(lib_a-nano-svfprintf.o)
                0x0000000008003e5c                _svfiprintf_r
                0x0000000008003e5c                _svfprintf_r
 .text._printf_common
                0x000000000800405c       0xda c:/st/stm32cubeide_1.8.0/stm32cubeide/plugins/com.st.stm32cube.ide.mcu.externaltools.gnu-tools-for-stm32.9-2020-q2-update.win32_2.0.0.202105311346/tools/bin/../lib/gcc/arm-none-eabi/9.3.1/../../../../arm-none-eabi/lib/thumb/v7e-m+fp/hard\libc_nano.a(lib_a-nano-vfprintf_i.o)
                0x000000000800405c                _printf_common
 *fill*         0x0000000008004136        0x2 
 .text._printf_i
                0x0000000008004138      0x24c c:/st/stm32cubeide_1.8.0/stm32cubeide/plugins/com.st.stm32cube.ide.mcu.externaltools.gnu-tools-for-stm32.9-2020-q2-update.win32_2.0.0.202105311346/tools/bin/../lib/gcc/arm-none-eabi/9.3.1/../../../../arm-none-eabi/lib/thumb/v7e-m+fp/hard\libc_nano.a(lib_a-nano-vfprintf_i.o)
                0x0000000008004138                _printf_i
 .text.memmove  0x0000000008004384       0x34 c:/st/stm32cubeide_1.8.0/stm32cubeide/plugins/com.st.stm32cube.ide.mcu.externaltools.gnu-tools-for-stm32.9-2020-q2-update.win32_2.0.0.202105311346/tools/bin/../lib/gcc/arm-none-eabi/9.3.1/../../../../arm-none-eabi/lib/thumb/v7e-m+fp/hard\libc_nano.a(lib_a-memmove.o)
                0x0000000008004384                memmove
 .text._free_r  0x00000000080043b8       0xa0 c:/st/stm32cubeide_1.8.0/stm32cubeide/plugins/com.st.stm32cube.ide.mcu.externaltools.gnu-tools-for-stm32.9-2020-q2-update.win32_2.0.0.202105311346/tools/bin/../lib/gcc/arm-none-eabi/9.3.1/../../../../arm-none-eabi/lib/thumb/v7e-m+fp/hard\libc_nano.a(lib_a-nano-freer.o)
                0x00000000080043b8                _free_r
 .text._malloc_r
                0x0000000008004458       0xb4 c:/st/stm32cubeide_1.8.0/stm32cubeide/plugins/com.st.stm32cube.ide.mcu.externaltools.gnu-tools-for-stm32.9-2020-q2-update.win32_2.0.0.202105311346/tools/bin/../lib/gcc/arm-none-eabi/9.3.1/../../../../arm-none-eabi/lib/thumb/v7e-m+fp/hard\libc_nano.a(lib_a-nano-mallocr.o)
                0x0000000008004458                _malloc_r
 .text._realloc_r
                0x000000000800450c       0x4c c:/st/stm32cubeide_1.8.0/stm32cubeide/plugins/com.st.stm32cube.ide.mcu.externaltools.gnu-tools-for-stm32.9-2020-q2-update.win32_2.0.0.202105311346/tools/bin/../lib/gcc/arm-none-eabi/9.3.1/../../../../arm-none-eabi/lib/thumb/v7e-m+fp/hard\libc_nano.a(lib_a-nano-reallocr.o)
                0x000000000800450c                _realloc_r
 .text._sbrk_r  0x0000000008004558       0x20 c:/st/stm32cubeide_1.8.0/stm32cubeide/plugins/com.st.stm32cube.ide.mcu.externaltools.gnu-tools-for-stm32.9-2020-q2-update.win32_2.0.0.202105311346/tools/bin/../lib/gcc/arm-none-eabi/9.3.1/../../../../arm-none-eabi/lib/thumb/v7e-m+fp/hard\libc_nano.a(lib_a-sbrkr.o)
                0x0000000008004558                _sbrk_r
 .text.__malloc_lock
                0x0000000008004578        0xc c:/st/stm32cubeide_1.8.0/stm32cubeide/plugins/com.st.stm32cube.ide.mcu.externaltools.gnu-tools-for-stm32.9-2020-q2-update.win32_2.0.0.202105311346/tools/bin/../lib/gcc/arm-none-eabi/9.3.1/../../../../arm-none-eabi/lib/thumb/v7e-m+fp/hard\libc_nano.a(lib_a-mlock.o)
                0x0000000008004578                __malloc_lock
 .text.__malloc_unlock
                0x0000000008004584        0xc c:/st/stm32cubeide_1.8.0/stm32cubeide/plugins/com.st.stm32cube.ide.mcu.externaltools.gnu-tools-for-stm32.9-2020-q2-update.win32_2.0.0.202105311346/tools/bin/../lib/gcc/arm-none-eabi/9.3.1/../../../../arm-none-eabi/lib/thumb/v7e-m+fp/hard\libc_nano.a(lib_a-mlock.o)
                0x0000000008004584                __malloc_unlock
 .text._malloc_usable_size_r
                0x0000000008004590       0x10 c:/st/stm32cubeide_1.8.0/stm32cubeide/plugins/com.st.stm32cube.ide.mcu.externaltools.gnu-tools-for-stm32.9-2020-q2-update.win32_2.0.0.202105311346/tools/bin/../lib/gcc/arm-none-eabi/9.3.1/../../../../arm-none-eabi/lib/thumb/v7e-m+fp/hard\libc_nano.a(lib_a-nano-msizer.o)
                0x0000000008004590                _malloc_usable_size_r
 .text.__retarget_lock_acquire_recursive
                0x00000000080045a0        0x2 c:/st/stm32cubeide_1.8.0/stm32cubeide/plugins/com.st.stm32cube.ide.mcu.externaltools.gnu-tools-for-stm32.9-2020-q2-update.win32_2.0.0.202105311346/tools/bin/../lib/gcc/arm-none-eabi/9.3.1/../../../../arm-none-eabi/lib/thumb/v7e-m+fp/hard\libc_nano.a(lib_a-lock.o)
                0x00000000080045a0                __retarget_lock_acquire_recursive
 .text.__retarget_lock_release_recursive
                0x00000000080045a2        0x2 c:/st/stm32cubeide_1.8.0/stm32cubeide/plugins/com.st.stm32cube.ide.mcu.externaltools.gnu-tools-for-stm32.9-2020-q2-update.win32_2.0.0.202105311346/tools/bin/../lib/gcc/arm-none-eabi/9.3.1/../../../../arm-none-eabi/lib/thumb/v7e-m+fp/hard\libc_nano.a(lib_a-lock.o)
                0x00000000080045a2                __retarget_lock_release_recursive
 *(.glue_7)
 .glue_7        0x00000000080045a4        0x0 linker stubs
 *(.glue_7t)
 .glue_7t       0x00000000080045a4        0x0 linker stubs
 *(.eh_frame)
 .eh_frame      0x00000000080045a4        0x0 c:/st/stm32cubeide_1.8.0/stm32cubeide/plugins/com.st.stm32cube.ide.mcu.externaltools.gnu-tools-for-stm32.9-2020-q2-update.win32_2.0.0.202105311346/tools/bin/../lib/gcc/arm-none-eabi/9.3.1/thumb/v7e-m+fp/hard/crtbegin.o
 *(.init)
 .init          0x00000000080045a4        0x4 c:/st/stm32cubeide_1.8.0/stm32cubeide/plugins/com.st.stm32cube.ide.mcu.externaltools.gnu-tools-for-stm32.9-2020-q2-update.win32_2.0.0.202105311346/tools/bin/../lib/gcc/arm-none-eabi/9.3.1/thumb/v7e-m+fp/hard/crti.o
                0x00000000080045a4                _init
 .init          0x00000000080045a8        0x8 c:/st/stm32cubeide_1.8.0/stm32cubeide/plugins/com.st.stm32cube.ide.mcu.externaltools.gnu-tools-for-stm32.9-2020-q2-update.win32_2.0.0.202105311346/tools/bin/../lib/gcc/arm-none-eabi/9.3.1/thumb/v7e-m+fp/hard/crtn.o
 *(.fini)
 .fini          0x00000000080045b0        0x4 c:/st/stm32cubeide_1.8.0/stm32cubeide/plugins/com.st.stm32cube.ide.mcu.externaltools.gnu-tools-for-stm32.9-2020-q2-update.win32_2.0.0.202105311346/tools/bin/../lib/gcc/arm-none-eabi/9.3.1/thumb/v7e-m+fp/hard/crti.o
                0x00000000080045b0                _fini
 .fini          0x00000000080045b4        0x8 c:/st/stm32cubeide_1.8.0/stm32cubeide/plugins/com.st.stm32cube.ide.mcu.externaltools.gnu-tools-for-stm32.9-2020-q2-update.win32_2.0.0.202105311346/tools/bin/../lib/gcc/arm-none-eabi/9.3.1/thumb/v7e-m+fp/hard/crtn.o
                0x00000000080045bc                . = ALIGN (0x4)
                0x00000000080045bc                _etext = .

.vfp11_veneer   0x00000000080045bc        0x0
 .vfp11_veneer  0x00000000080045bc        0x0 linker stubs

.v4_bx          0x00000000080045bc        0x0
 .v4_bx         0x00000000080045bc        0x0 linker stubs

.iplt           0x00000000080045bc        0x0
 .iplt          0x00000000080045bc        0x0 c:/st/stm32cubeide_1.8.0/stm32cubeide/plugins/com.st.stm32cube.ide.mcu.externaltools.gnu-tools-for-stm32.9-2020-q2-update.win32_2.0.0.202105311346/tools/bin/../lib/gcc/arm-none-eabi/9.3.1/thumb/v7e-m+fp/hard/crtbegin.o

.rodata         0x00000000080045bc      0x174
                0x00000000080045bc                . = ALIGN (0x4)
 *(.rodata)
 .rodata        0x00000000080045bc       0x32 ./Core/Src/main.o
 *fill*         0x00000000080045ee        0x2 
 .rodata        0x00000000080045f0        0x9 ./FreeRTOS/tasks.o
 *fill*         0x00000000080045f9        0x3 
 .rodata        0x00000000080045fc       0xe7 ./FreeRTOS/portable/MemMang/heap_2.o
 *(.rodata*)
 *fill*         0x00000000080046e3        0x1 
 .rodata.AHBPrescTable
                0x00000000080046e4       0x10 ./Core/Src/system_stm32f4xx.o
                0x00000000080046e4                AHBPrescTable
 .rodata.APBPrescTable
                0x00000000080046f4        0x8 ./Core/Src/system_stm32f4xx.o
                0x00000000080046f4                APBPrescTable
 .rodata._svfprintf_r.str1.1
                0x00000000080046fc       0x11 c:/st/stm32cubeide_1.8.0/stm32cubeide/plugins/com.st.stm32cube.ide.mcu.externaltools.gnu-tools-for-stm32.9-2020-q2-update.win32_2.0.0.202105311346/tools/bin/../lib/gcc/arm-none-eabi/9.3.1/../../../../arm-none-eabi/lib/thumb/v7e-m+fp/hard\libc_nano.a(lib_a-nano-svfprintf.o)
 .rodata._printf_i.str1.1
                0x000000000800470d       0x22 c:/st/stm32cubeide_1.8.0/stm32cubeide/plugins/com.st.stm32cube.ide.mcu.externaltools.gnu-tools-for-stm32.9-2020-q2-update.win32_2.0.0.202105311346/tools/bin/../lib/gcc/arm-none-eabi/9.3.1/../../../../arm-none-eabi/lib/thumb/v7e-m+fp/hard\libc_nano.a(lib_a-nano-vfprintf_i.o)
                0x0000000008004730                . = ALIGN (0x4)
 *fill*         0x000000000800472f        0x1 

.ARM.extab      0x0000000008004730        0x0
                0x0000000008004730                . = ALIGN (0x4)
 *(.ARM.extab* .gnu.linkonce.armextab.*)
                0x0000000008004730                . = ALIGN (0x4)

.ARM            0x0000000008004730        0x8
                0x0000000008004730                . = ALIGN (0x4)
                0x0000000008004730                __exidx_start = .
 *(.ARM.exidx*)
 .ARM.exidx     0x0000000008004730        0x8 c:/st/stm32cubeide_1.8.0/stm32cubeide/plugins/com.st.stm32cube.ide.mcu.externaltools.gnu-tools-for-stm32.9-2020-q2-update.win32_2.0.0.202105311346/tools/bin/../lib/gcc/arm-none-eabi/9.3.1/thumb/v7e-m+fp/hard\libgcc.a(_udivmoddi4.o)
                0x0000000008004738                __exidx_end = .
                0x0000000008004738                . = ALIGN (0x4)

.rel.dyn        0x0000000008004738        0x0
 .rel.iplt      0x0000000008004738        0x0 c:/st/stm32cubeide_1.8.0/stm32cubeide/plugins/com.st.stm32cube.ide.mcu.externaltools.gnu-tools-for-stm32.9-2020-q2-update.win32_2.0.0.202105311346/tools/bin/../lib/gcc/arm-none-eabi/9.3.1/thumb/v7e-m+fp/hard/crtbegin.o

.preinit_array  0x0000000008004738        0x0
                0x0000000008004738                . = ALIGN (0x4)
                0x0000000008004738                PROVIDE (__preinit_array_start = .)
 *(.preinit_array*)
                0x0000000008004738                PROVIDE (__preinit_array_end = .)
                0x0000000008004738                . = ALIGN (0x4)

.init_array     0x0000000008004738        0x4
                0x0000000008004738                . = ALIGN (0x4)
                0x0000000008004738                PROVIDE (__init_array_start = .)
 *(SORT_BY_NAME(.init_array.*))
 *(.init_array*)
 .init_array    0x0000000008004738        0x4 c:/st/stm32cubeide_1.8.0/stm32cubeide/plugins/com.st.stm32cube.ide.mcu.externaltools.gnu-tools-for-stm32.9-2020-q2-update.win32_2.0.0.202105311346/tools/bin/../lib/gcc/arm-none-eabi/9.3.1/thumb/v7e-m+fp/hard/crtbegin.o
                0x000000000800473c                PROVIDE (__init_array_end = .)
                0x000000000800473c                . = ALIGN (0x4)

.fini_array     0x000000000800473c        0x4
                0x000000000800473c                . = ALIGN (0x4)
                [!provide]                        PROVIDE (__fini_array_start = .)
 *(SORT_BY_NAME(.fini_array.*))
 *(.fini_array*)
 .fini_array    0x000000000800473c        0x4 c:/st/stm32cubeide_1.8.0/stm32cubeide/plugins/com.st.stm32cube.ide.mcu.externaltools.gnu-tools-for-stm32.9-2020-q2-update.win32_2.0.0.202105311346/tools/bin/../lib/gcc/arm-none-eabi/9.3.1/thumb/v7e-m+fp/hard/crtbegin.o
                [!provide]                        PROVIDE (__fini_array_end = .)
                0x0000000008004740                . = ALIGN (0x4)
                0x0000000008004740                _sidata = LOADADDR (.data)

.data           0x0000000020000000       0x78 load address 0x0000000008004740
                0x0000000020000000                . = ALIGN (0x4)
                0x0000000020000000                _sdata = .
 *(.data)
 *(.data*)
 .data.SystemCoreClock
                0x0000000020000000        0x4 ./Core/Src/system_stm32f4xx.o
                0x0000000020000000                SystemCoreClock
 .data.uwTickPrio
                0x0000000020000004        0x4 ./Drivers/STM32F4xx_HAL_Driver/Src/stm32f4xx_hal.o
                0x0000000020000004                uwTickPrio
 .data.uwTickFreq
                0x0000000020000008        0x1 ./Drivers/STM32F4xx_HAL_Driver/Src/stm32f4xx_hal.o
                0x0000000020000008                uwTickFreq
 *fill*         0x0000000020000009        0x3 
 .data.uxCriticalNesting
                0x000000002000000c        0x4 ./FreeRTOS/portable/ARM_CM4F/port.o
 .data.xFreeBytesRemaining
                0x0000000020000010        0x4 ./FreeRTOS/portable/MemMang/heap_2.o
 .data._impure_ptr
                0x0000000020000014        0x4 c:/st/stm32cubeide_1.8.0/stm32cubeide/plugins/com.st.stm32cube.ide.mcu.externaltools.gnu-tools-for-stm32.9-2020-q2-update.win32_2.0.0.202105311346/tools/bin/../lib/gcc/arm-none-eabi/9.3.1/../../../../arm-none-eabi/lib/thumb/v7e-m+fp/hard\libc_nano.a(lib_a-impure.o)
                0x0000000020000014                _impure_ptr
 .data.impure_data
                0x0000000020000018       0x60 c:/st/stm32cubeide_1.8.0/stm32cubeide/plugins/com.st.stm32cube.ide.mcu.externaltools.gnu-tools-for-stm32.9-2020-q2-update.win32_2.0.0.202105311346/tools/bin/../lib/gcc/arm-none-eabi/9.3.1/../../../../arm-none-eabi/lib/thumb/v7e-m+fp/hard\libc_nano.a(lib_a-impure.o)
 *(.RamFunc)
 *(.RamFunc*)
                0x0000000020000078                . = ALIGN (0x4)
                0x0000000020000078                _edata = .
                0x00000000080047b8                _siccmram = LOADADDR (.ccmram)

.igot.plt       0x0000000020000078        0x0 load address 0x00000000080047b8
 .igot.plt      0x0000000020000078        0x0 c:/st/stm32cubeide_1.8.0/stm32cubeide/plugins/com.st.stm32cube.ide.mcu.externaltools.gnu-tools-for-stm32.9-2020-q2-update.win32_2.0.0.202105311346/tools/bin/../lib/gcc/arm-none-eabi/9.3.1/thumb/v7e-m+fp/hard/crtbegin.o

.ccmram         0x0000000010000000        0x0 load address 0x00000000080047b8
                0x0000000010000000                . = ALIGN (0x4)
                0x0000000010000000                _sccmram = .
 *(.ccmram)
 *(.ccmram*)
                0x0000000010000000                . = ALIGN (0x4)
                0x0000000010000000                _eccmram = .
                0x0000000010000000                . = ALIGN (0x4)

.bss            0x0000000020000078     0x15e8
                0x0000000020000078                _sbss = .
                0x0000000020000078                __bss_start__ = _sbss
 *(.bss)
 .bss           0x0000000020000078       0x1c c:/st/stm32cubeide_1.8.0/stm32cubeide/plugins/com.st.stm32cube.ide.mcu.externaltools.gnu-tools-for-stm32.9-2020-q2-update.win32_2.0.0.202105311346/tools/bin/../lib/gcc/arm-none-eabi/9.3.1/thumb/v7e-m+fp/hard/crtbegin.o
 *(.bss*)
 .bss.__sbrk_heap_end
                0x0000000020000094        0x4 ./Core/Src/sysmem.o
 .bss.pxCurrentTCB
                0x0000000020000098        0x4 ./FreeRTOS/tasks.o
                0x0000000020000098                pxCurrentTCB
 .bss.pxReadyTasksLists
                0x000000002000009c       0x64 ./FreeRTOS/tasks.o
 .bss.xDelayedTaskList1
                0x0000000020000100       0x14 ./FreeRTOS/tasks.o
 .bss.xDelayedTaskList2
                0x0000000020000114       0x14 ./FreeRTOS/tasks.o
 .bss.pxDelayedTaskList
                0x0000000020000128        0x4 ./FreeRTOS/tasks.o
 .bss.pxOverflowDelayedTaskList
                0x000000002000012c        0x4 ./FreeRTOS/tasks.o
 .bss.xPendingReadyList
                0x0000000020000130       0x14 ./FreeRTOS/tasks.o
 .bss.xTasksWaitingTermination
                0x0000000020000144       0x14 ./FreeRTOS/tasks.o
 .bss.uxDeletedTasksWaitingCleanUp
                0x0000000020000158        0x4 ./FreeRTOS/tasks.o
 .bss.xSuspendedTaskList
                0x000000002000015c       0x14 ./FreeRTOS/tasks.o
 .bss.uxCurrentNumberOfTasks
                0x0000000020000170        0x4 ./FreeRTOS/tasks.o
 .bss.xTickCount
                0x0000000020000174        0x4 ./FreeRTOS/tasks.o
 .bss.uxTopReadyPriority
                0x0000000020000178        0x4 ./FreeRTOS/tasks.o
 .bss.xSchedulerRunning
                0x000000002000017c        0x4 ./FreeRTOS/tasks.o
 .bss.uxPendedTicks
                0x0000000020000180        0x4 ./FreeRTOS/tasks.o
 .bss.xYieldPending
                0x0000000020000184        0x4 ./FreeRTOS/tasks.o
 .bss.xNumOfOverflows
                0x0000000020000188        0x4 ./FreeRTOS/tasks.o
 .bss.uxTaskNumber
                0x000000002000018c        0x4 ./FreeRTOS/tasks.o
 .bss.xNextTaskUnblockTime
                0x0000000020000190        0x4 ./FreeRTOS/tasks.o
 .bss.xIdleTaskHandle
                0x0000000020000194        0x4 ./FreeRTOS/tasks.o
 .bss.uxSchedulerSuspended
                0x0000000020000198        0x4 ./FreeRTOS/tasks.o
 .bss.ucMaxSysCallPriority
                0x000000002000019c        0x1 ./FreeRTOS/portable/ARM_CM4F/port.o
 *fill*         0x000000002000019d        0x3 
 .bss.ulMaxPRIGROUPValue
                0x00000000200001a0        0x4 ./FreeRTOS/portable/ARM_CM4F/port.o
 .bss.ucHeap    0x00000000200001a4     0x1400 ./FreeRTOS/portable/MemMang/heap_2.o
 .bss.xStart    0x00000000200015a4        0x8 ./FreeRTOS/portable/MemMang/heap_2.o
 .bss.xEnd      0x00000000200015ac        0x8 ./FreeRTOS/portable/MemMang/heap_2.o
 .bss.xHeapHasBeenInitialised.10213
                0x00000000200015b4        0x4 ./FreeRTOS/portable/MemMang/heap_2.o
 .bss.__malloc_free_list
                0x00000000200015b8        0x4 c:/st/stm32cubeide_1.8.0/stm32cubeide/plugins/com.st.stm32cube.ide.mcu.externaltools.gnu-tools-for-stm32.9-2020-q2-update.win32_2.0.0.202105311346/tools/bin/../lib/gcc/arm-none-eabi/9.3.1/../../../../arm-none-eabi/lib/thumb/v7e-m+fp/hard\libc_nano.a(lib_a-nano-mallocr.o)
                0x00000000200015b8                __malloc_free_list
 .bss.__malloc_sbrk_start
                0x00000000200015bc        0x4 c:/st/stm32cubeide_1.8.0/stm32cubeide/plugins/com.st.stm32cube.ide.mcu.externaltools.gnu-tools-for-stm32.9-2020-q2-update.win32_2.0.0.202105311346/tools/bin/../lib/gcc/arm-none-eabi/9.3.1/../../../../arm-none-eabi/lib/thumb/v7e-m+fp/hard\libc_nano.a(lib_a-nano-mallocr.o)
                0x00000000200015bc                __malloc_sbrk_start
 *(COMMON)
 COMMON         0x00000000200015c0       0x44 ./Core/Src/main.o
                0x00000000200015c0                huart2
 COMMON         0x0000000020001604       0x48 ./Core/Src/stm32f4xx_hal_timebase_tim.o
                0x0000000020001604                htim7
 COMMON         0x000000002000164c        0x4 ./Drivers/STM32F4xx_HAL_Driver/Src/stm32f4xx_hal.o
                0x000000002000164c                uwTick
 COMMON         0x0000000020001650        0x4 c:/st/stm32cubeide_1.8.0/stm32cubeide/plugins/com.st.stm32cube.ide.mcu.externaltools.gnu-tools-for-stm32.9-2020-q2-update.win32_2.0.0.202105311346/tools/bin/../lib/gcc/arm-none-eabi/9.3.1/../../../../arm-none-eabi/lib/thumb/v7e-m+fp/hard\libc_nano.a(lib_a-reent.o)
                0x0000000020001650                errno
 COMMON         0x0000000020001654        0x9 c:/st/stm32cubeide_1.8.0/stm32cubeide/plugins/com.st.stm32cube.ide.mcu.externaltools.gnu-tools-for-stm32.9-2020-q2-update.win32_2.0.0.202105311346/tools/bin/../lib/gcc/arm-none-eabi/9.3.1/../../../../arm-none-eabi/lib/thumb/v7e-m+fp/hard\libc_nano.a(lib_a-lock.o)
                0x0000000020001654                __lock___atexit_recursive_mutex
                0x0000000020001655                __lock___arc4random_mutex
                0x0000000020001656                __lock___env_recursive_mutex
                0x0000000020001657                __lock___sinit_recursive_mutex
                0x0000000020001658                __lock___malloc_recursive_mutex
                0x0000000020001659                __lock___at_quick_exit_mutex
                0x000000002000165a                __lock___dd_hash_mutex
                0x000000002000165b                __lock___tz_mutex
                0x000000002000165c                __lock___sfp_recursive_mutex
                0x0000000020001660                . = ALIGN (0x4)
 *fill*         0x000000002000165d        0x3 
                0x0000000020001660                _ebss = .
                0x0000000020001660                __bss_end__ = _ebss

._user_heap_stack
                0x0000000020001660      0x600
                0x0000000020001660                . = ALIGN (0x8)
                [!provide]                        PROVIDE (end = .)
                0x0000000020001660                PROVIDE (_end = .)
                0x0000000020001860                . = (. + _Min_Heap_Size)
 *fill*         0x0000000020001660      0x200 
                0x0000000020001c60                . = (. + _Min_Stack_Size)
 *fill*         0x0000000020001860      0x400 
                0x0000000020001c60                . = ALIGN (0x8)

/DISCARD/
 libc.a(*)
 libm.a(*)
 libgcc.a(*)

.ARM.attributes
                0x0000000000000000       0x30
 *(.ARM.attributes)
 .ARM.attributes
                0x0000000000000000       0x1e c:/st/stm32cubeide_1.8.0/stm32cubeide/plugins/com.st.stm32cube.ide.mcu.externaltools.gnu-tools-for-stm32.9-2020-q2-update.win32_2.0.0.202105311346/tools/bin/../lib/gcc/arm-none-eabi/9.3.1/thumb/v7e-m+fp/hard/crti.o
 .ARM.attributes
                0x000000000000001e       0x34 c:/st/stm32cubeide_1.8.0/stm32cubeide/plugins/com.st.stm32cube.ide.mcu.externaltools.gnu-tools-for-stm32.9-2020-q2-update.win32_2.0.0.202105311346/tools/bin/../lib/gcc/arm-none-eabi/9.3.1/thumb/v7e-m+fp/hard/crtbegin.o
 .ARM.attributes
                0x0000000000000052       0x34 ./Core/Src/main.o
 .ARM.attributes
                0x0000000000000086       0x34 ./Core/Src/stm32f4xx_hal_msp.o
 .ARM.attributes
                0x00000000000000ba       0x34 ./Core/Src/stm32f4xx_hal_timebase_tim.o
 .ARM.attributes
                0x00000000000000ee       0x34 ./Core/Src/stm32f4xx_it.o
 .ARM.attributes
                0x0000000000000122       0x34 ./Core/Src/sysmem.o
 .ARM.attributes
                0x0000000000000156       0x34 ./Core/Src/system_stm32f4xx.o
 .ARM.attributes
                0x000000000000018a       0x21 ./Core/Startup/startup_stm32f407vgtx.o
 .ARM.attributes
                0x00000000000001ab       0x34 ./Drivers/STM32F4xx_HAL_Driver/Src/stm32f4xx_hal.o
 .ARM.attributes
                0x00000000000001df       0x34 ./Drivers/STM32F4xx_HAL_Driver/Src/stm32f4xx_hal_cortex.o
 .ARM.attributes
                0x0000000000000213       0x34 ./Drivers/STM32F4xx_HAL_Driver/Src/stm32f4xx_hal_gpio.o
 .ARM.attributes
                0x0000000000000247       0x34 ./Drivers/STM32F4xx_HAL_Driver/Src/stm32f4xx_hal_rcc.o
 .ARM.attributes
                0x000000000000027b       0x34 ./Drivers/STM32F4xx_HAL_Driver/Src/stm32f4xx_hal_tim.o
 .ARM.attributes
                0x00000000000002af       0x34 ./Drivers/STM32F4xx_HAL_Driver/Src/stm32f4xx_hal_tim_ex.o
 .ARM.attributes
                0x00000000000002e3       0x34 ./Drivers/STM32F4xx_HAL_Driver/Src/stm32f4xx_hal_uart.o
 .ARM.attributes
                0x0000000000000317       0x34 ./FreeRTOS/list.o
 .ARM.attributes
                0x000000000000034b       0x34 ./FreeRTOS/tasks.o
 .ARM.attributes
                0x000000000000037f       0x34 ./FreeRTOS/portable/ARM_CM4F/port.o
 .ARM.attributes
                0x00000000000003b3       0x34 ./FreeRTOS/portable/MemMang/heap_2.o
 .ARM.attributes
                0x00000000000003e7       0x34 c:/st/stm32cubeide_1.8.0/stm32cubeide/plugins/com.st.stm32cube.ide.mcu.externaltools.gnu-tools-for-stm32.9-2020-q2-update.win32_2.0.0.202105311346/tools/bin/../lib/gcc/arm-none-eabi/9.3.1/../../../../arm-none-eabi/lib/thumb/v7e-m+fp/hard\libc_nano.a(lib_a-errno.o)
 .ARM.attributes
                0x000000000000041b       0x32 c:/st/stm32cubeide_1.8.0/stm32cubeide/plugins/com.st.stm32cube.ide.mcu.externaltools.gnu-tools-for-stm32.9-2020-q2-update.win32_2.0.0.202105311346/tools/bin/../lib/gcc/arm-none-eabi/9.3.1/../../../../arm-none-eabi/lib/thumb/v7e-m+fp/hard\libc_nano.a(lib_a-impure.o)
 .ARM.attributes
                0x000000000000044d       0x34 c:/st/stm32cubeide_1.8.0/stm32cubeide/plugins/com.st.stm32cube.ide.mcu.externaltools.gnu-tools-for-stm32.9-2020-q2-update.win32_2.0.0.202105311346/tools/bin/../lib/gcc/arm-none-eabi/9.3.1/../../../../arm-none-eabi/lib/thumb/v7e-m+fp/hard\libc_nano.a(lib_a-init.o)
 .ARM.attributes
                0x0000000000000481       0x34 c:/st/stm32cubeide_1.8.0/stm32cubeide/plugins/com.st.stm32cube.ide.mcu.externaltools.gnu-tools-for-stm32.9-2020-q2-update.win32_2.0.0.202105311346/tools/bin/../lib/gcc/arm-none-eabi/9.3.1/../../../../arm-none-eabi/lib/thumb/v7e-m+fp/hard\libc_nano.a(lib_a-memcpy-stub.o)
 .ARM.attributes
                0x00000000000004b5       0x34 c:/st/stm32cubeide_1.8.0/stm32cubeide/plugins/com.st.stm32cube.ide.mcu.externaltools.gnu-tools-for-stm32.9-2020-q2-update.win32_2.0.0.202105311346/tools/bin/../lib/gcc/arm-none-eabi/9.3.1/../../../../arm-none-eabi/lib/thumb/v7e-m+fp/hard\libc_nano.a(lib_a-memset.o)
 .ARM.attributes
                0x00000000000004e9       0x34 c:/st/stm32cubeide_1.8.0/stm32cubeide/plugins/com.st.stm32cube.ide.mcu.externaltools.gnu-tools-for-stm32.9-2020-q2-update.win32_2.0.0.202105311346/tools/bin/../lib/gcc/arm-none-eabi/9.3.1/../../../../arm-none-eabi/lib/thumb/v7e-m+fp/hard\libc_nano.a(lib_a-sprintf.o)
 .ARM.attributes
                0x000000000000051d       0x34 c:/st/stm32cubeide_1.8.0/stm32cubeide/plugins/com.st.stm32cube.ide.mcu.externaltools.gnu-tools-for-stm32.9-2020-q2-update.win32_2.0.0.202105311346/tools/bin/../lib/gcc/arm-none-eabi/9.3.1/../../../../arm-none-eabi/lib/thumb/v7e-m+fp/hard\libc_nano.a(lib_a-strcpy.o)
 .ARM.attributes
                0x0000000000000551       0x17 c:/st/stm32cubeide_1.8.0/stm32cubeide/plugins/com.st.stm32cube.ide.mcu.externaltools.gnu-tools-for-stm32.9-2020-q2-update.win32_2.0.0.202105311346/tools/bin/../lib/gcc/arm-none-eabi/9.3.1/../../../../arm-none-eabi/lib/thumb/v7e-m+fp/hard\libc_nano.a(lib_a-strlen.o)
 .ARM.attributes
                0x0000000000000568       0x34 c:/st/stm32cubeide_1.8.0/stm32cubeide/plugins/com.st.stm32cube.ide.mcu.externaltools.gnu-tools-for-stm32.9-2020-q2-update.win32_2.0.0.202105311346/tools/bin/../lib/gcc/arm-none-eabi/9.3.1/../../../../arm-none-eabi/lib/thumb/v7e-m+fp/hard\libc_nano.a(lib_a-nano-svfprintf.o)
 .ARM.attributes
                0x000000000000059c       0x34 c:/st/stm32cubeide_1.8.0/stm32cubeide/plugins/com.st.stm32cube.ide.mcu.externaltools.gnu-tools-for-stm32.9-2020-q2-update.win32_2.0.0.202105311346/tools/bin/../lib/gcc/arm-none-eabi/9.3.1/../../../../arm-none-eabi/lib/thumb/v7e-m+fp/hard\libc_nano.a(lib_a-nano-vfprintf_i.o)
 .ARM.attributes
                0x00000000000005d0       0x1c c:/st/stm32cubeide_1.8.0/stm32cubeide/plugins/com.st.stm32cube.ide.mcu.externaltools.gnu-tools-for-stm32.9-2020-q2-update.win32_2.0.0.202105311346/tools/bin/../lib/gcc/arm-none-eabi/9.3.1/../../../../arm-none-eabi/lib/thumb/v7e-m+fp/hard\libc_nano.a(lib_a-memchr.o)
 .ARM.attributes
                0x00000000000005ec       0x34 c:/st/stm32cubeide_1.8.0/stm32cubeide/plugins/com.st.stm32cube.ide.mcu.externaltools.gnu-tools-for-stm32.9-2020-q2-update.win32_2.0.0.202105311346/tools/bin/../lib/gcc/arm-none-eabi/9.3.1/../../../../arm-none-eabi/lib/thumb/v7e-m+fp/hard\libc_nano.a(lib_a-memmove.o)
 .ARM.attributes
                0x0000000000000620       0x34 c:/st/stm32cubeide_1.8.0/stm32cubeide/plugins/com.st.stm32cube.ide.mcu.externaltools.gnu-tools-for-stm32.9-2020-q2-update.win32_2.0.0.202105311346/tools/bin/../lib/gcc/arm-none-eabi/9.3.1/../../../../arm-none-eabi/lib/thumb/v7e-m+fp/hard\libc_nano.a(lib_a-nano-freer.o)
 .ARM.attributes
                0x0000000000000654       0x34 c:/st/stm32cubeide_1.8.0/stm32cubeide/plugins/com.st.stm32cube.ide.mcu.externaltools.gnu-tools-for-stm32.9-2020-q2-update.win32_2.0.0.202105311346/tools/bin/../lib/gcc/arm-none-eabi/9.3.1/../../../../arm-none-eabi/lib/thumb/v7e-m+fp/hard\libc_nano.a(lib_a-nano-mallocr.o)
 .ARM.attributes
                0x0000000000000688       0x34 c:/st/stm32cubeide_1.8.0/stm32cubeide/plugins/com.st.stm32cube.ide.mcu.externaltools.gnu-tools-for-stm32.9-2020-q2-update.win32_2.0.0.202105311346/tools/bin/../lib/gcc/arm-none-eabi/9.3.1/../../../../arm-none-eabi/lib/thumb/v7e-m+fp/hard\libc_nano.a(lib_a-nano-reallocr.o)
 .ARM.attributes
                0x00000000000006bc       0x34 c:/st/stm32cubeide_1.8.0/stm32cubeide/plugins/com.st.stm32cube.ide.mcu.externaltools.gnu-tools-for-stm32.9-2020-q2-update.win32_2.0.0.202105311346/tools/bin/../lib/gcc/arm-none-eabi/9.3.1/../../../../arm-none-eabi/lib/thumb/v7e-m+fp/hard\libc_nano.a(lib_a-sbrkr.o)
 .ARM.attributes
                0x00000000000006f0       0x34 c:/st/stm32cubeide_1.8.0/stm32cubeide/plugins/com.st.stm32cube.ide.mcu.externaltools.gnu-tools-for-stm32.9-2020-q2-update.win32_2.0.0.202105311346/tools/bin/../lib/gcc/arm-none-eabi/9.3.1/../../../../arm-none-eabi/lib/thumb/v7e-m+fp/hard\libc_nano.a(lib_a-mlock.o)
 .ARM.attributes
                0x0000000000000724       0x34 c:/st/stm32cubeide_1.8.0/stm32cubeide/plugins/com.st.stm32cube.ide.mcu.externaltools.gnu-tools-for-stm32.9-2020-q2-update.win32_2.0.0.202105311346/tools/bin/../lib/gcc/arm-none-eabi/9.3.1/../../../../arm-none-eabi/lib/thumb/v7e-m+fp/hard\libc_nano.a(lib_a-nano-msizer.o)
 .ARM.attributes
                0x0000000000000758       0x34 c:/st/stm32cubeide_1.8.0/stm32cubeide/plugins/com.st.stm32cube.ide.mcu.externaltools.gnu-tools-for-stm32.9-2020-q2-update.win32_2.0.0.202105311346/tools/bin/../lib/gcc/arm-none-eabi/9.3.1/../../../../arm-none-eabi/lib/thumb/v7e-m+fp/hard\libc_nano.a(lib_a-reent.o)
 .ARM.attributes
                0x000000000000078c       0x34 c:/st/stm32cubeide_1.8.0/stm32cubeide/plugins/com.st.stm32cube.ide.mcu.externaltools.gnu-tools-for-stm32.9-2020-q2-update.win32_2.0.0.202105311346/tools/bin/../lib/gcc/arm-none-eabi/9.3.1/../../../../arm-none-eabi/lib/thumb/v7e-m+fp/hard\libc_nano.a(lib_a-lock.o)
 .ARM.attributes
                0x00000000000007c0       0x1e c:/st/stm32cubeide_1.8.0/stm32cubeide/plugins/com.st.stm32cube.ide.mcu.externaltools.gnu-tools-for-stm32.9-2020-q2-update.win32_2.0.0.202105311346/tools/bin/../lib/gcc/arm-none-eabi/9.3.1/thumb/v7e-m+fp/hard\libgcc.a(_aeabi_uldivmod.o)
 .ARM.attributes
                0x00000000000007de       0x34 c:/st/stm32cubeide_1.8.0/stm32cubeide/plugins/com.st.stm32cube.ide.mcu.externaltools.gnu-tools-for-stm32.9-2020-q2-update.win32_2.0.0.202105311346/tools/bin/../lib/gcc/arm-none-eabi/9.3.1/thumb/v7e-m+fp/hard\libgcc.a(_udivmoddi4.o)
 .ARM.attributes
                0x0000000000000812       0x1e c:/st/stm32cubeide_1.8.0/stm32cubeide/plugins/com.st.stm32cube.ide.mcu.externaltools.gnu-tools-for-stm32.9-2020-q2-update.win32_2.0.0.202105311346/tools/bin/../lib/gcc/arm-none-eabi/9.3.1/thumb/v7e-m+fp/hard\libgcc.a(_dvmd_tls.o)
 .ARM.attributes
                0x0000000000000830       0x1e c:/st/stm32cubeide_1.8.0/stm32cubeide/plugins/com.st.stm32cube.ide.mcu.externaltools.gnu-tools-for-stm32.9-2020-q2-update.win32_2.0.0.202105311346/tools/bin/../lib/gcc/arm-none-eabi/9.3.1/thumb/v7e-m+fp/hard/crtn.o
OUTPUT(lab4.elf elf32-littlearm)
LOAD linker stubs
LOAD c:/st/stm32cubeide_1.8.0/stm32cubeide/plugins/com.st.stm32cube.ide.mcu.externaltools.gnu-tools-for-stm32.9-2020-q2-update.win32_2.0.0.202105311346/tools/bin/../lib/gcc/arm-none-eabi/9.3.1/../../../../arm-none-eabi/lib/thumb/v7e-m+fp/hard\libc.a
LOAD c:/st/stm32cubeide_1.8.0/stm32cubeide/plugins/com.st.stm32cube.ide.mcu.externaltools.gnu-tools-for-stm32.9-2020-q2-update.win32_2.0.0.202105311346/tools/bin/../lib/gcc/arm-none-eabi/9.3.1/../../../../arm-none-eabi/lib/thumb/v7e-m+fp/hard\libm.a
LOAD c:/st/stm32cubeide_1.8.0/stm32cubeide/plugins/com.st.stm32cube.ide.mcu.externaltools.gnu-tools-for-stm32.9-2020-q2-update.win32_2.0.0.202105311346/tools/bin/../lib/gcc/arm-none-eabi/9.3.1/thumb/v7e-m+fp/hard\libgcc.a

.debug_info     0x0000000000000000    0x13197
 .debug_info    0x0000000000000000     0x10c2 ./Core/Src/main.o
 .debug_info    0x00000000000010c2      0x9fa ./Core/Src/stm32f4xx_hal_msp.o
 .debug_info    0x0000000000001abc      0xc6c ./Core/Src/stm32f4xx_hal_timebase_tim.o
 .debug_info    0x0000000000002728      0x7cb ./Core/Src/stm32f4xx_it.o
 .debug_info    0x0000000000002ef3      0xa25 ./Core/Src/sysmem.o
 .debug_info    0x0000000000003918      0x5a4 ./Core/Src/system_stm32f4xx.o
 .debug_info    0x0000000000003ebc       0x22 ./Core/Startup/startup_stm32f407vgtx.o
 .debug_info    0x0000000000003ede      0x9b2 ./Drivers/STM32F4xx_HAL_Driver/Src/stm32f4xx_hal.o
 .debug_info    0x0000000000004890      0xed7 ./Drivers/STM32F4xx_HAL_Driver/Src/stm32f4xx_hal_cortex.o
 .debug_info    0x0000000000005767      0x83e ./Drivers/STM32F4xx_HAL_Driver/Src/stm32f4xx_hal_gpio.o
 .debug_info    0x0000000000005fa5      0x996 ./Drivers/STM32F4xx_HAL_Driver/Src/stm32f4xx_hal_rcc.o
 .debug_info    0x000000000000693b     0x2c22 ./Drivers/STM32F4xx_HAL_Driver/Src/stm32f4xx_hal_tim.o
 .debug_info    0x000000000000955d     0x15a2 ./Drivers/STM32F4xx_HAL_Driver/Src/stm32f4xx_hal_tim_ex.o
 .debug_info    0x000000000000aaff     0x31de ./Drivers/STM32F4xx_HAL_Driver/Src/stm32f4xx_hal_uart.o
 .debug_info    0x000000000000dcdd      0xb82 ./FreeRTOS/list.o
 .debug_info    0x000000000000e85f     0x2c65 ./FreeRTOS/tasks.o
 .debug_info    0x00000000000114c4      0xaaf ./FreeRTOS/portable/ARM_CM4F/port.o
 .debug_info    0x0000000000011f73     0x1224 ./FreeRTOS/portable/MemMang/heap_2.o

.debug_abbrev   0x0000000000000000     0x271f
 .debug_abbrev  0x0000000000000000      0x271 ./Core/Src/main.o
 .debug_abbrev  0x0000000000000271      0x1ac ./Core/Src/stm32f4xx_hal_msp.o
 .debug_abbrev  0x000000000000041d      0x1bf ./Core/Src/stm32f4xx_hal_timebase_tim.o
 .debug_abbrev  0x00000000000005dc      0x176 ./Core/Src/stm32f4xx_it.o
 .debug_abbrev  0x0000000000000752      0x1bf ./Core/Src/sysmem.o
 .debug_abbrev  0x0000000000000911      0x145 ./Core/Src/system_stm32f4xx.o
 .debug_abbrev  0x0000000000000a56       0x12 ./Core/Startup/startup_stm32f407vgtx.o
 .debug_abbrev  0x0000000000000a68      0x1ed ./Drivers/STM32F4xx_HAL_Driver/Src/stm32f4xx_hal.o
 .debug_abbrev  0x0000000000000c55      0x33c ./Drivers/STM32F4xx_HAL_Driver/Src/stm32f4xx_hal_cortex.o
 .debug_abbrev  0x0000000000000f91      0x1f1 ./Drivers/STM32F4xx_HAL_Driver/Src/stm32f4xx_hal_gpio.o
 .debug_abbrev  0x0000000000001182      0x275 ./Drivers/STM32F4xx_HAL_Driver/Src/stm32f4xx_hal_rcc.o
 .debug_abbrev  0x00000000000013f7      0x25e ./Drivers/STM32F4xx_HAL_Driver/Src/stm32f4xx_hal_tim.o
 .debug_abbrev  0x0000000000001655      0x266 ./Drivers/STM32F4xx_HAL_Driver/Src/stm32f4xx_hal_tim_ex.o
 .debug_abbrev  0x00000000000018bb      0x2eb ./Drivers/STM32F4xx_HAL_Driver/Src/stm32f4xx_hal_uart.o
 .debug_abbrev  0x0000000000001ba6      0x1f7 ./FreeRTOS/list.o
 .debug_abbrev  0x0000000000001d9d      0x3be ./FreeRTOS/tasks.o
 .debug_abbrev  0x000000000000215b      0x2f6 ./FreeRTOS/portable/ARM_CM4F/port.o
 .debug_abbrev  0x0000000000002451      0x2ce ./FreeRTOS/portable/MemMang/heap_2.o

.debug_aranges  0x0000000000000000      0xe98
 .debug_aranges
                0x0000000000000000       0x78 ./Core/Src/main.o
 .debug_aranges
                0x0000000000000078       0x30 ./Core/Src/stm32f4xx_hal_msp.o
 .debug_aranges
                0x00000000000000a8       0x30 ./Core/Src/stm32f4xx_hal_timebase_tim.o
 .debug_aranges
                0x00000000000000d8       0x50 ./Core/Src/stm32f4xx_it.o
 .debug_aranges
                0x0000000000000128       0x20 ./Core/Src/sysmem.o
 .debug_aranges
                0x0000000000000148       0x28 ./Core/Src/system_stm32f4xx.o
 .debug_aranges
                0x0000000000000170       0x28 ./Core/Startup/startup_stm32f407vgtx.o
 .debug_aranges
                0x0000000000000198       0xf0 ./Drivers/STM32F4xx_HAL_Driver/Src/stm32f4xx_hal.o
 .debug_aranges
                0x0000000000000288      0x118 ./Drivers/STM32F4xx_HAL_Driver/Src/stm32f4xx_hal_cortex.o
 .debug_aranges
                0x00000000000003a0       0x58 ./Drivers/STM32F4xx_HAL_Driver/Src/stm32f4xx_hal_gpio.o
 .debug_aranges
                0x00000000000003f8       0x88 ./Drivers/STM32F4xx_HAL_Driver/Src/stm32f4xx_hal_rcc.o
 .debug_aranges
                0x0000000000000480      0x3d0 ./Drivers/STM32F4xx_HAL_Driver/Src/stm32f4xx_hal_tim.o
 .debug_aranges
                0x0000000000000850      0x168 ./Drivers/STM32F4xx_HAL_Driver/Src/stm32f4xx_hal_tim_ex.o
 .debug_aranges
                0x00000000000009b8      0x200 ./Drivers/STM32F4xx_HAL_Driver/Src/stm32f4xx_hal_uart.o
 .debug_aranges
                0x0000000000000bb8       0x40 ./FreeRTOS/list.o
 .debug_aranges
                0x0000000000000bf8      0x1d8 ./FreeRTOS/tasks.o
 .debug_aranges
                0x0000000000000dd0       0x80 ./FreeRTOS/portable/ARM_CM4F/port.o
 .debug_aranges
                0x0000000000000e50       0x48 ./FreeRTOS/portable/MemMang/heap_2.o

.debug_ranges   0x0000000000000000      0xdb0
 .debug_ranges  0x0000000000000000       0x68 ./Core/Src/main.o
 .debug_ranges  0x0000000000000068       0x20 ./Core/Src/stm32f4xx_hal_msp.o
 .debug_ranges  0x0000000000000088       0x20 ./Core/Src/stm32f4xx_hal_timebase_tim.o
 .debug_ranges  0x00000000000000a8       0x40 ./Core/Src/stm32f4xx_it.o
 .debug_ranges  0x00000000000000e8       0x10 ./Core/Src/sysmem.o
 .debug_ranges  0x00000000000000f8       0x18 ./Core/Src/system_stm32f4xx.o
 .debug_ranges  0x0000000000000110       0x20 ./Core/Startup/startup_stm32f407vgtx.o
 .debug_ranges  0x0000000000000130       0xe0 ./Drivers/STM32F4xx_HAL_Driver/Src/stm32f4xx_hal.o
 .debug_ranges  0x0000000000000210      0x108 ./Drivers/STM32F4xx_HAL_Driver/Src/stm32f4xx_hal_cortex.o
 .debug_ranges  0x0000000000000318       0x48 ./Drivers/STM32F4xx_HAL_Driver/Src/stm32f4xx_hal_gpio.o
 .debug_ranges  0x0000000000000360       0x78 ./Drivers/STM32F4xx_HAL_Driver/Src/stm32f4xx_hal_rcc.o
 .debug_ranges  0x00000000000003d8      0x3c0 ./Drivers/STM32F4xx_HAL_Driver/Src/stm32f4xx_hal_tim.o
 .debug_ranges  0x0000000000000798      0x158 ./Drivers/STM32F4xx_HAL_Driver/Src/stm32f4xx_hal_tim_ex.o
 .debug_ranges  0x00000000000008f0      0x220 ./Drivers/STM32F4xx_HAL_Driver/Src/stm32f4xx_hal_uart.o
 .debug_ranges  0x0000000000000b10       0x30 ./FreeRTOS/list.o
 .debug_ranges  0x0000000000000b40      0x1c8 ./FreeRTOS/tasks.o
 .debug_ranges  0x0000000000000d08       0x70 ./FreeRTOS/portable/ARM_CM4F/port.o
 .debug_ranges  0x0000000000000d78       0x38 ./FreeRTOS/portable/MemMang/heap_2.o

.debug_macro    0x0000000000000000    0x21e38
 .debug_macro   0x0000000000000000      0x245 ./Core/Src/main.o
 .debug_macro   0x0000000000000245      0xaa8 ./Core/Src/main.o
 .debug_macro   0x0000000000000ced      0x29b ./Core/Src/main.o
 .debug_macro   0x0000000000000f88       0x2e ./Core/Src/main.o
 .debug_macro   0x0000000000000fb6       0x2f ./Core/Src/main.o
 .debug_macro   0x0000000000000fe5       0x22 ./Core/Src/main.o
 .debug_macro   0x0000000000001007       0x8e ./Core/Src/main.o
 .debug_macro   0x0000000000001095       0x51 ./Core/Src/main.o
 .debug_macro   0x00000000000010e6      0x103 ./Core/Src/main.o
 .debug_macro   0x00000000000011e9       0x6a ./Core/Src/main.o
 .debug_macro   0x0000000000001253      0x1df ./Core/Src/main.o
 .debug_macro   0x0000000000001432       0x1c ./Core/Src/main.o
 .debug_macro   0x000000000000144e       0x22 ./Core/Src/main.o
 .debug_macro   0x0000000000001470       0xdf ./Core/Src/main.o
 .debug_macro   0x000000000000154f     0x102d ./Core/Src/main.o
 .debug_macro   0x000000000000257c      0x11f ./Core/Src/main.o
 .debug_macro   0x000000000000269b    0x15e58 ./Core/Src/main.o
 .debug_macro   0x00000000000184f3       0x6d ./Core/Src/main.o
 .debug_macro   0x0000000000018560     0x3666 ./Core/Src/main.o
 .debug_macro   0x000000000001bbc6      0x174 ./Core/Src/main.o
 .debug_macro   0x000000000001bd3a       0x5c ./Core/Src/main.o
 .debug_macro   0x000000000001bd96      0x96b ./Core/Src/main.o
 .debug_macro   0x000000000001c701      0x9fe ./Core/Src/main.o
 .debug_macro   0x000000000001d0ff      0x116 ./Core/Src/main.o
 .debug_macro   0x000000000001d215      0x13e ./Core/Src/main.o
 .debug_macro   0x000000000001d353       0xa5 ./Core/Src/main.o
 .debug_macro   0x000000000001d3f8      0x174 ./Core/Src/main.o
 .debug_macro   0x000000000001d56c      0x287 ./Core/Src/main.o
 .debug_macro   0x000000000001d7f3       0x5f ./Core/Src/main.o
 .debug_macro   0x000000000001d852      0x236 ./Core/Src/main.o
 .debug_macro   0x000000000001da88      0x12c ./Core/Src/main.o
 .debug_macro   0x000000000001dbb4      0x21e ./Core/Src/main.o
 .debug_macro   0x000000000001ddd2       0x2e ./Core/Src/main.o
 .debug_macro   0x000000000001de00      0x11a ./Core/Src/main.o
 .debug_macro   0x000000000001df1a       0x7e ./Core/Src/main.o
 .debug_macro   0x000000000001df98       0x89 ./Core/Src/main.o
 .debug_macro   0x000000000001e021      0x8d1 ./Core/Src/main.o
 .debug_macro   0x000000000001e8f2       0x47 ./Core/Src/main.o
 .debug_macro   0x000000000001e939      0x295 ./Core/Src/main.o
 .debug_macro   0x000000000001ebce      0x12d ./Core/Src/main.o
 .debug_macro   0x000000000001ecfb      0x190 ./Core/Src/main.o
 .debug_macro   0x000000000001ee8b      0x106 ./Core/Src/main.o
 .debug_macro   0x000000000001ef91      0x15a ./Core/Src/main.o
 .debug_macro   0x000000000001f0eb       0xe4 ./Core/Src/main.o
 .debug_macro   0x000000000001f1cf       0x1c ./Core/Src/main.o
 .debug_macro   0x000000000001f1eb       0x26 ./Core/Src/main.o
 .debug_macro   0x000000000001f211      0x4d3 ./Core/Src/main.o
 .debug_macro   0x000000000001f6e4       0xb5 ./Core/Src/main.o
 .debug_macro   0x000000000001f799       0xaa ./Core/Src/main.o
 .debug_macro   0x000000000001f843      0x1dd ./Core/Src/stm32f4xx_hal_msp.o
 .debug_macro   0x000000000001fa20      0x1ce ./Core/Src/stm32f4xx_hal_timebase_tim.o
 .debug_macro   0x000000000001fbee      0x1e7 ./Core/Src/stm32f4xx_it.o
 .debug_macro   0x000000000001fdd5       0xff ./Core/Src/sysmem.o
 .debug_macro   0x000000000001fed4      0x23b ./Core/Src/sysmem.o
 .debug_macro   0x000000000002010f      0x1ce ./Core/Src/system_stm32f4xx.o
 .debug_macro   0x00000000000202dd      0x22e ./Drivers/STM32F4xx_HAL_Driver/Src/stm32f4xx_hal.o
 .debug_macro   0x000000000002050b      0x1ce ./Drivers/STM32F4xx_HAL_Driver/Src/stm32f4xx_hal_cortex.o
 .debug_macro   0x00000000000206d9      0x1d4 ./Drivers/STM32F4xx_HAL_Driver/Src/stm32f4xx_hal_gpio.o
 .debug_macro   0x00000000000208ad      0x1f2 ./Drivers/STM32F4xx_HAL_Driver/Src/stm32f4xx_hal_rcc.o
 .debug_macro   0x0000000000020a9f      0x1cf ./Drivers/STM32F4xx_HAL_Driver/Src/stm32f4xx_hal_tim.o
 .debug_macro   0x0000000000020c6e      0x1ce ./Drivers/STM32F4xx_HAL_Driver/Src/stm32f4xx_hal_tim_ex.o
 .debug_macro   0x0000000000020e3c      0x1cf ./Drivers/STM32F4xx_HAL_Driver/Src/stm32f4xx_hal_uart.o
 .debug_macro   0x000000000002100b      0x187 ./FreeRTOS/list.o
 .debug_macro   0x0000000000021192      0x3df ./FreeRTOS/tasks.o
 .debug_macro   0x0000000000021571       0x10 ./FreeRTOS/tasks.o
 .debug_macro   0x0000000000021581      0x2fc ./FreeRTOS/portable/ARM_CM4F/port.o
 .debug_macro   0x000000000002187d      0x411 ./FreeRTOS/portable/MemMang/heap_2.o
 .debug_macro   0x0000000000021c8e       0x16 ./FreeRTOS/portable/MemMang/heap_2.o
 .debug_macro   0x0000000000021ca4       0x97 ./FreeRTOS/portable/MemMang/heap_2.o
 .debug_macro   0x0000000000021d3b       0xfd ./FreeRTOS/portable/MemMang/heap_2.o

.debug_line     0x0000000000000000    0x11182
 .debug_line    0x0000000000000000      0xa52 ./Core/Src/main.o
 .debug_line    0x0000000000000a52      0x713 ./Core/Src/stm32f4xx_hal_msp.o
 .debug_line    0x0000000000001165      0x726 ./Core/Src/stm32f4xx_hal_timebase_tim.o
 .debug_line    0x000000000000188b      0x763 ./Core/Src/stm32f4xx_it.o
 .debug_line    0x0000000000001fee      0x4f8 ./Core/Src/sysmem.o
 .debug_line    0x00000000000024e6      0x748 ./Core/Src/system_stm32f4xx.o
 .debug_line    0x0000000000002c2e       0x88 ./Core/Startup/startup_stm32f407vgtx.o
 .debug_line    0x0000000000002cb6      0x9ae ./Drivers/STM32F4xx_HAL_Driver/Src/stm32f4xx_hal.o
 .debug_line    0x0000000000003664      0xc5d ./Drivers/STM32F4xx_HAL_Driver/Src/stm32f4xx_hal_cortex.o
 .debug_line    0x00000000000042c1      0xb24 ./Drivers/STM32F4xx_HAL_Driver/Src/stm32f4xx_hal_gpio.o
 .debug_line    0x0000000000004de5      0xd2a ./Drivers/STM32F4xx_HAL_Driver/Src/stm32f4xx_hal_rcc.o
 .debug_line    0x0000000000005b0f     0x36a2 ./Drivers/STM32F4xx_HAL_Driver/Src/stm32f4xx_hal_tim.o
 .debug_line    0x00000000000091b1     0x19ab ./Drivers/STM32F4xx_HAL_Driver/Src/stm32f4xx_hal_tim_ex.o
 .debug_line    0x000000000000ab5c     0x2a35 ./Drivers/STM32F4xx_HAL_Driver/Src/stm32f4xx_hal_uart.o
 .debug_line    0x000000000000d591      0x6fa ./FreeRTOS/list.o
 .debug_line    0x000000000000dc8b     0x1dd0 ./FreeRTOS/tasks.o
 .debug_line    0x000000000000fa5b      0xb0e ./FreeRTOS/portable/ARM_CM4F/port.o
 .debug_line    0x0000000000010569      0xc19 ./FreeRTOS/portable/MemMang/heap_2.o

.debug_str      0x0000000000000000    0xd1fdd
 .debug_str     0x0000000000000000    0xc816b ./Core/Src/main.o
                                      0xc84bc (size before relaxing)
 .debug_str     0x00000000000c816b       0x56 ./Core/Src/stm32f4xx_hal_msp.o
                                      0xc4229 (size before relaxing)
 .debug_str     0x00000000000c81c1      0x57b ./Core/Src/stm32f4xx_hal_timebase_tim.o
                                      0xc41fc (size before relaxing)
 .debug_str     0x00000000000c873c       0xa2 ./Core/Src/stm32f4xx_it.o
                                      0xc41fc (size before relaxing)
 .debug_str     0x00000000000c87de     0x2093 ./Core/Src/sysmem.o
                                       0x629c (size before relaxing)
 .debug_str     0x00000000000ca871       0xaf ./Core/Src/system_stm32f4xx.o
                                      0xc376f (size before relaxing)
 .debug_str     0x00000000000ca920       0x36 ./Core/Startup/startup_stm32f407vgtx.o
                                         0x6d (size before relaxing)
 .debug_str     0x00000000000ca956      0x542 ./Drivers/STM32F4xx_HAL_Driver/Src/stm32f4xx_hal.o
                                      0xc4251 (size before relaxing)
 .debug_str     0x00000000000cae98      0x392 ./Drivers/STM32F4xx_HAL_Driver/Src/stm32f4xx_hal_cortex.o
                                      0xc4040 (size before relaxing)
 .debug_str     0x00000000000cb22a      0x15f ./Drivers/STM32F4xx_HAL_Driver/Src/stm32f4xx_hal_gpio.o
                                      0xc3916 (size before relaxing)
 .debug_str     0x00000000000cb389      0x24f ./Drivers/STM32F4xx_HAL_Driver/Src/stm32f4xx_hal_rcc.o
                                      0xc3b71 (size before relaxing)
 .debug_str     0x00000000000cb5d8      0xe4d ./Drivers/STM32F4xx_HAL_Driver/Src/stm32f4xx_hal_tim.o
                                      0xc4a9e (size before relaxing)
 .debug_str     0x00000000000cc425      0x538 ./Drivers/STM32F4xx_HAL_Driver/Src/stm32f4xx_hal_tim_ex.o
                                      0xc424f (size before relaxing)
 .debug_str     0x00000000000cc95d      0x604 ./Drivers/STM32F4xx_HAL_Driver/Src/stm32f4xx_hal_uart.o
                                      0xc40f7 (size before relaxing)
 .debug_str     0x00000000000ccf61     0x1619 ./FreeRTOS/list.o
                                       0xab4a (size before relaxing)
 .debug_str     0x00000000000ce57a     0x1c74 ./FreeRTOS/tasks.o
                                      0xcc856 (size before relaxing)
 .debug_str     0x00000000000d01ee      0x7e0 ./FreeRTOS/portable/ARM_CM4F/port.o
                                      0xc8082 (size before relaxing)
 .debug_str     0x00000000000d09ce     0x160f ./FreeRTOS/portable/MemMang/heap_2.o
                                      0xcc15e (size before relaxing)

.comment        0x0000000000000000       0x53
 .comment       0x0000000000000000       0x53 ./Core/Src/main.o
                                         0x54 (size before relaxing)
 .comment       0x0000000000000053       0x54 ./Core/Src/stm32f4xx_hal_msp.o
 .comment       0x0000000000000053       0x54 ./Core/Src/stm32f4xx_hal_timebase_tim.o
 .comment       0x0000000000000053       0x54 ./Core/Src/stm32f4xx_it.o
 .comment       0x0000000000000053       0x54 ./Core/Src/sysmem.o
 .comment       0x0000000000000053       0x54 ./Core/Src/system_stm32f4xx.o
 .comment       0x0000000000000053       0x54 ./Drivers/STM32F4xx_HAL_Driver/Src/stm32f4xx_hal.o
 .comment       0x0000000000000053       0x54 ./Drivers/STM32F4xx_HAL_Driver/Src/stm32f4xx_hal_cortex.o
 .comment       0x0000000000000053       0x54 ./Drivers/STM32F4xx_HAL_Driver/Src/stm32f4xx_hal_gpio.o
 .comment       0x0000000000000053       0x54 ./Drivers/STM32F4xx_HAL_Driver/Src/stm32f4xx_hal_rcc.o
 .comment       0x0000000000000053       0x54 ./Drivers/STM32F4xx_HAL_Driver/Src/stm32f4xx_hal_tim.o
 .comment       0x0000000000000053       0x54 ./Drivers/STM32F4xx_HAL_Driver/Src/stm32f4xx_hal_tim_ex.o
 .comment       0x0000000000000053       0x54 ./Drivers/STM32F4xx_HAL_Driver/Src/stm32f4xx_hal_uart.o
 .comment       0x0000000000000053       0x54 ./FreeRTOS/list.o
 .comment       0x0000000000000053       0x54 ./FreeRTOS/tasks.o
 .comment       0x0000000000000053       0x54 ./FreeRTOS/portable/ARM_CM4F/port.o
 .comment       0x0000000000000053       0x54 ./FreeRTOS/portable/MemMang/heap_2.o

.debug_frame    0x0000000000000000     0x4084
 .debug_frame   0x0000000000000000      0x194 ./Core/Src/main.o
 .debug_frame   0x0000000000000194       0x80 ./Core/Src/stm32f4xx_hal_msp.o
 .debug_frame   0x0000000000000214       0x74 ./Core/Src/stm32f4xx_hal_timebase_tim.o
 .debug_frame   0x0000000000000288       0xc4 ./Core/Src/stm32f4xx_it.o
 .debug_frame   0x000000000000034c       0x34 ./Core/Src/sysmem.o
 .debug_frame   0x0000000000000380       0x58 ./Core/Src/system_stm32f4xx.o
 .debug_frame   0x00000000000003d8      0x374 ./Drivers/STM32F4xx_HAL_Driver/Src/stm32f4xx_hal.o
 .debug_frame   0x000000000000074c      0x498 ./Drivers/STM32F4xx_HAL_Driver/Src/stm32f4xx_hal_cortex.o
 .debug_frame   0x0000000000000be4      0x14c ./Drivers/STM32F4xx_HAL_Driver/Src/stm32f4xx_hal_gpio.o
 .debug_frame   0x0000000000000d30      0x1f0 ./Drivers/STM32F4xx_HAL_Driver/Src/stm32f4xx_hal_rcc.o
 .debug_frame   0x0000000000000f20     0x11c4 ./Drivers/STM32F4xx_HAL_Driver/Src/stm32f4xx_hal_tim.o
 .debug_frame   0x00000000000020e4      0x638 ./Drivers/STM32F4xx_HAL_Driver/Src/stm32f4xx_hal_tim_ex.o
 .debug_frame   0x000000000000271c      0x92c ./Drivers/STM32F4xx_HAL_Driver/Src/stm32f4xx_hal_uart.o
 .debug_frame   0x0000000000003048       0xd8 ./FreeRTOS/list.o
 .debug_frame   0x0000000000003120      0x80c ./FreeRTOS/tasks.o
 .debug_frame   0x000000000000392c      0x1a8 ./FreeRTOS/portable/ARM_CM4F/port.o
 .debug_frame   0x0000000000003ad4       0xec ./FreeRTOS/portable/MemMang/heap_2.o
 .debug_frame   0x0000000000003bc0       0x20 c:/st/stm32cubeide_1.8.0/stm32cubeide/plugins/com.st.stm32cube.ide.mcu.externaltools.gnu-tools-for-stm32.9-2020-q2-update.win32_2.0.0.202105311346/tools/bin/../lib/gcc/arm-none-eabi/9.3.1/../../../../arm-none-eabi/lib/thumb/v7e-m+fp/hard\libc_nano.a(lib_a-errno.o)
 .debug_frame   0x0000000000003be0       0x2c c:/st/stm32cubeide_1.8.0/stm32cubeide/plugins/com.st.stm32cube.ide.mcu.externaltools.gnu-tools-for-stm32.9-2020-q2-update.win32_2.0.0.202105311346/tools/bin/../lib/gcc/arm-none-eabi/9.3.1/../../../../arm-none-eabi/lib/thumb/v7e-m+fp/hard\libc_nano.a(lib_a-init.o)
 .debug_frame   0x0000000000003c0c       0x28 c:/st/stm32cubeide_1.8.0/stm32cubeide/plugins/com.st.stm32cube.ide.mcu.externaltools.gnu-tools-for-stm32.9-2020-q2-update.win32_2.0.0.202105311346/tools/bin/../lib/gcc/arm-none-eabi/9.3.1/../../../../arm-none-eabi/lib/thumb/v7e-m+fp/hard\libc_nano.a(lib_a-memcpy-stub.o)
 .debug_frame   0x0000000000003c34       0x20 c:/st/stm32cubeide_1.8.0/stm32cubeide/plugins/com.st.stm32cube.ide.mcu.externaltools.gnu-tools-for-stm32.9-2020-q2-update.win32_2.0.0.202105311346/tools/bin/../lib/gcc/arm-none-eabi/9.3.1/../../../../arm-none-eabi/lib/thumb/v7e-m+fp/hard\libc_nano.a(lib_a-memset.o)
 .debug_frame   0x0000000000003c54       0x6c c:/st/stm32cubeide_1.8.0/stm32cubeide/plugins/com.st.stm32cube.ide.mcu.externaltools.gnu-tools-for-stm32.9-2020-q2-update.win32_2.0.0.202105311346/tools/bin/../lib/gcc/arm-none-eabi/9.3.1/../../../../arm-none-eabi/lib/thumb/v7e-m+fp/hard\libc_nano.a(lib_a-sprintf.o)
 .debug_frame   0x0000000000003cc0       0x20 c:/st/stm32cubeide_1.8.0/stm32cubeide/plugins/com.st.stm32cube.ide.mcu.externaltools.gnu-tools-for-stm32.9-2020-q2-update.win32_2.0.0.202105311346/tools/bin/../lib/gcc/arm-none-eabi/9.3.1/../../../../arm-none-eabi/lib/thumb/v7e-m+fp/hard\libc_nano.a(lib_a-strcpy.o)
 .debug_frame   0x0000000000003ce0       0x90 c:/st/stm32cubeide_1.8.0/stm32cubeide/plugins/com.st.stm32cube.ide.mcu.externaltools.gnu-tools-for-stm32.9-2020-q2-update.win32_2.0.0.202105311346/tools/bin/../lib/gcc/arm-none-eabi/9.3.1/../../../../arm-none-eabi/lib/thumb/v7e-m+fp/hard\libc_nano.a(lib_a-nano-svfprintf.o)
 .debug_frame   0x0000000000003d70       0x60 c:/st/stm32cubeide_1.8.0/stm32cubeide/plugins/com.st.stm32cube.ide.mcu.externaltools.gnu-tools-for-stm32.9-2020-q2-update.win32_2.0.0.202105311346/tools/bin/../lib/gcc/arm-none-eabi/9.3.1/../../../../arm-none-eabi/lib/thumb/v7e-m+fp/hard\libc_nano.a(lib_a-nano-vfprintf_i.o)
 .debug_frame   0x0000000000003dd0       0x28 c:/st/stm32cubeide_1.8.0/stm32cubeide/plugins/com.st.stm32cube.ide.mcu.externaltools.gnu-tools-for-stm32.9-2020-q2-update.win32_2.0.0.202105311346/tools/bin/../lib/gcc/arm-none-eabi/9.3.1/../../../../arm-none-eabi/lib/thumb/v7e-m+fp/hard\libc_nano.a(lib_a-memmove.o)
 .debug_frame   0x0000000000003df8       0x38 c:/st/stm32cubeide_1.8.0/stm32cubeide/plugins/com.st.stm32cube.ide.mcu.externaltools.gnu-tools-for-stm32.9-2020-q2-update.win32_2.0.0.202105311346/tools/bin/../lib/gcc/arm-none-eabi/9.3.1/../../../../arm-none-eabi/lib/thumb/v7e-m+fp/hard\libc_nano.a(lib_a-nano-freer.o)
 .debug_frame   0x0000000000003e30       0x30 c:/st/stm32cubeide_1.8.0/stm32cubeide/plugins/com.st.stm32cube.ide.mcu.externaltools.gnu-tools-for-stm32.9-2020-q2-update.win32_2.0.0.202105311346/tools/bin/../lib/gcc/arm-none-eabi/9.3.1/../../../../arm-none-eabi/lib/thumb/v7e-m+fp/hard\libc_nano.a(lib_a-nano-mallocr.o)
 .debug_frame   0x0000000000003e60       0x3c c:/st/stm32cubeide_1.8.0/stm32cubeide/plugins/com.st.stm32cube.ide.mcu.externaltools.gnu-tools-for-stm32.9-2020-q2-update.win32_2.0.0.202105311346/tools/bin/../lib/gcc/arm-none-eabi/9.3.1/../../../../arm-none-eabi/lib/thumb/v7e-m+fp/hard\libc_nano.a(lib_a-nano-reallocr.o)
 .debug_frame   0x0000000000003e9c       0x2c c:/st/stm32cubeide_1.8.0/stm32cubeide/plugins/com.st.stm32cube.ide.mcu.externaltools.gnu-tools-for-stm32.9-2020-q2-update.win32_2.0.0.202105311346/tools/bin/../lib/gcc/arm-none-eabi/9.3.1/../../../../arm-none-eabi/lib/thumb/v7e-m+fp/hard\libc_nano.a(lib_a-sbrkr.o)
 .debug_frame   0x0000000000003ec8       0x30 c:/st/stm32cubeide_1.8.0/stm32cubeide/plugins/com.st.stm32cube.ide.mcu.externaltools.gnu-tools-for-stm32.9-2020-q2-update.win32_2.0.0.202105311346/tools/bin/../lib/gcc/arm-none-eabi/9.3.1/../../../../arm-none-eabi/lib/thumb/v7e-m+fp/hard\libc_nano.a(lib_a-mlock.o)
 .debug_frame   0x0000000000003ef8       0x20 c:/st/stm32cubeide_1.8.0/stm32cubeide/plugins/com.st.stm32cube.ide.mcu.externaltools.gnu-tools-for-stm32.9-2020-q2-update.win32_2.0.0.202105311346/tools/bin/../lib/gcc/arm-none-eabi/9.3.1/../../../../arm-none-eabi/lib/thumb/v7e-m+fp/hard\libc_nano.a(lib_a-nano-msizer.o)
 .debug_frame   0x0000000000003f18       0x5c c:/st/stm32cubeide_1.8.0/stm32cubeide/plugins/com.st.stm32cube.ide.mcu.externaltools.gnu-tools-for-stm32.9-2020-q2-update.win32_2.0.0.202105311346/tools/bin/../lib/gcc/arm-none-eabi/9.3.1/../../../../arm-none-eabi/lib/thumb/v7e-m+fp/hard\libc_nano.a(lib_a-reent.o)
 .debug_frame   0x0000000000003f74       0xb0 c:/st/stm32cubeide_1.8.0/stm32cubeide/plugins/com.st.stm32cube.ide.mcu.externaltools.gnu-tools-for-stm32.9-2020-q2-update.win32_2.0.0.202105311346/tools/bin/../lib/gcc/arm-none-eabi/9.3.1/../../../../arm-none-eabi/lib/thumb/v7e-m+fp/hard\libc_nano.a(lib_a-lock.o)
 .debug_frame   0x0000000000004024       0x2c c:/st/stm32cubeide_1.8.0/stm32cubeide/plugins/com.st.stm32cube.ide.mcu.externaltools.gnu-tools-for-stm32.9-2020-q2-update.win32_2.0.0.202105311346/tools/bin/../lib/gcc/arm-none-eabi/9.3.1/thumb/v7e-m+fp/hard\libgcc.a(_aeabi_uldivmod.o)
 .debug_frame   0x0000000000004050       0x34 c:/st/stm32cubeide_1.8.0/stm32cubeide/plugins/com.st.stm32cube.ide.mcu.externaltools.gnu-tools-for-stm32.9-2020-q2-update.win32_2.0.0.202105311346/tools/bin/../lib/gcc/arm-none-eabi/9.3.1/thumb/v7e-m+fp/hard\libgcc.a(_udivmoddi4.o)
