tasks.c:730:13:xTaskCreate	56	static
tasks.c:821:13:prvInitialiseNewTask	40	static,ignoring_inline_asm
tasks.c:1072:13:prvAddNewTaskToReadyList	16	static,ignoring_inline_asm
tasks.c:1157:7:vTaskDelete	24	static,ignoring_inline_asm
tasks.c:1249:7:vTaskDelayUntil	48	static,ignoring_inline_asm
tasks.c:1333:7:vTaskDelay	24	static,ignoring_inline_asm
tasks.c:1378:13:eTaskGetState	40	static,ignoring_inline_asm
tasks.c:1470:14:uxTaskPriorityGet	24	static
tasks.c:1492:14:uxTaskPriorityGetFromISR	40	static,ignoring_inline_asm
tasks.c:1532:7:vTaskPrioritySet	40	static,ignoring_inline_asm
tasks.c:1696:7:vTaskSuspend	24	static,ignoring_inline_asm
tasks.c:1797:20:prvTaskIsTaskSuspended	32	static,ignoring_inline_asm
tasks.c:1843:7:vTaskResume	24	static,ignoring_inline_asm
tasks.c:1897:13:xTaskResumeFromISR	48	static,ignoring_inline_asm
tasks.c:1967:6:vTaskStartScheduler	32	static,ignoring_inline_asm
tasks.c:2089:6:vTaskEndScheduler	16	static,ignoring_inline_asm
tasks.c:2100:6:vTaskSuspendAll	4	static,ignoring_inline_asm
tasks.c:2110:6:Taskmonitor	200	static
tasks.c:2246:12:xTaskResumeAll	24	static,ignoring_inline_asm
tasks.c:2356:12:xTaskGetTickCount	16	static
tasks.c:2371:12:xTaskGetTickCountFromISR	16	static
tasks.c:2402:13:uxTaskGetNumberOfTasks	4	static
tasks.c:2410:7:pcTaskGetName	24	static,ignoring_inline_asm
tasks.c:2557:14:uxTaskGetSystemState	32	static
tasks.c:2737:12:xTaskIncrementTick	32	static,ignoring_inline_asm
tasks.c:3019:6:vTaskSwitchContext	32	static,ignoring_inline_asm
tasks.c:3092:6:vTaskPlaceOnEventList	24	static,ignoring_inline_asm
tasks.c:3109:6:vTaskPlaceOnUnorderedEventList	32	static,ignoring_inline_asm
tasks.c:3135:7:vTaskPlaceOnEventListRestricted	32	static,ignoring_inline_asm
tasks.c:3166:12:xTaskRemoveFromEventList	32	static,ignoring_inline_asm
tasks.c:3234:6:vTaskRemoveFromUnorderedEventList	32	static,ignoring_inline_asm
tasks.c:3268:6:vTaskSetTimeOutState	24	static,ignoring_inline_asm
tasks.c:3280:6:vTaskInternalSetTimeOutState	16	static
tasks.c:3288:12:xTaskCheckForTimeOut	40	static,ignoring_inline_asm
tasks.c:3351:6:vTaskMissedYield	4	static
tasks.c:3359:14:uxTaskGetTaskNumber	24	static
tasks.c:3382:7:vTaskSetTaskNumber	24	static
tasks.c:3406:8:prvIdleTask	16	static,ignoring_inline_asm
tasks.c:3618:13:prvInitialiseTaskLists	16	static
tasks.c:3650:13:prvCheckTasksWaitingTermination	16	static
tasks.c:3681:7:vTaskGetInfo	32	static
tasks.c:3777:21:prvListTasksWithinSingleList	48	static
tasks.c:3810:32:prvTaskCheckFreeStackSpace	24	static
tasks.c:3898:14:prvDeleteTCB	16	static
tasks.c:3952:13:prvResetNextTaskUnblockTime	16	static
tasks.c:3978:15:xTaskGetCurrentTaskHandle	16	static
tasks.c:3995:13:xTaskGetSchedulerState	16	static
tasks.c:4023:13:xTaskPriorityInherit	24	static
tasks.c:4110:13:xTaskPriorityDisinherit	32	static,ignoring_inline_asm
tasks.c:4190:7:vTaskPriorityDisinheritAfterTimeout	40	static,ignoring_inline_asm
tasks.c:4605:12:uxTaskResetEventItemValue	16	static
tasks.c:4621:15:pvTaskIncrementMutexHeldCount	4	static
tasks.c:4638:11:ulTaskNotifyTake	24	static,ignoring_inline_asm
tasks.c:4706:13:xTaskNotifyWait	32	static,ignoring_inline_asm
tasks.c:4786:13:xTaskGenericNotify	48	static,ignoring_inline_asm
tasks.c:4900:13:xTaskGenericNotifyFromISR	64	static,ignoring_inline_asm
tasks.c:5029:7:vTaskNotifyGiveFromISR	48	static,ignoring_inline_asm
tasks.c:5116:13:xTaskNotifyStateClear	24	static
tasks.c:5153:13:prvAddCurrentTaskToDelayedList	24	static
