main.c:101:6:SD_RdWrTest	16	static
main.c:122:5:main	80	static
main.c:201:6:SystemClock_Config	104	static
main.c:253:13:MX_I2C1_Init	8	static
main.c:287:13:MX_I2S3_Init	8	static
main.c:321:6:MX_SPI1_Init	8	static
main.c:359:13:MX_USART2_UART_Init	8	static
main.c:390:13:MX_DMA_Init	16	static
main.c:408:13:MX_GPIO_Init	56	static
main.c:512:6:Task3	72	static
main.c:533:6:HAL_GPIO_EXTI_Callback	72	static
main.c:573:6:HAL_TIM_PeriodElapsedCallback	16	static
main.c:590:6:Error_Handler	4	static,ignoring_inline_asm
