20:09:18 **** Incremental Build of configuration Debug for project lab4 ****
make -j4 all 
arm-none-eabi-gcc "../FreeRTOS/portable/MemMang/heap_2.c" -mcpu=cortex-m4 -std=gnu11 -g3 -DDEBUG -DUSE_HAL_DRIVER -DSTM32F407xx -c -I../Core/Inc -I../Drivers/STM32F4xx_HAL_Driver/Inc -I../Drivers/STM32F4xx_HAL_Driver/Inc/Legacy -I../Drivers/CMSIS/Device/ST/STM32F4xx/Include -I../Drivers/CMSIS/Include -I"C:/Users/tcfsh/STM32CubeIDE/workspace_1.8.0/lab4/FreeRTOS/include" -I"C:/Users/tcfsh/STM32CubeIDE/workspace_1.8.0/lab4/FreeRTOS/portable/ARM_CM4F" -O0 -ffunction-sections -fdata-sections -Wall -fstack-usage -MMD -MP -MF"FreeRTOS/portable/MemMang/heap_2.d" -MT"FreeRTOS/portable/MemMang/heap_2.o" --specs=nano.specs -mfpu=fpv4-sp-d16 -mfloat-abi=hard -mthumb -o "FreeRTOS/portable/MemMang/heap_2.o"
../FreeRTOS/portable/MemMang/heap_2.c: In function 'vPrintFreeList':
../FreeRTOS/portable/MemMang/heap_2.c:336:25: warning: unused variable 'pxNewBlockLink' [-Wunused-variable]
  336 |  BlockLink_t *pxBlock, *pxNewBlockLink;
      |                         ^~~~~~~~~~~~~~
arm-none-eabi-gcc -o "lab4.elf" @"objects.list"   -mcpu=cortex-m4 -T"C:\Users\tcfsh\STM32CubeIDE\workspace_1.8.0\lab4\STM32F407VGTX_FLASH.ld" --specs=nosys.specs -Wl,-Map="lab4.map" -Wl,--gc-sections -static --specs=nano.specs -mfpu=fpv4-sp-d16 -mfloat-abi=hard -mthumb -Wl,--start-group -lc -lm -Wl,--end-group
Finished building target: lab4.elf
 
arm-none-eabi-size   lab4.elf 
arm-none-eabi-objdump -h -S  lab4.elf  > "lab4.list"
arm-none-eabi-objcopy  -O binary  lab4.elf  "lab4.bin"
   text	   data	    bss	    dec	    hex	filename
  18224	    128	   7144	  25496	   6398	lab4.elf
Finished building: default.size.stdout
 
Finished building: lab4.bin
 
Finished building: lab4.list
 

20:09:19 Build Finished. 0 errors, 1 warnings. (took 1s.519ms)

